../Core/Src/main.c:95:5:main	24	static
../Core/Src/main.c:170:6:SystemClock_Config	88	static
../Core/Src/main.c:216:13:MX_ADC1_Init	24	static
../Core/Src/main.c:268:13:MX_I2C1_Init	8	static
../Core/Src/main.c:302:13:MX_I2C2_Init	8	static
../Core/Src/main.c:336:13:MX_USART1_UART_Init	8	static
../Core/Src/main.c:369:13:MX_GPIO_Init	48	static
../Core/Src/main.c:396:6:HAL_ADC_ConvCpltCallback	16	static
../Core/Src/main.c:401:6:sendChar	16	static
../Core/Src/main.c:405:6:btSendString	16	static
../Core/Src/main.c:419:6:Error_Handler	4	static,ignoring_inline_asm
