../Core/Src/main.c:86:5:main	24	static
../Core/Src/main.c:157:6:SystemClock_Config	88	static
../Core/Src/main.c:203:13:MX_ADC1_Init	24	static
../Core/Src/main.c:255:13:MX_I2C1_Init	8	static
../Core/Src/main.c:289:13:MX_I2C2_Init	8	static
../Core/Src/main.c:323:13:MX_USART1_UART_Init	8	static
../Core/Src/main.c:356:13:MX_GPIO_Init	48	static
../Core/Src/main.c:383:6:HAL_ADC_ConvCpltCallback	16	static
../Core/Src/main.c:388:6:sendChar	16	static
../Core/Src/main.c:392:6:btSendString	16	static
../Core/Src/main.c:406:6:Error_Handler	4	static,ignoring_inline_asm
