../Core/Src/main.c:88:5:main	8	static
../Core/Src/main.c:160:6:SystemClock_Config	88	static
../Core/Src/main.c:206:13:MX_ADC1_Init	24	static
../Core/Src/main.c:258:13:MX_I2C2_Init	8	static
../Core/Src/main.c:292:13:MX_TIM3_Init	64	static
../Core/Src/main.c:351:13:MX_GPIO_Init	48	static
../Core/Src/main.c:378:6:freqGen	40	static
../Core/Src/main.c:416:6:HAL_TIM_PWM_PulseFinishedCallback	16	static
../Core/Src/main.c:426:6:HAL_I2C_MasterTxCpltCallback	16	static
../Core/Src/main.c:432:6:HAL_ADC_ConvCpltCallback	16	static
../Core/Src/main.c:448:6:Error_Handler	4	static,ignoring_inline_asm
