../Core/Src/main.c:89:5:main	16	static
../Core/Src/main.c:180:6:SystemClock_Config	88	static
../Core/Src/main.c:226:13:MX_I2C1_Init	8	static
../Core/Src/main.c:260:13:MX_TIM1_Init	96	static
../Core/Src/main.c:346:13:MX_USART1_UART_Init	8	static
../Core/Src/main.c:379:13:MX_GPIO_Init	48	static
../Core/Src/main.c:416:6:HAL_TIM_OC_DelayElapsedCallback	16	static
../Core/Src/main.c:431:6:sendATCommand	5016	static
../Core/Src/main.c:445:6:USART_SendChar	16	static
../Core/Src/main.c:450:6:USART_ReceiveChar	16	static
../Core/Src/main.c:464:6:Error_Handler	4	static,ignoring_inline_asm
