../Core/Src/main.c:88:5:main	16	static
../Core/Src/main.c:175:6:SystemClock_Config	88	static
../Core/Src/main.c:221:13:MX_I2C1_Init	8	static
../Core/Src/main.c:255:13:MX_TIM1_Init	96	static
../Core/Src/main.c:341:13:MX_USART1_UART_Init	8	static
../Core/Src/main.c:374:13:MX_GPIO_Init	48	static
../Core/Src/main.c:411:6:HAL_TIM_OC_DelayElapsedCallback	16	static
../Core/Src/main.c:426:6:sendATCommand	5016	static
../Core/Src/main.c:440:6:USART_SendChar	16	static
../Core/Src/main.c:445:6:USART_ReceiveChar	16	static
../Core/Src/main.c:459:6:Error_Handler	4	static,ignoring_inline_asm
