../Core/Src/main.c:96:5:main	16	static
../Core/Src/main.c:200:6:SystemClock_Config	88	static
../Core/Src/main.c:243:13:MX_ADC1_Init	8	static
../Core/Src/main.c:281:13:MX_I2C1_Init	8	static
../Core/Src/main.c:313:13:MX_TIM2_Init	80	static
../Core/Src/main.c:377:13:MX_DMA_Init	16	static
../Core/Src/main.c:394:13:MX_GPIO_Init	48	static
../Core/Src/main.c:427:6:avgDiff	16	static
../Core/Src/main.c:464:6:seqLevels	16	static
../Core/Src/main.c:502:6:HAL_ADC_ConvCpltCallback	16	static
../Core/Src/main.c:513:6:Error_Handler	4	static,ignoring_inline_asm
