../Core/Src/main.c:89:5:main	16	static
../Core/Src/main.c:195:6:SystemClock_Config	88	static
../Core/Src/main.c:241:13:MX_ADC1_Init	24	static
../Core/Src/main.c:293:13:MX_I2C1_Init	8	static
../Core/Src/main.c:327:13:MX_TIM2_Init	80	static
../Core/Src/main.c:397:13:MX_DMA_Init	16	static
../Core/Src/main.c:415:13:MX_GPIO_Init	48	static
../Core/Src/main.c:459:6:avgDiff	16	static
../Core/Src/main.c:496:6:seqLevels	16	static
../Core/Src/main.c:534:6:HAL_ADC_ConvCpltCallback	16	static
../Core/Src/main.c:545:6:Error_Handler	4	static,ignoring_inline_asm
