../Core/Src/main.c:76:5:main	8	static
../Core/Src/main.c:126:6:SystemClock_Config	88	static
../Core/Src/main.c:173:13:MX_ADC1_Init	24	static
../Core/Src/main.c:225:13:MX_I2C2_Init	8	static
../Core/Src/main.c:259:13:MX_TIM3_Init	64	static
../Core/Src/main.c:318:13:MX_GPIO_Init	48	static
../Core/Src/main.c:346:6:sendToI2C	16	static
../Core/Src/main.c:352:6:HAL_I2C_MasterTxCpltCallback	16	static
../Core/Src/main.c:358:6:HAL_ADC_ConvCpltCallback	16	static
../Core/Src/main.c:366:6:genFreq	32	static
../Core/Src/main.c:396:6:Error_Handler	4	static,ignoring_inline_asm
