../Core/Src/main.c:77:5:main	16	static
../Core/Src/main.c:136:6:SystemClock_Config	88	static
../Core/Src/main.c:183:13:MX_ADC1_Init	24	static
../Core/Src/main.c:235:13:MX_I2C2_Init	8	static
../Core/Src/main.c:269:13:MX_TIM3_Init	64	static
../Core/Src/main.c:328:13:MX_GPIO_Init	48	static
../Core/Src/main.c:356:6:sendToI2C	16	static
../Core/Src/main.c:362:6:HAL_I2C_MasterTxCpltCallback	16	static
../Core/Src/main.c:368:6:HAL_ADC_ConvCpltCallback	16	static
../Core/Src/main.c:378:6:genFreq	32	static
../Core/Src/main.c:409:6:Error_Handler	4	static,ignoring_inline_asm
