../Core/Src/main.c:171:5:main	8	static
../Core/Src/main.c:253:6:SystemClock_Config	88	static
../Core/Src/main.c:300:13:MX_I2C1_Init	8	static
../Core/Src/main.c:334:13:MX_RTC_Init	32	static
../Core/Src/main.c:404:13:MX_GPIO_Init	24	static
../Core/Src/main.c:421:6:create_custome_set_of_glyphs	16	static
../Core/Src/main.c:430:6:create_custom_char	32	static
../Core/Src/main.c:471:6:display_custom_char	16	static
../Core/Src/main.c:504:5:writeBigChar	16	static
../Core/Src/main.c:526:6:writeBigString	24	static
../Core/Src/main.c:550:6:setTime	40	static
../Core/Src/main.c:565:6:updateTime	40	static
../Core/Src/main.c:579:13:Get_WeekDay_String	16	static
../Core/Src/main.c:600:6:setDate	32	static
../Core/Src/main.c:613:6:updateDate	24	static
../Core/Src/main.c:626:6:HAL_RTCEx_WakeUpTimerEventCallback	16	static
../Core/Src/main.c:640:6:Error_Handler	4	static,ignoring_inline_asm
