../Core/Src/main.c:86:5:main	8	static
../Core/Src/main.c:174:6:SystemClock_Config	88	static
../Core/Src/main.c:220:13:MX_USART2_UART_Init	8	static
../Core/Src/main.c:257:13:MX_GPIO_Init	16	static
../Core/Src/main.c:271:6:HAL_UART_RxCpltCallback	24	static
../Core/Src/main.c:304:6:USART2_Transmit	16	static
../Core/Src/main.c:308:6:sendATCommand	10016	static
../Core/Src/main.c:322:6:USART_SendChar	16	static
../Core/Src/main.c:327:6:USART_ReceiveChar	16	static
../Core/Src/main.c:339:6:Error_Handler	4	static,ignoring_inline_asm
