22:14:17 **** Incremental Build of configuration Debug for project ADC_IT ****
make -j8 all 
arm-none-eabi-gcc "../Core/Src/main.c" -mcpu=cortex-m4 -std=gnu11 -g3 -DDEBUG -DUSE_HAL_DRIVER -DSTM32F411xE -c -I../Core/Inc -I../Drivers/STM32F4xx_HAL_Driver/Inc -I../Drivers/STM32F4xx_HAL_Driver/Inc/Legacy -I../Drivers/CMSIS/Device/ST/STM32F4xx/Include -I../Drivers/CMSIS/Include -O0 -ffunction-sections -fdata-sections -Wall -fstack-usage -fcyclomatic-complexity -MMD -MP -MF"Core/Src/main.d" -MT"Core/Src/main.o" --specs=nano.specs -mfpu=fpv4-sp-d16 -mfloat-abi=hard -mthumb -o "Core/Src/main.o"
arm-none-eabi-gcc -o "ADC_IT.elf" @"objects.list"   -mcpu=cortex-m4 -T"C:\Users\ACER\STM32CubeIDE\workspace_1.14.1\ADC_IT\STM32F411CEUX_FLASH.ld" --specs=nosys.specs -Wl,-Map="ADC_IT.map" -Wl,--gc-sections -static --specs=nano.specs -mfpu=fpv4-sp-d16 -mfloat-abi=hard -mthumb -u _printf_float -u _scanf_float -Wl,--start-group -lc -lm -Wl,--end-group
C:/ST/STM32CubeIDE_1.14.1/STM32CubeIDE/plugins/com.st.stm32cube.ide.mcu.externaltools.gnu-tools-for-stm32.12.3.rel1.win32_1.0.100.202403111256/tools/bin/../lib/gcc/arm-none-eabi/12.3.1/../../../../arm-none-eabi/bin/ld.exe: warning: ADC_IT.elf has a LOAD segment with RWX permissions
Finished building target: ADC_IT.elf
 
arm-none-eabi-size  ADC_IT.elf 
arm-none-eabi-objdump -h -S ADC_IT.elf  > "ADC_IT.list"
   text	   data	    bss	    dec	    hex	filename
  38404	    496	   2176	  41076	   a074	ADC_IT.elf
Finished building: default.size.stdout
 
Finished building: ADC_IT.list
 

22:14:18 Build Finished. 0 errors, 1 warnings. (took 1s.426ms)

