15:53:25 **** Incremental Build of configuration Debug for project BAUDRATEDETECTANDCHANGE ****
make -j4 all 
arm-none-eabi-gcc "../Core/Src/main.c" -mcpu=cortex-m4 -std=gnu11 -g3 -DDEBUG -DUSE_HAL_DRIVER -DSTM32F411xE -c -I../Core/Inc -I../Drivers/STM32F4xx_HAL_Driver/Inc -I../Drivers/STM32F4xx_HAL_Driver/Inc/Legacy -I../Drivers/CMSIS/Device/ST/STM32F4xx/Include -I../Drivers/CMSIS/Include -I../USB_DEVICE/App -I../USB_DEVICE/Target -I../Middlewares/ST/STM32_USB_Device_Library/Core/Inc -I../Middlewares/ST/STM32_USB_Device_Library/Class/CDC/Inc -O0 -ffunction-sections -fdata-sections -Wall -fstack-usage -fcyclomatic-complexity -MMD -MP -MF"Core/Src/main.d" -MT"Core/Src/main.o" --specs=nano.specs -mfpu=fpv4-sp-d16 -mfloat-abi=hard -mthumb -o "Core/Src/main.o"
../Core/Src/main.c: In function 'main':
../Core/Src/main.c:120:17: warning: implicit declaration of function 'CDC_Transmit_FS' [-Wimplicit-function-declaration]
  120 |                 CDC_Transmit_FS(bufferUSB, strlen(bufferUSB));
      |                 ^~~~~~~~~~~~~~~
../Core/Src/main.c: In function 'testBaudRate':
../Core/Src/main.c:281:57: warning: format '%lu' expects argument of type 'long unsigned int', but argument 3 has type 'int' [-Wformat=]
  281 |                 sprintf(bufferUSB, "Desired Baudrate: %lu\r\nCurrent Baudrate: %lu\r\n", DESIRED_BAUDRATE, bRate);
      |                                                       ~~^
      |                                                         |
      |                                                         long unsigned int
      |                                                       %u
../Core/Src/main.c: In function 'changeBaudRate':
../Core/Src/main.c:306:62: warning: 'sprintf' writing a terminating nul past the end of the destination [-Wformat-overflow=]
  306 |                         sprintf(baudRateString, "AT+BAUD5\r\n");
      |                                                              ^
../Core/Src/main.c:306:25: note: 'sprintf' output 11 bytes into a destination of size 10
  306 |                         sprintf(baudRateString, "AT+BAUD5\r\n");
      |                         ^~~~~~~~~~~~~~~~~~~~~~~~~~~~~~~~~~~~~~~
arm-none-eabi-gcc -o "BAUDRATEDETECTANDCHANGE.elf" @"objects.list"   -mcpu=cortex-m4 -T"C:\Users\fariaslcfs\STM32CubeIDE\workspace_1.14.1\BAUDRATEDETECTANDCHANGE\STM32F411CEUX_FLASH.ld" --specs=nosys.specs -Wl,-Map="BAUDRATEDETECTANDCHANGE.map" -Wl,--gc-sections -static --specs=nano.specs -mfpu=fpv4-sp-d16 -mfloat-abi=hard -mthumb -Wl,--start-group -lc -lm -Wl,--end-group
Finished building target: BAUDRATEDETECTANDCHANGE.elf
 
arm-none-eabi-size  BAUDRATEDETECTANDCHANGE.elf 
arm-none-eabi-objdump -h -S BAUDRATEDETECTANDCHANGE.elf  > "BAUDRATEDETECTANDCHANGE.list"
   text	   data	    bss	    dec	    hex	filename
  34032	    372	   9332	  43736	   aad8	BAUDRATEDETECTANDCHANGE.elf
Finished building: default.size.stdout
 
Finished building: BAUDRATEDETECTANDCHANGE.list
 

15:53:28 Build Finished. 0 errors, 3 warnings. (took 2s.631ms)

