22:04:22 **** Incremental Build of configuration Debug for project BLE_CC2541 ****
make -j8 all 
arm-none-eabi-gcc "../Core/Src/main.c" -mcpu=cortex-m4 -std=gnu11 -g3 -DDEBUG -DUSE_HAL_DRIVER -DSTM32F411xE -c -I../Core/Inc -I../Drivers/STM32F4xx_HAL_Driver/Inc -I../Drivers/STM32F4xx_HAL_Driver/Inc/Legacy -I../Drivers/CMSIS/Device/ST/STM32F4xx/Include -I../Drivers/CMSIS/Include -I../USB_DEVICE/App -I../USB_DEVICE/Target -I../Middlewares/ST/STM32_USB_Device_Library/Core/Inc -I../Middlewares/ST/STM32_USB_Device_Library/Class/CDC/Inc -O0 -ffunction-sections -fdata-sections -Wall -fstack-usage -fcyclomatic-complexity -MMD -MP -MF"Core/Src/main.d" -MT"Core/Src/main.o" --specs=nano.specs -mfpu=fpv4-sp-d16 -mfloat-abi=hard -mthumb -o "Core/Src/main.o"
../Core/Src/main.c: In function 'sendATCommand':
../Core/Src/main.c:227:36: warning: pointer targets in passing argument 2 of 'HAL_UART_Transmit' differ in signedness [-Wpointer-sign]
  227 |         HAL_UART_Transmit(&huart2, command, strlen(command), timeOut);
      |                                    ^~~~~~~
      |                                    |
      |                                    const char *
In file included from ../Core/Inc/stm32f4xx_hal_conf.h:411,
                 from ../Drivers/STM32F4xx_HAL_Driver/Inc/stm32f4xx_hal.h:29,
                 from ../Core/Inc/main.h:30,
                 from ../Core/Src/main.c:20:
../Drivers/STM32F4xx_HAL_Driver/Inc/stm32f4xx_hal_uart.h:745:79: note: expected 'const uint8_t *' {aka 'const unsigned char *'} but argument is of type 'const char *'
  745 | HAL_StatusTypeDef HAL_UART_Transmit(UART_HandleTypeDef *huart, const uint8_t *pData, uint16_t Size, uint32_t Timeout);
      |                                                                ~~~~~~~~~~~~~~~^~~~~
../Core/Src/main.c:229:25: warning: passing argument 1 of 'CDC_Transmit_FS' discards 'const' qualifier from pointer target type [-Wdiscarded-qualifiers]
  229 |         CDC_Transmit_FS(command, strlen(command));
      |                         ^~~~~~~
../Core/Src/main.c:58:41: note: expected 'uint8_t *' {aka 'unsigned char *'} but argument is of type 'const char *'
   58 | extern uint8_t CDC_Transmit_FS(uint8_t *Buf, uint16_t Len);
      |                                ~~~~~~~~~^~~
../Core/Src/main.c:232:35: warning: pointer targets in passing argument 2 of 'HAL_UART_Receive' differ in signedness [-Wpointer-sign]
  232 |         HAL_UART_Receive(&huart2, response, RESPONSE_BUFFER_SIZE, timeOut); // 5000 ms timeout
      |                                   ^~~~~~~~
      |                                   |
      |                                   char *
../Drivers/STM32F4xx_HAL_Driver/Inc/stm32f4xx_hal_uart.h:746:72: note: expected 'uint8_t *' {aka 'unsigned char *'} but argument is of type 'char *'
  746 | HAL_StatusTypeDef HAL_UART_Receive(UART_HandleTypeDef *huart, uint8_t *pData, uint16_t Size, uint32_t Timeout);
      |                                                               ~~~~~~~~~^~~~~
../Core/Src/main.c:234:25: warning: pointer targets in passing argument 1 of 'CDC_Transmit_FS' differ in signedness [-Wpointer-sign]
  234 |         CDC_Transmit_FS(response, strlen(response));
      |                         ^~~~~~~~
      |                         |
      |                         char *
../Core/Src/main.c:58:41: note: expected 'uint8_t *' {aka 'unsigned char *'} but argument is of type 'char *'
   58 | extern uint8_t CDC_Transmit_FS(uint8_t *Buf, uint16_t Len);
      |                                ~~~~~~~~~^~~
arm-none-eabi-gcc -o "BLE_CC2541.elf" @"objects.list"   -mcpu=cortex-m4 -T"C:\Users\ACER\STM32CubeIDE\workspace_1.14.1\BLE_CC2541\STM32F411CEUX_FLASH.ld" --specs=nosys.specs -Wl,-Map="BLE_CC2541.map" -Wl,--gc-sections -static --specs=nano.specs -mfpu=fpv4-sp-d16 -mfloat-abi=hard -mthumb -Wl,--start-group -lc -lm -Wl,--end-group
Finished building target: BLE_CC2541.elf
 
arm-none-eabi-size  BLE_CC2541.elf 
arm-none-eabi-objdump -h -S BLE_CC2541.elf  > "BLE_CC2541.list"
   text	   data	    bss	    dec	    hex	filename
  32924	    252	   8780	  41956	   a3e4	BLE_CC2541.elf
Finished building: default.size.stdout
 
Finished building: BLE_CC2541.list
 

22:04:24 Build Finished. 0 errors, 4 warnings. (took 1s.512ms)

