16:31:38 **** Incremental Build of configuration Debug for project EXERCICIO_AULA6 ****
make -j4 all 
arm-none-eabi-gcc "../Core/Src/main.c" -mcpu=cortex-m4 -std=gnu11 -g3 -DDEBUG -DUSE_HAL_DRIVER -DSTM32F411xE -c -I../Core/Inc -I../Drivers/STM32F4xx_HAL_Driver/Inc -I../Drivers/STM32F4xx_HAL_Driver/Inc/Legacy -I../Drivers/CMSIS/Device/ST/STM32F4xx/Include -I../Drivers/CMSIS/Include -I../USB_DEVICE/App -I../USB_DEVICE/Target -I../Middlewares/ST/STM32_USB_Device_Library/Core/Inc -I../Middlewares/ST/STM32_USB_Device_Library/Class/CDC/Inc -O0 -ffunction-sections -fdata-sections -Wall -fstack-usage -fcyclomatic-complexity -MMD -MP -MF"Core/Src/main.d" -MT"Core/Src/main.o" --specs=nano.specs -mfpu=fpv4-sp-d16 -mfloat-abi=hard -mthumb -o "Core/Src/main.o"
../Core/Src/main.c: In function 'main':
../Core/Src/main.c:162:52: warning: pointer targets in passing argument 2 of 'HAL_UART_Transmit' differ in signedness [-Wpointer-sign]
  162 |                         HAL_UART_Transmit(&huart1, buffer, strlen(buffer), 100);
      |                                                    ^~~~~~
      |                                                    |
      |                                                    char *
In file included from ../Core/Inc/stm32f4xx_hal_conf.h:411,
                 from ../Drivers/STM32F4xx_HAL_Driver/Inc/stm32f4xx_hal.h:29,
                 from ../Core/Inc/main.h:30,
                 from ../Core/Src/main.c:20:
../Drivers/STM32F4xx_HAL_Driver/Inc/stm32f4xx_hal_uart.h:745:79: note: expected 'const uint8_t *' {aka 'const unsigned char *'} but argument is of type 'char *'
  745 | HAL_StatusTypeDef HAL_UART_Transmit(UART_HandleTypeDef *huart, const uint8_t *pData, uint16_t Size, uint32_t Timeout);
      |                                                                ~~~~~~~~~~~~~~~^~~~~
../Core/Src/main.c: In function 'sendATCommand':
../Core/Src/main.c:431:36: warning: pointer targets in passing argument 2 of 'HAL_UART_Transmit' differ in signedness [-Wpointer-sign]
  431 |         HAL_UART_Transmit(&huart1, command, strlen(command), timeOut);
      |                                    ^~~~~~~
      |                                    |
      |                                    const char *
../Drivers/STM32F4xx_HAL_Driver/Inc/stm32f4xx_hal_uart.h:745:79: note: expected 'const uint8_t *' {aka 'const unsigned char *'} but argument is of type 'const char *'
  745 | HAL_StatusTypeDef HAL_UART_Transmit(UART_HandleTypeDef *huart, const uint8_t *pData, uint16_t Size, uint32_t Timeout);
      |                                                                ~~~~~~~~~~~~~~~^~~~~
../Core/Src/main.c:432:25: warning: passing argument 1 of 'CDC_Transmit_FS' discards 'const' qualifier from pointer target type [-Wdiscarded-qualifiers]
  432 |         CDC_Transmit_FS(command, strlen(command)); // Pra ver tb na serial
      |                         ^~~~~~~
../Core/Src/main.c:67:41: note: expected 'uint8_t *' {aka 'unsigned char *'} but argument is of type 'const char *'
   67 | extern uint8_t CDC_Transmit_FS(uint8_t *Buf, uint16_t Len);
      |                                ~~~~~~~~~^~~
../Core/Src/main.c:435:35: warning: pointer targets in passing argument 2 of 'HAL_UART_Receive' differ in signedness [-Wpointer-sign]
  435 |         HAL_UART_Receive(&huart1, response, RESPONSE_BUFFER_SIZE, timeOut);
      |                                   ^~~~~~~~
      |                                   |
      |                                   char *
../Drivers/STM32F4xx_HAL_Driver/Inc/stm32f4xx_hal_uart.h:746:72: note: expected 'uint8_t *' {aka 'unsigned char *'} but argument is of type 'char *'
  746 | HAL_StatusTypeDef HAL_UART_Receive(UART_HandleTypeDef *huart, uint8_t *pData, uint16_t Size, uint32_t Timeout);
      |                                                               ~~~~~~~~~^~~~~
../Core/Src/main.c:436:25: warning: pointer targets in passing argument 1 of 'CDC_Transmit_FS' differ in signedness [-Wpointer-sign]
  436 |         CDC_Transmit_FS(response, strlen(response)); // Pra ver tb na serial
      |                         ^~~~~~~~
      |                         |
      |                         char *
../Core/Src/main.c:67:41: note: expected 'uint8_t *' {aka 'unsigned char *'} but argument is of type 'char *'
   67 | extern uint8_t CDC_Transmit_FS(uint8_t *Buf, uint16_t Len);
      |                                ~~~~~~~~~^~~
arm-none-eabi-gcc -o "EXERCICIO_AULA6.elf" @"objects.list"   -mcpu=cortex-m4 -T"C:\Users\fariaslcfs\STM32CubeIDE\workspace_1.14.1\EXERCICIO_AULA6\STM32F411CEUX_FLASH.ld" --specs=nosys.specs -Wl,-Map="EXERCICIO_AULA6.map" -Wl,--gc-sections -static --specs=nano.specs -mfpu=fpv4-sp-d16 -mfloat-abi=hard -mthumb -u _printf_float -u _scanf_float -Wl,--start-group -lc -lm -Wl,--end-group
Finished building target: EXERCICIO_AULA6.elf
 
arm-none-eabi-size  EXERCICIO_AULA6.elf 
arm-none-eabi-objdump -h -S EXERCICIO_AULA6.elf  > "EXERCICIO_AULA6.list"
   text	   data	    bss	    dec	    hex	filename
  59276	    708	   9348	  69332	  10ed4	EXERCICIO_AULA6.elf
Finished building: default.size.stdout
 
Finished building: EXERCICIO_AULA6.list
 

16:31:40 Build Finished. 0 errors, 5 warnings. (took 1s.600ms)

