23:46:44 **** Incremental Build of configuration Debug for project AULA_8 ****
make -j8 all 
arm-none-eabi-gcc "../Core/Src/main.c" -mcpu=cortex-m4 -std=gnu11 -g3 -DDEBUG -DUSE_HAL_DRIVER -DSTM32F411xE -c -I../Core/Inc -I../Drivers/STM32F4xx_HAL_Driver/Inc -I../Drivers/STM32F4xx_HAL_Driver/Inc/Legacy -I../Drivers/CMSIS/Device/ST/STM32F4xx/Include -I../Drivers/CMSIS/Include -O0 -ffunction-sections -fdata-sections -Wall -fstack-usage -fcyclomatic-complexity -MMD -MP -MF"Core/Src/main.d" -MT"Core/Src/main.o" --specs=nano.specs -mfpu=fpv4-sp-d16 -mfloat-abi=hard -mthumb -o "Core/Src/main.o"
../Core/Src/main.c: In function 'printLCD':
../Core/Src/main.c:416:9: warning: implicit declaration of function 'sprintf' [-Wimplicit-function-declaration]
  416 |         sprintf(bufferValue, "%.2f", l1avg);
      |         ^~~~~~~
../Core/Src/main.c:21:1: note: include '<stdio.h>' or provide a declaration of 'sprintf'
   20 | #include "main.h"
  +++ |+#include <stdio.h>
   21 | 
../Core/Src/main.c:416:9: warning: incompatible implicit declaration of built-in function 'sprintf' [-Wbuiltin-declaration-mismatch]
  416 |         sprintf(bufferValue, "%.2f", l1avg);
      |         ^~~~~~~
../Core/Src/main.c:416:9: note: include '<stdio.h>' or provide a declaration of 'sprintf'
../Core/Src/main.c: In function 'HAL_ADC_ConvCpltCallback':
../Core/Src/main.c:453:27: warning: implicit declaration of function 'fabs' [-Wimplicit-function-declaration]
  453 |                 avgDiff = fabs(l1avg - l2avg);
      |                           ^~~~
../Core/Src/main.c:21:1: note: include '<math.h>' or provide a declaration of 'fabs'
   20 | #include "main.h"
  +++ |+#include <math.h>
   21 | 
../Core/Src/main.c:453:27: warning: incompatible implicit declaration of built-in function 'fabs' [-Wbuiltin-declaration-mismatch]
  453 |                 avgDiff = fabs(l1avg - l2avg);
      |                           ^~~~
../Core/Src/main.c:453:27: note: include '<math.h>' or provide a declaration of 'fabs'
arm-none-eabi-gcc -o "AULA_8.elf" @"objects.list"   -mcpu=cortex-m4 -T"C:\Users\ACER\STM32CubeIDE\workspace_1.14.1\AULA_8\STM32F411CEUX_FLASH.ld" --specs=nosys.specs -Wl,-Map="AULA_8.map" -Wl,--gc-sections -static --specs=nano.specs -mfpu=fpv4-sp-d16 -mfloat-abi=hard -mthumb -u _printf_float -u _scanf_float -Wl,--start-group -lc -lm -Wl,--end-group
Finished building target: AULA_8.elf
 
arm-none-eabi-size  AULA_8.elf 
arm-none-eabi-objdump -h -S AULA_8.elf  > "AULA_8.list"
   text	   data	    bss	    dec	    hex	filename
  45508	    488	   2376	  48372	   bcf4	AULA_8.elf
Finished building: default.size.stdout
 
Finished building: AULA_8.list
 
23:46:57 **** Incremental Build of configuration Debug for project AULA_8 ****
make -j8 all 
arm-none-eabi-size  AULA_8.elf 
   text	   data	    bss	    dec	    hex	filename
  45508	    488	   2376	  48372	   bcf4	AULA_8.elf
Finished building: default.size.stdout
 
23:47:46 **** Incremental Build of configuration Debug for project AULA_8 ****
make -j8 all 
arm-none-eabi-gcc "../Core/Src/main.c" -mcpu=cortex-m4 -std=gnu11 -g3 -DDEBUG -DUSE_HAL_DRIVER -DSTM32F411xE -c -I../Core/Inc -I../Drivers/STM32F4xx_HAL_Driver/Inc -I../Drivers/STM32F4xx_HAL_Driver/Inc/Legacy -I../Drivers/CMSIS/Device/ST/STM32F4xx/Include -I../Drivers/CMSIS/Include -O0 -ffunction-sections -fdata-sections -Wall -fstack-usage -fcyclomatic-complexity -MMD -MP -MF"Core/Src/main.d" -MT"Core/Src/main.o" --specs=nano.specs -mfpu=fpv4-sp-d16 -mfloat-abi=hard -mthumb -o "Core/Src/main.o"
../Core/Src/main.c: In function 'printLCD':
../Core/Src/main.c:416:9: warning: implicit declaration of function 'sprintf' [-Wimplicit-function-declaration]
  416 |         sprintf(bufferValue, "%.2f", l1avg);
      |         ^~~~~~~
../Core/Src/main.c:21:1: note: include '<stdio.h>' or provide a declaration of 'sprintf'
   20 | #include "main.h"
  +++ |+#include <stdio.h>
   21 | 
../Core/Src/main.c:416:9: warning: incompatible implicit declaration of built-in function 'sprintf' [-Wbuiltin-declaration-mismatch]
  416 |         sprintf(bufferValue, "%.2f", l1avg);
      |         ^~~~~~~
../Core/Src/main.c:416:9: note: include '<stdio.h>' or provide a declaration of 'sprintf'
../Core/Src/main.c: In function 'HAL_ADC_ConvCpltCallback':
../Core/Src/main.c:459:27: warning: implicit declaration of function 'fabs' [-Wimplicit-function-declaration]
  459 |                 avgDiff = fabs(l1avg - l2avg);
      |                           ^~~~
../Core/Src/main.c:21:1: note: include '<math.h>' or provide a declaration of 'fabs'
   20 | #include "main.h"
  +++ |+#include <math.h>
   21 | 
../Core/Src/main.c:459:27: warning: incompatible implicit declaration of built-in function 'fabs' [-Wbuiltin-declaration-mismatch]
  459 |                 avgDiff = fabs(l1avg - l2avg);
      |                           ^~~~
../Core/Src/main.c:459:27: note: include '<math.h>' or provide a declaration of 'fabs'
arm-none-eabi-gcc -o "AULA_8.elf" @"objects.list"   -mcpu=cortex-m4 -T"C:\Users\ACER\STM32CubeIDE\workspace_1.14.1\AULA_8\STM32F411CEUX_FLASH.ld" --specs=nosys.specs -Wl,-Map="AULA_8.map" -Wl,--gc-sections -static --specs=nano.specs -mfpu=fpv4-sp-d16 -mfloat-abi=hard -mthumb -u _printf_float -u _scanf_float -Wl,--start-group -lc -lm -Wl,--end-group
Finished building target: AULA_8.elf
 
arm-none-eabi-size  AULA_8.elf 
arm-none-eabi-objdump -h -S AULA_8.elf  > "AULA_8.list"
   text	   data	    bss	    dec	    hex	filename
  45540	    488	   2376	  48404	   bd14	AULA_8.elf
Finished building: default.size.stdout
 
Finished building: AULA_8.list
 
23:51:01 **** Incremental Build of configuration Debug for project AULA_8 ****
make -j8 all 
arm-none-eabi-size  AULA_8.elf 
   text	   data	    bss	    dec	    hex	filename
  45540	    488	   2376	  48404	   bd14	AULA_8.elf
Finished building: default.size.stdout
 
23:51:51 **** Incremental Build of configuration Debug for project AULA_8 ****
make -j8 all 
arm-none-eabi-size  AULA_8.elf 
   text	   data	    bss	    dec	    hex	filename
  45540	    488	   2376	  48404	   bd14	AULA_8.elf
Finished building: default.size.stdout
 
23:57:43 **** Incremental Build of configuration Debug for project AULA_8 ****
make -j8 all 
arm-none-eabi-gcc "../Core/Src/stm32f4xx_hal_msp.c" -mcpu=cortex-m4 -std=gnu11 -g3 -DDEBUG -DUSE_HAL_DRIVER -DSTM32F411xE -c -I../Core/Inc -I../Drivers/STM32F4xx_HAL_Driver/Inc -I../Drivers/STM32F4xx_HAL_Driver/Inc/Legacy -I../Drivers/CMSIS/Device/ST/STM32F4xx/Include -I../Drivers/CMSIS/Include -O0 -ffunction-sections -fdata-sections -Wall -fstack-usage -fcyclomatic-complexity -MMD -MP -MF"Core/Src/stm32f4xx_hal_msp.d" -MT"Core/Src/stm32f4xx_hal_msp.o" --specs=nano.specs -mfpu=fpv4-sp-d16 -mfloat-abi=hard -mthumb -o "Core/Src/stm32f4xx_hal_msp.o"
arm-none-eabi-gcc "../Core/Src/stm32f4xx_it.c" -mcpu=cortex-m4 -std=gnu11 -g3 -DDEBUG -DUSE_HAL_DRIVER -DSTM32F411xE -c -I../Core/Inc -I../Drivers/STM32F4xx_HAL_Driver/Inc -I../Drivers/STM32F4xx_HAL_Driver/Inc/Legacy -I../Drivers/CMSIS/Device/ST/STM32F4xx/Include -I../Drivers/CMSIS/Include -O0 -ffunction-sections -fdata-sections -Wall -fstack-usage -fcyclomatic-complexity -MMD -MP -MF"Core/Src/stm32f4xx_it.d" -MT"Core/Src/stm32f4xx_it.o" --specs=nano.specs -mfpu=fpv4-sp-d16 -mfloat-abi=hard -mthumb -o "Core/Src/stm32f4xx_it.o"
arm-none-eabi-gcc -o "AULA_8.elf" @"objects.list"   -mcpu=cortex-m4 -T"C:\Users\ACER\STM32CubeIDE\workspace_1.14.1\AULA_8\STM32F411CEUX_FLASH.ld" --specs=nosys.specs -Wl,-Map="AULA_8.map" -Wl,--gc-sections -static --specs=nano.specs -mfpu=fpv4-sp-d16 -mfloat-abi=hard -mthumb -u _printf_float -u _scanf_float -Wl,--start-group -lc -lm -Wl,--end-group
Finished building target: AULA_8.elf
 
arm-none-eabi-size  AULA_8.elf 
arm-none-eabi-objdump -h -S AULA_8.elf  > "AULA_8.list"
   text	   data	    bss	    dec	    hex	filename
  46156	    488	   2376	  49020	   bf7c	AULA_8.elf
Finished building: default.size.stdout
 
Finished building: AULA_8.list
 
23:58:26 **** Incremental Build of configuration Debug for project AULA_8 ****
make -j8 all 
arm-none-eabi-size  AULA_8.elf 
   text	   data	    bss	    dec	    hex	filename
  46156	    488	   2376	  49020	   bf7c	AULA_8.elf
Finished building: default.size.stdout
 
00:01:35 **** Incremental Build of configuration Debug for project AULA_8 ****
make -j8 all 
arm-none-eabi-gcc "../Core/Src/main.c" -mcpu=cortex-m4 -std=gnu11 -g3 -DDEBUG -DUSE_HAL_DRIVER -DSTM32F411xE -c -I../Core/Inc -I../Drivers/STM32F4xx_HAL_Driver/Inc -I../Drivers/STM32F4xx_HAL_Driver/Inc/Legacy -I../Drivers/CMSIS/Device/ST/STM32F4xx/Include -I../Drivers/CMSIS/Include -O0 -ffunction-sections -fdata-sections -Wall -fstack-usage -fcyclomatic-complexity -MMD -MP -MF"Core/Src/main.d" -MT"Core/Src/main.o" --specs=nano.specs -mfpu=fpv4-sp-d16 -mfloat-abi=hard -mthumb -o "Core/Src/main.o"
../Core/Src/main.c: In function 'printLCD':
../Core/Src/main.c:416:9: warning: implicit declaration of function 'sprintf' [-Wimplicit-function-declaration]
  416 |         sprintf(bufferValue, "%.2f", l1avg);
      |         ^~~~~~~
../Core/Src/main.c:21:1: note: include '<stdio.h>' or provide a declaration of 'sprintf'
   20 | #include "main.h"
  +++ |+#include <stdio.h>
   21 | 
../Core/Src/main.c:416:9: warning: incompatible implicit declaration of built-in function 'sprintf' [-Wbuiltin-declaration-mismatch]
  416 |         sprintf(bufferValue, "%.2f", l1avg);
      |         ^~~~~~~
../Core/Src/main.c:416:9: note: include '<stdio.h>' or provide a declaration of 'sprintf'
../Core/Src/main.c: In function 'HAL_ADC_ConvCpltCallback':
../Core/Src/main.c:459:27: warning: implicit declaration of function 'fabs' [-Wimplicit-function-declaration]
  459 |                 avgDiff = fabs(l1avg - l2avg);
      |                           ^~~~
../Core/Src/main.c:21:1: note: include '<math.h>' or provide a declaration of 'fabs'
   20 | #include "main.h"
  +++ |+#include <math.h>
   21 | 
../Core/Src/main.c:459:27: warning: incompatible implicit declaration of built-in function 'fabs' [-Wbuiltin-declaration-mismatch]
  459 |                 avgDiff = fabs(l1avg - l2avg);
      |                           ^~~~
../Core/Src/main.c:459:27: note: include '<math.h>' or provide a declaration of 'fabs'
arm-none-eabi-gcc -o "AULA_8.elf" @"objects.list"   -mcpu=cortex-m4 -T"C:\Users\ACER\STM32CubeIDE\workspace_1.14.1\AULA_8\STM32F411CEUX_FLASH.ld" --specs=nosys.specs -Wl,-Map="AULA_8.map" -Wl,--gc-sections -static --specs=nano.specs -mfpu=fpv4-sp-d16 -mfloat-abi=hard -mthumb -u _printf_float -u _scanf_float -Wl,--start-group -lc -lm -Wl,--end-group
Finished building target: AULA_8.elf
 
arm-none-eabi-size  AULA_8.elf 
arm-none-eabi-objdump -h -S AULA_8.elf  > "AULA_8.list"
   text	   data	    bss	    dec	    hex	filename
  46156	    488	   2376	  49020	   bf7c	AULA_8.elf
Finished building: default.size.stdout
 
Finished building: AULA_8.list
 
00:01:53 **** Incremental Build of configuration Debug for project AULA_8 ****
make -j8 all 
arm-none-eabi-size  AULA_8.elf 
   text	   data	    bss	    dec	    hex	filename
  46156	    488	   2376	  49020	   bf7c	AULA_8.elf
Finished building: default.size.stdout
 
00:04:26 **** Incremental Build of configuration Debug for project AULA_8 ****
make -j8 all 
arm-none-eabi-gcc "../Core/Src/main.c" -mcpu=cortex-m4 -std=gnu11 -g3 -DDEBUG -DUSE_HAL_DRIVER -DSTM32F411xE -c -I../Core/Inc -I../Drivers/STM32F4xx_HAL_Driver/Inc -I../Drivers/STM32F4xx_HAL_Driver/Inc/Legacy -I../Drivers/CMSIS/Device/ST/STM32F4xx/Include -I../Drivers/CMSIS/Include -O0 -ffunction-sections -fdata-sections -Wall -fstack-usage -fcyclomatic-complexity -MMD -MP -MF"Core/Src/main.d" -MT"Core/Src/main.o" --specs=nano.specs -mfpu=fpv4-sp-d16 -mfloat-abi=hard -mthumb -o "Core/Src/main.o"
../Core/Src/main.c: In function 'printLCD':
../Core/Src/main.c:416:9: warning: implicit declaration of function 'sprintf' [-Wimplicit-function-declaration]
  416 |         sprintf(bufferValue, "%.2f", l1avg);
      |         ^~~~~~~
../Core/Src/main.c:21:1: note: include '<stdio.h>' or provide a declaration of 'sprintf'
   20 | #include "main.h"
  +++ |+#include <stdio.h>
   21 | 
../Core/Src/main.c:416:9: warning: incompatible implicit declaration of built-in function 'sprintf' [-Wbuiltin-declaration-mismatch]
  416 |         sprintf(bufferValue, "%.2f", l1avg);
      |         ^~~~~~~
../Core/Src/main.c:416:9: note: include '<stdio.h>' or provide a declaration of 'sprintf'
../Core/Src/main.c: In function 'HAL_ADC_ConvCpltCallback':
../Core/Src/main.c:459:27: warning: implicit declaration of function 'fabs' [-Wimplicit-function-declaration]
  459 |                 avgDiff = fabs(l1avg - l2avg);
      |                           ^~~~
../Core/Src/main.c:21:1: note: include '<math.h>' or provide a declaration of 'fabs'
   20 | #include "main.h"
  +++ |+#include <math.h>
   21 | 
../Core/Src/main.c:459:27: warning: incompatible implicit declaration of built-in function 'fabs' [-Wbuiltin-declaration-mismatch]
  459 |                 avgDiff = fabs(l1avg - l2avg);
      |                           ^~~~
../Core/Src/main.c:459:27: note: include '<math.h>' or provide a declaration of 'fabs'
arm-none-eabi-gcc -o "AULA_8.elf" @"objects.list"   -mcpu=cortex-m4 -T"C:\Users\ACER\STM32CubeIDE\workspace_1.14.1\AULA_8\STM32F411CEUX_FLASH.ld" --specs=nosys.specs -Wl,-Map="AULA_8.map" -Wl,--gc-sections -static --specs=nano.specs -mfpu=fpv4-sp-d16 -mfloat-abi=hard -mthumb -u _printf_float -u _scanf_float -Wl,--start-group -lc -lm -Wl,--end-group
Finished building target: AULA_8.elf
 
arm-none-eabi-size  AULA_8.elf 
arm-none-eabi-objdump -h -S AULA_8.elf  > "AULA_8.list"
   text	   data	    bss	    dec	    hex	filename
  46156	    488	   2376	  49020	   bf7c	AULA_8.elf
Finished building: default.size.stdout
 
Finished building: AULA_8.list
 
00:04:47 **** Incremental Build of configuration Debug for project AULA_8 ****
make -j8 all 
arm-none-eabi-size  AULA_8.elf 
   text	   data	    bss	    dec	    hex	filename
  46156	    488	   2376	  49020	   bf7c	AULA_8.elf
Finished building: default.size.stdout
 
00:12:43 **** Incremental Build of configuration Debug for project AULA_8 ****
make -j8 all 
arm-none-eabi-gcc "../Core/Src/main.c" -mcpu=cortex-m4 -std=gnu11 -g3 -DDEBUG -DUSE_HAL_DRIVER -DSTM32F411xE -c -I../Core/Inc -I../Drivers/STM32F4xx_HAL_Driver/Inc -I../Drivers/STM32F4xx_HAL_Driver/Inc/Legacy -I../Drivers/CMSIS/Device/ST/STM32F4xx/Include -I../Drivers/CMSIS/Include -O0 -ffunction-sections -fdata-sections -Wall -fstack-usage -fcyclomatic-complexity -MMD -MP -MF"Core/Src/main.d" -MT"Core/Src/main.o" --specs=nano.specs -mfpu=fpv4-sp-d16 -mfloat-abi=hard -mthumb -o "Core/Src/main.o"
../Core/Src/main.c: In function 'printLCD':
../Core/Src/main.c:416:9: warning: implicit declaration of function 'sprintf' [-Wimplicit-function-declaration]
  416 |         sprintf(bufferValue, "%.2f", l1avg);
      |         ^~~~~~~
../Core/Src/main.c:21:1: note: include '<stdio.h>' or provide a declaration of 'sprintf'
   20 | #include "main.h"
  +++ |+#include <stdio.h>
   21 | 
../Core/Src/main.c:416:9: warning: incompatible implicit declaration of built-in function 'sprintf' [-Wbuiltin-declaration-mismatch]
  416 |         sprintf(bufferValue, "%.2f", l1avg);
      |         ^~~~~~~
../Core/Src/main.c:416:9: note: include '<stdio.h>' or provide a declaration of 'sprintf'
../Core/Src/main.c: In function 'HAL_ADC_ConvCpltCallback':
../Core/Src/main.c:453:27: warning: implicit declaration of function 'fabs' [-Wimplicit-function-declaration]
  453 |                 avgDiff = fabs(l1avg - l2avg);
      |                           ^~~~
../Core/Src/main.c:21:1: note: include '<math.h>' or provide a declaration of 'fabs'
   20 | #include "main.h"
  +++ |+#include <math.h>
   21 | 
../Core/Src/main.c:453:27: warning: incompatible implicit declaration of built-in function 'fabs' [-Wbuiltin-declaration-mismatch]
  453 |                 avgDiff = fabs(l1avg - l2avg);
      |                           ^~~~
../Core/Src/main.c:453:27: note: include '<math.h>' or provide a declaration of 'fabs'
arm-none-eabi-gcc -o "AULA_8.elf" @"objects.list"   -mcpu=cortex-m4 -T"C:\Users\ACER\STM32CubeIDE\workspace_1.14.1\AULA_8\STM32F411CEUX_FLASH.ld" --specs=nosys.specs -Wl,-Map="AULA_8.map" -Wl,--gc-sections -static --specs=nano.specs -mfpu=fpv4-sp-d16 -mfloat-abi=hard -mthumb -u _printf_float -u _scanf_float -Wl,--start-group -lc -lm -Wl,--end-group
Finished building target: AULA_8.elf
 
arm-none-eabi-size  AULA_8.elf 
arm-none-eabi-objdump -h -S AULA_8.elf  > "AULA_8.list"
   text	   data	    bss	    dec	    hex	filename
  46116	    488	   2336	  48940	   bf2c	AULA_8.elf
Finished building: default.size.stdout
 
Finished building: AULA_8.list
 
00:13:26 **** Incremental Build of configuration Debug for project AULA_8 ****
make -j8 all 
arm-none-eabi-size  AULA_8.elf 
   text	   data	    bss	    dec	    hex	filename
  46116	    488	   2336	  48940	   bf2c	AULA_8.elf
Finished building: default.size.stdout
 
00:15:19 **** Incremental Build of configuration Debug for project AULA_8 ****
make -j8 all 
arm-none-eabi-gcc "../Core/Src/count2volt.c" -mcpu=cortex-m4 -std=gnu11 -g3 -DDEBUG -DUSE_HAL_DRIVER -DSTM32F411xE -c -I../Core/Inc -I../Drivers/STM32F4xx_HAL_Driver/Inc -I../Drivers/STM32F4xx_HAL_Driver/Inc/Legacy -I../Drivers/CMSIS/Device/ST/STM32F4xx/Include -I../Drivers/CMSIS/Include -O0 -ffunction-sections -fdata-sections -Wall -fstack-usage -fcyclomatic-complexity -MMD -MP -MF"Core/Src/count2volt.d" -MT"Core/Src/count2volt.o" --specs=nano.specs -mfpu=fpv4-sp-d16 -mfloat-abi=hard -mthumb -o "Core/Src/count2volt.o"
arm-none-eabi-gcc "../Core/Src/main.c" -mcpu=cortex-m4 -std=gnu11 -g3 -DDEBUG -DUSE_HAL_DRIVER -DSTM32F411xE -c -I../Core/Inc -I../Drivers/STM32F4xx_HAL_Driver/Inc -I../Drivers/STM32F4xx_HAL_Driver/Inc/Legacy -I../Drivers/CMSIS/Device/ST/STM32F4xx/Include -I../Drivers/CMSIS/Include -O0 -ffunction-sections -fdata-sections -Wall -fstack-usage -fcyclomatic-complexity -MMD -MP -MF"Core/Src/main.d" -MT"Core/Src/main.o" --specs=nano.specs -mfpu=fpv4-sp-d16 -mfloat-abi=hard -mthumb -o "Core/Src/main.o"
../Core/Src/main.c: In function 'printLCD':
../Core/Src/main.c:416:9: warning: implicit declaration of function 'sprintf' [-Wimplicit-function-declaration]
  416 |         sprintf(bufferValue, "%.2f", l1avg);
      |         ^~~~~~~
../Core/Src/main.c:21:1: note: include '<stdio.h>' or provide a declaration of 'sprintf'
   20 | #include "main.h"
  +++ |+#include <stdio.h>
   21 | 
../Core/Src/main.c:416:9: warning: incompatible implicit declaration of built-in function 'sprintf' [-Wbuiltin-declaration-mismatch]
  416 |         sprintf(bufferValue, "%.2f", l1avg);
      |         ^~~~~~~
../Core/Src/main.c:416:9: note: include '<stdio.h>' or provide a declaration of 'sprintf'
../Core/Src/main.c: In function 'HAL_ADC_ConvCpltCallback':
../Core/Src/main.c:453:27: warning: implicit declaration of function 'fabs' [-Wimplicit-function-declaration]
  453 |                 avgDiff = fabs(l1avg - l2avg);
      |                           ^~~~
../Core/Src/main.c:21:1: note: include '<math.h>' or provide a declaration of 'fabs'
   20 | #include "main.h"
  +++ |+#include <math.h>
   21 | 
../Core/Src/main.c:453:27: warning: incompatible implicit declaration of built-in function 'fabs' [-Wbuiltin-declaration-mismatch]
  453 |                 avgDiff = fabs(l1avg - l2avg);
      |                           ^~~~
../Core/Src/main.c:453:27: note: include '<math.h>' or provide a declaration of 'fabs'
arm-none-eabi-gcc -o "AULA_8.elf" @"objects.list"   -mcpu=cortex-m4 -T"C:\Users\ACER\STM32CubeIDE\workspace_1.14.1\AULA_8\STM32F411CEUX_FLASH.ld" --specs=nosys.specs -Wl,-Map="AULA_8.map" -Wl,--gc-sections -static --specs=nano.specs -mfpu=fpv4-sp-d16 -mfloat-abi=hard -mthumb -u _printf_float -u _scanf_float -Wl,--start-group -lc -lm -Wl,--end-group
Finished building target: AULA_8.elf
 
arm-none-eabi-size  AULA_8.elf 
arm-none-eabi-objdump -h -S AULA_8.elf  > "AULA_8.list"
   text	   data	    bss	    dec	    hex	filename
  46124	    488	   2336	  48948	   bf34	AULA_8.elf
Finished building: default.size.stdout
 
Finished building: AULA_8.list
 
00:17:53 **** Incremental Build of configuration Debug for project AULA_8 ****
make -j8 all 
arm-none-eabi-gcc "../Core/Src/main.c" -mcpu=cortex-m4 -std=gnu11 -g3 -DDEBUG -DUSE_HAL_DRIVER -DSTM32F411xE -c -I../Core/Inc -I../Drivers/STM32F4xx_HAL_Driver/Inc -I../Drivers/STM32F4xx_HAL_Driver/Inc/Legacy -I../Drivers/CMSIS/Device/ST/STM32F4xx/Include -I../Drivers/CMSIS/Include -O0 -ffunction-sections -fdata-sections -Wall -fstack-usage -fcyclomatic-complexity -MMD -MP -MF"Core/Src/main.d" -MT"Core/Src/main.o" --specs=nano.specs -mfpu=fpv4-sp-d16 -mfloat-abi=hard -mthumb -o "Core/Src/main.o"
../Core/Src/main.c: In function 'printLCD':
../Core/Src/main.c:416:9: warning: implicit declaration of function 'sprintf' [-Wimplicit-function-declaration]
  416 |         sprintf(bufferValue, "%.2f", l1avg);
      |         ^~~~~~~
../Core/Src/main.c:21:1: note: include '<stdio.h>' or provide a declaration of 'sprintf'
   20 | #include "main.h"
  +++ |+#include <stdio.h>
   21 | 
../Core/Src/main.c:416:9: warning: incompatible implicit declaration of built-in function 'sprintf' [-Wbuiltin-declaration-mismatch]
  416 |         sprintf(bufferValue, "%.2f", l1avg);
      |         ^~~~~~~
../Core/Src/main.c:416:9: note: include '<stdio.h>' or provide a declaration of 'sprintf'
../Core/Src/main.c: In function 'HAL_ADC_ConvCpltCallback':
../Core/Src/main.c:454:27: warning: implicit declaration of function 'fabs' [-Wimplicit-function-declaration]
  454 |                 avgDiff = fabs(l1avg - l2avg);
      |                           ^~~~
../Core/Src/main.c:21:1: note: include '<math.h>' or provide a declaration of 'fabs'
   20 | #include "main.h"
  +++ |+#include <math.h>
   21 | 
../Core/Src/main.c:454:27: warning: incompatible implicit declaration of built-in function 'fabs' [-Wbuiltin-declaration-mismatch]
  454 |                 avgDiff = fabs(l1avg - l2avg);
      |                           ^~~~
../Core/Src/main.c:454:27: note: include '<math.h>' or provide a declaration of 'fabs'
arm-none-eabi-gcc -o "AULA_8.elf" @"objects.list"   -mcpu=cortex-m4 -T"C:\Users\ACER\STM32CubeIDE\workspace_1.14.1\AULA_8\STM32F411CEUX_FLASH.ld" --specs=nosys.specs -Wl,-Map="AULA_8.map" -Wl,--gc-sections -static --specs=nano.specs -mfpu=fpv4-sp-d16 -mfloat-abi=hard -mthumb -u _printf_float -u _scanf_float -Wl,--start-group -lc -lm -Wl,--end-group
Finished building target: AULA_8.elf
 
arm-none-eabi-size  AULA_8.elf 
arm-none-eabi-objdump -h -S AULA_8.elf  > "AULA_8.list"
   text	   data	    bss	    dec	    hex	filename
  46124	    488	   2336	  48948	   bf34	AULA_8.elf
Finished building: default.size.stdout
 
Finished building: AULA_8.list
 
00:18:47 **** Incremental Build of configuration Debug for project AULA_8 ****
make -j8 all 
arm-none-eabi-gcc "../Core/Src/main.c" -mcpu=cortex-m4 -std=gnu11 -g3 -DDEBUG -DUSE_HAL_DRIVER -DSTM32F411xE -c -I../Core/Inc -I../Drivers/STM32F4xx_HAL_Driver/Inc -I../Drivers/STM32F4xx_HAL_Driver/Inc/Legacy -I../Drivers/CMSIS/Device/ST/STM32F4xx/Include -I../Drivers/CMSIS/Include -O0 -ffunction-sections -fdata-sections -Wall -fstack-usage -fcyclomatic-complexity -MMD -MP -MF"Core/Src/main.d" -MT"Core/Src/main.o" --specs=nano.specs -mfpu=fpv4-sp-d16 -mfloat-abi=hard -mthumb -o "Core/Src/main.o"
../Core/Src/main.c: In function 'printLCD':
../Core/Src/main.c:416:9: warning: implicit declaration of function 'sprintf' [-Wimplicit-function-declaration]
  416 |         sprintf(bufferValue, "%.2f", l1avg);
      |         ^~~~~~~
../Core/Src/main.c:21:1: note: include '<stdio.h>' or provide a declaration of 'sprintf'
   20 | #include "main.h"
  +++ |+#include <stdio.h>
   21 | 
../Core/Src/main.c:416:9: warning: incompatible implicit declaration of built-in function 'sprintf' [-Wbuiltin-declaration-mismatch]
  416 |         sprintf(bufferValue, "%.2f", l1avg);
      |         ^~~~~~~
../Core/Src/main.c:416:9: note: include '<stdio.h>' or provide a declaration of 'sprintf'
../Core/Src/main.c: In function 'HAL_ADC_ConvCpltCallback':
../Core/Src/main.c:454:27: warning: implicit declaration of function 'fabs' [-Wimplicit-function-declaration]
  454 |                 avgDiff = fabs(l1avg - l2avg);
      |                           ^~~~
../Core/Src/main.c:21:1: note: include '<math.h>' or provide a declaration of 'fabs'
   20 | #include "main.h"
  +++ |+#include <math.h>
   21 | 
../Core/Src/main.c:454:27: warning: incompatible implicit declaration of built-in function 'fabs' [-Wbuiltin-declaration-mismatch]
  454 |                 avgDiff = fabs(l1avg - l2avg);
      |                           ^~~~
../Core/Src/main.c:454:27: note: include '<math.h>' or provide a declaration of 'fabs'
arm-none-eabi-gcc -o "AULA_8.elf" @"objects.list"   -mcpu=cortex-m4 -T"C:\Users\ACER\STM32CubeIDE\workspace_1.14.1\AULA_8\STM32F411CEUX_FLASH.ld" --specs=nosys.specs -Wl,-Map="AULA_8.map" -Wl,--gc-sections -static --specs=nano.specs -mfpu=fpv4-sp-d16 -mfloat-abi=hard -mthumb -u _printf_float -u _scanf_float -Wl,--start-group -lc -lm -Wl,--end-group
Finished building target: AULA_8.elf
 
arm-none-eabi-size  AULA_8.elf 
arm-none-eabi-objdump -h -S AULA_8.elf  > "AULA_8.list"
   text	   data	    bss	    dec	    hex	filename
  45892	    488	   2304	  48684	   be2c	AULA_8.elf
Finished building: default.size.stdout
 
Finished building: AULA_8.list
 
00:20:36 **** Incremental Build of configuration Debug for project AULA_8 ****
make -j8 all 
arm-none-eabi-gcc "../Core/Src/main.c" -mcpu=cortex-m4 -std=gnu11 -g3 -DDEBUG -DUSE_HAL_DRIVER -DSTM32F411xE -c -I../Core/Inc -I../Drivers/STM32F4xx_HAL_Driver/Inc -I../Drivers/STM32F4xx_HAL_Driver/Inc/Legacy -I../Drivers/CMSIS/Device/ST/STM32F4xx/Include -I../Drivers/CMSIS/Include -O0 -ffunction-sections -fdata-sections -Wall -fstack-usage -fcyclomatic-complexity -MMD -MP -MF"Core/Src/main.d" -MT"Core/Src/main.o" --specs=nano.specs -mfpu=fpv4-sp-d16 -mfloat-abi=hard -mthumb -o "Core/Src/main.o"
../Core/Src/main.c: In function 'printLCD':
../Core/Src/main.c:396:9: warning: implicit declaration of function 'sprintf' [-Wimplicit-function-declaration]
  396 |         sprintf(bufferValue, "%.2f", l1avg);
      |         ^~~~~~~
../Core/Src/main.c:21:1: note: include '<stdio.h>' or provide a declaration of 'sprintf'
   20 | #include "main.h"
  +++ |+#include <stdio.h>
   21 | 
../Core/Src/main.c:396:9: warning: incompatible implicit declaration of built-in function 'sprintf' [-Wbuiltin-declaration-mismatch]
  396 |         sprintf(bufferValue, "%.2f", l1avg);
      |         ^~~~~~~
../Core/Src/main.c:396:9: note: include '<stdio.h>' or provide a declaration of 'sprintf'
../Core/Src/main.c: In function 'HAL_ADC_ConvCpltCallback':
../Core/Src/main.c:433:27: warning: implicit declaration of function 'fabs' [-Wimplicit-function-declaration]
  433 |                 avgDiff = fabs(l1avg - l2avg);
      |                           ^~~~
../Core/Src/main.c:21:1: note: include '<math.h>' or provide a declaration of 'fabs'
   20 | #include "main.h"
  +++ |+#include <math.h>
   21 | 
../Core/Src/main.c:433:27: warning: incompatible implicit declaration of built-in function 'fabs' [-Wbuiltin-declaration-mismatch]
  433 |                 avgDiff = fabs(l1avg - l2avg);
      |                           ^~~~
../Core/Src/main.c:433:27: note: include '<math.h>' or provide a declaration of 'fabs'
arm-none-eabi-gcc -o "AULA_8.elf" @"objects.list"   -mcpu=cortex-m4 -T"C:\Users\ACER\STM32CubeIDE\workspace_1.14.1\AULA_8\STM32F411CEUX_FLASH.ld" --specs=nosys.specs -Wl,-Map="AULA_8.map" -Wl,--gc-sections -static --specs=nano.specs -mfpu=fpv4-sp-d16 -mfloat-abi=hard -mthumb -u _printf_float -u _scanf_float -Wl,--start-group -lc -lm -Wl,--end-group
Finished building target: AULA_8.elf
 
arm-none-eabi-size  AULA_8.elf 
arm-none-eabi-objdump -h -S AULA_8.elf  > "AULA_8.list"
   text	   data	    bss	    dec	    hex	filename
  45676	    488	   2304	  48468	   bd54	AULA_8.elf
Finished building: default.size.stdout
 
Finished building: AULA_8.list
 
00:22:15 **** Incremental Build of configuration Debug for project AULA_8 ****
make -j8 all 
arm-none-eabi-gcc "../Core/Src/main.c" -mcpu=cortex-m4 -std=gnu11 -g3 -DDEBUG -DUSE_HAL_DRIVER -DSTM32F411xE -c -I../Core/Inc -I../Drivers/STM32F4xx_HAL_Driver/Inc -I../Drivers/STM32F4xx_HAL_Driver/Inc/Legacy -I../Drivers/CMSIS/Device/ST/STM32F4xx/Include -I../Drivers/CMSIS/Include -O0 -ffunction-sections -fdata-sections -Wall -fstack-usage -fcyclomatic-complexity -MMD -MP -MF"Core/Src/main.d" -MT"Core/Src/main.o" --specs=nano.specs -mfpu=fpv4-sp-d16 -mfloat-abi=hard -mthumb -o "Core/Src/main.o"
../Core/Src/main.c: In function 'printLCD':
../Core/Src/main.c:396:9: warning: implicit declaration of function 'sprintf' [-Wimplicit-function-declaration]
  396 |         sprintf(bufferValue, "%.2f", l1avg);
      |         ^~~~~~~
../Core/Src/main.c:21:1: note: include '<stdio.h>' or provide a declaration of 'sprintf'
   20 | #include "main.h"
  +++ |+#include <stdio.h>
   21 | 
../Core/Src/main.c:396:9: warning: incompatible implicit declaration of built-in function 'sprintf' [-Wbuiltin-declaration-mismatch]
  396 |         sprintf(bufferValue, "%.2f", l1avg);
      |         ^~~~~~~
../Core/Src/main.c:396:9: note: include '<stdio.h>' or provide a declaration of 'sprintf'
../Core/Src/main.c: In function 'HAL_ADC_ConvCpltCallback':
../Core/Src/main.c:433:27: warning: implicit declaration of function 'fabs' [-Wimplicit-function-declaration]
  433 |                 avgDiff = fabs(l1avg - l2avg);
      |                           ^~~~
../Core/Src/main.c:21:1: note: include '<math.h>' or provide a declaration of 'fabs'
   20 | #include "main.h"
  +++ |+#include <math.h>
   21 | 
../Core/Src/main.c:433:27: warning: incompatible implicit declaration of built-in function 'fabs' [-Wbuiltin-declaration-mismatch]
  433 |                 avgDiff = fabs(l1avg - l2avg);
      |                           ^~~~
../Core/Src/main.c:433:27: note: include '<math.h>' or provide a declaration of 'fabs'
arm-none-eabi-gcc -o "AULA_8.elf" @"objects.list"   -mcpu=cortex-m4 -T"C:\Users\ACER\STM32CubeIDE\workspace_1.14.1\AULA_8\STM32F411CEUX_FLASH.ld" --specs=nosys.specs -Wl,-Map="AULA_8.map" -Wl,--gc-sections -static --specs=nano.specs -mfpu=fpv4-sp-d16 -mfloat-abi=hard -mthumb -u _printf_float -u _scanf_float -Wl,--start-group -lc -lm -Wl,--end-group
Finished building target: AULA_8.elf
 
arm-none-eabi-size  AULA_8.elf 
arm-none-eabi-objdump -h -S AULA_8.elf  > "AULA_8.list"
   text	   data	    bss	    dec	    hex	filename
  46124	    488	   2336	  48948	   bf34	AULA_8.elf
Finished building: default.size.stdout
 
Finished building: AULA_8.list
 
00:24:39 **** Incremental Build of configuration Debug for project AULA_8 ****
make -j8 all 
arm-none-eabi-gcc "../Drivers/STM32F4xx_HAL_Driver/Src/stm32f4xx_hal.c" -mcpu=cortex-m4 -std=gnu11 -g3 -DDEBUG -DUSE_HAL_DRIVER -DSTM32F411xE -c -I../Core/Inc -I../Drivers/STM32F4xx_HAL_Driver/Inc -I../Drivers/STM32F4xx_HAL_Driver/Inc/Legacy -I../Drivers/CMSIS/Device/ST/STM32F4xx/Include -I../Drivers/CMSIS/Include -O0 -ffunction-sections -fdata-sections -Wall -fstack-usage -fcyclomatic-complexity -MMD -MP -MF"Drivers/STM32F4xx_HAL_Driver/Src/stm32f4xx_hal.d" -MT"Drivers/STM32F4xx_HAL_Driver/Src/stm32f4xx_hal.o" --specs=nano.specs -mfpu=fpv4-sp-d16 -mfloat-abi=hard -mthumb -o "Drivers/STM32F4xx_HAL_Driver/Src/stm32f4xx_hal.o"
arm-none-eabi-gcc "../Drivers/STM32F4xx_HAL_Driver/Src/stm32f4xx_hal_adc.c" -mcpu=cortex-m4 -std=gnu11 -g3 -DDEBUG -DUSE_HAL_DRIVER -DSTM32F411xE -c -I../Core/Inc -I../Drivers/STM32F4xx_HAL_Driver/Inc -I../Drivers/STM32F4xx_HAL_Driver/Inc/Legacy -I../Drivers/CMSIS/Device/ST/STM32F4xx/Include -I../Drivers/CMSIS/Include -O0 -ffunction-sections -fdata-sections -Wall -fstack-usage -fcyclomatic-complexity -MMD -MP -MF"Drivers/STM32F4xx_HAL_Driver/Src/stm32f4xx_hal_adc.d" -MT"Drivers/STM32F4xx_HAL_Driver/Src/stm32f4xx_hal_adc.o" --specs=nano.specs -mfpu=fpv4-sp-d16 -mfloat-abi=hard -mthumb -o "Drivers/STM32F4xx_HAL_Driver/Src/stm32f4xx_hal_adc.o"
arm-none-eabi-gcc "../Drivers/STM32F4xx_HAL_Driver/Src/stm32f4xx_hal_adc_ex.c" -mcpu=cortex-m4 -std=gnu11 -g3 -DDEBUG -DUSE_HAL_DRIVER -DSTM32F411xE -c -I../Core/Inc -I../Drivers/STM32F4xx_HAL_Driver/Inc -I../Drivers/STM32F4xx_HAL_Driver/Inc/Legacy -I../Drivers/CMSIS/Device/ST/STM32F4xx/Include -I../Drivers/CMSIS/Include -O0 -ffunction-sections -fdata-sections -Wall -fstack-usage -fcyclomatic-complexity -MMD -MP -MF"Drivers/STM32F4xx_HAL_Driver/Src/stm32f4xx_hal_adc_ex.d" -MT"Drivers/STM32F4xx_HAL_Driver/Src/stm32f4xx_hal_adc_ex.o" --specs=nano.specs -mfpu=fpv4-sp-d16 -mfloat-abi=hard -mthumb -o "Drivers/STM32F4xx_HAL_Driver/Src/stm32f4xx_hal_adc_ex.o"
arm-none-eabi-gcc "../Drivers/STM32F4xx_HAL_Driver/Src/stm32f4xx_hal_cortex.c" -mcpu=cortex-m4 -std=gnu11 -g3 -DDEBUG -DUSE_HAL_DRIVER -DSTM32F411xE -c -I../Core/Inc -I../Drivers/STM32F4xx_HAL_Driver/Inc -I../Drivers/STM32F4xx_HAL_Driver/Inc/Legacy -I../Drivers/CMSIS/Device/ST/STM32F4xx/Include -I../Drivers/CMSIS/Include -O0 -ffunction-sections -fdata-sections -Wall -fstack-usage -fcyclomatic-complexity -MMD -MP -MF"Drivers/STM32F4xx_HAL_Driver/Src/stm32f4xx_hal_cortex.d" -MT"Drivers/STM32F4xx_HAL_Driver/Src/stm32f4xx_hal_cortex.o" --specs=nano.specs -mfpu=fpv4-sp-d16 -mfloat-abi=hard -mthumb -o "Drivers/STM32F4xx_HAL_Driver/Src/stm32f4xx_hal_cortex.o"
arm-none-eabi-gcc "../Drivers/STM32F4xx_HAL_Driver/Src/stm32f4xx_hal_dma.c" -mcpu=cortex-m4 -std=gnu11 -g3 -DDEBUG -DUSE_HAL_DRIVER -DSTM32F411xE -c -I../Core/Inc -I../Drivers/STM32F4xx_HAL_Driver/Inc -I../Drivers/STM32F4xx_HAL_Driver/Inc/Legacy -I../Drivers/CMSIS/Device/ST/STM32F4xx/Include -I../Drivers/CMSIS/Include -O0 -ffunction-sections -fdata-sections -Wall -fstack-usage -fcyclomatic-complexity -MMD -MP -MF"Drivers/STM32F4xx_HAL_Driver/Src/stm32f4xx_hal_dma.d" -MT"Drivers/STM32F4xx_HAL_Driver/Src/stm32f4xx_hal_dma.o" --specs=nano.specs -mfpu=fpv4-sp-d16 -mfloat-abi=hard -mthumb -o "Drivers/STM32F4xx_HAL_Driver/Src/stm32f4xx_hal_dma.o"
arm-none-eabi-gcc "../Drivers/STM32F4xx_HAL_Driver/Src/stm32f4xx_hal_dma_ex.c" -mcpu=cortex-m4 -std=gnu11 -g3 -DDEBUG -DUSE_HAL_DRIVER -DSTM32F411xE -c -I../Core/Inc -I../Drivers/STM32F4xx_HAL_Driver/Inc -I../Drivers/STM32F4xx_HAL_Driver/Inc/Legacy -I../Drivers/CMSIS/Device/ST/STM32F4xx/Include -I../Drivers/CMSIS/Include -O0 -ffunction-sections -fdata-sections -Wall -fstack-usage -fcyclomatic-complexity -MMD -MP -MF"Drivers/STM32F4xx_HAL_Driver/Src/stm32f4xx_hal_dma_ex.d" -MT"Drivers/STM32F4xx_HAL_Driver/Src/stm32f4xx_hal_dma_ex.o" --specs=nano.specs -mfpu=fpv4-sp-d16 -mfloat-abi=hard -mthumb -o "Drivers/STM32F4xx_HAL_Driver/Src/stm32f4xx_hal_dma_ex.o"
arm-none-eabi-gcc "../Drivers/STM32F4xx_HAL_Driver/Src/stm32f4xx_hal_exti.c" -mcpu=cortex-m4 -std=gnu11 -g3 -DDEBUG -DUSE_HAL_DRIVER -DSTM32F411xE -c -I../Core/Inc -I../Drivers/STM32F4xx_HAL_Driver/Inc -I../Drivers/STM32F4xx_HAL_Driver/Inc/Legacy -I../Drivers/CMSIS/Device/ST/STM32F4xx/Include -I../Drivers/CMSIS/Include -O0 -ffunction-sections -fdata-sections -Wall -fstack-usage -fcyclomatic-complexity -MMD -MP -MF"Drivers/STM32F4xx_HAL_Driver/Src/stm32f4xx_hal_exti.d" -MT"Drivers/STM32F4xx_HAL_Driver/Src/stm32f4xx_hal_exti.o" --specs=nano.specs -mfpu=fpv4-sp-d16 -mfloat-abi=hard -mthumb -o "Drivers/STM32F4xx_HAL_Driver/Src/stm32f4xx_hal_exti.o"
arm-none-eabi-gcc "../Drivers/STM32F4xx_HAL_Driver/Src/stm32f4xx_hal_flash.c" -mcpu=cortex-m4 -std=gnu11 -g3 -DDEBUG -DUSE_HAL_DRIVER -DSTM32F411xE -c -I../Core/Inc -I../Drivers/STM32F4xx_HAL_Driver/Inc -I../Drivers/STM32F4xx_HAL_Driver/Inc/Legacy -I../Drivers/CMSIS/Device/ST/STM32F4xx/Include -I../Drivers/CMSIS/Include -O0 -ffunction-sections -fdata-sections -Wall -fstack-usage -fcyclomatic-complexity -MMD -MP -MF"Drivers/STM32F4xx_HAL_Driver/Src/stm32f4xx_hal_flash.d" -MT"Drivers/STM32F4xx_HAL_Driver/Src/stm32f4xx_hal_flash.o" --specs=nano.specs -mfpu=fpv4-sp-d16 -mfloat-abi=hard -mthumb -o "Drivers/STM32F4xx_HAL_Driver/Src/stm32f4xx_hal_flash.o"
arm-none-eabi-gcc "../Drivers/STM32F4xx_HAL_Driver/Src/stm32f4xx_hal_flash_ex.c" -mcpu=cortex-m4 -std=gnu11 -g3 -DDEBUG -DUSE_HAL_DRIVER -DSTM32F411xE -c -I../Core/Inc -I../Drivers/STM32F4xx_HAL_Driver/Inc -I../Drivers/STM32F4xx_HAL_Driver/Inc/Legacy -I../Drivers/CMSIS/Device/ST/STM32F4xx/Include -I../Drivers/CMSIS/Include -O0 -ffunction-sections -fdata-sections -Wall -fstack-usage -fcyclomatic-complexity -MMD -MP -MF"Drivers/STM32F4xx_HAL_Driver/Src/stm32f4xx_hal_flash_ex.d" -MT"Drivers/STM32F4xx_HAL_Driver/Src/stm32f4xx_hal_flash_ex.o" --specs=nano.specs -mfpu=fpv4-sp-d16 -mfloat-abi=hard -mthumb -o "Drivers/STM32F4xx_HAL_Driver/Src/stm32f4xx_hal_flash_ex.o"
arm-none-eabi-gcc "../Drivers/STM32F4xx_HAL_Driver/Src/stm32f4xx_hal_flash_ramfunc.c" -mcpu=cortex-m4 -std=gnu11 -g3 -DDEBUG -DUSE_HAL_DRIVER -DSTM32F411xE -c -I../Core/Inc -I../Drivers/STM32F4xx_HAL_Driver/Inc -I../Drivers/STM32F4xx_HAL_Driver/Inc/Legacy -I../Drivers/CMSIS/Device/ST/STM32F4xx/Include -I../Drivers/CMSIS/Include -O0 -ffunction-sections -fdata-sections -Wall -fstack-usage -fcyclomatic-complexity -MMD -MP -MF"Drivers/STM32F4xx_HAL_Driver/Src/stm32f4xx_hal_flash_ramfunc.d" -MT"Drivers/STM32F4xx_HAL_Driver/Src/stm32f4xx_hal_flash_ramfunc.o" --specs=nano.specs -mfpu=fpv4-sp-d16 -mfloat-abi=hard -mthumb -o "Drivers/STM32F4xx_HAL_Driver/Src/stm32f4xx_hal_flash_ramfunc.o"
arm-none-eabi-gcc "../Drivers/STM32F4xx_HAL_Driver/Src/stm32f4xx_hal_gpio.c" -mcpu=cortex-m4 -std=gnu11 -g3 -DDEBUG -DUSE_HAL_DRIVER -DSTM32F411xE -c -I../Core/Inc -I../Drivers/STM32F4xx_HAL_Driver/Inc -I../Drivers/STM32F4xx_HAL_Driver/Inc/Legacy -I../Drivers/CMSIS/Device/ST/STM32F4xx/Include -I../Drivers/CMSIS/Include -O0 -ffunction-sections -fdata-sections -Wall -fstack-usage -fcyclomatic-complexity -MMD -MP -MF"Drivers/STM32F4xx_HAL_Driver/Src/stm32f4xx_hal_gpio.d" -MT"Drivers/STM32F4xx_HAL_Driver/Src/stm32f4xx_hal_gpio.o" --specs=nano.specs -mfpu=fpv4-sp-d16 -mfloat-abi=hard -mthumb -o "Drivers/STM32F4xx_HAL_Driver/Src/stm32f4xx_hal_gpio.o"
arm-none-eabi-gcc "../Drivers/STM32F4xx_HAL_Driver/Src/stm32f4xx_hal_i2c.c" -mcpu=cortex-m4 -std=gnu11 -g3 -DDEBUG -DUSE_HAL_DRIVER -DSTM32F411xE -c -I../Core/Inc -I../Drivers/STM32F4xx_HAL_Driver/Inc -I../Drivers/STM32F4xx_HAL_Driver/Inc/Legacy -I../Drivers/CMSIS/Device/ST/STM32F4xx/Include -I../Drivers/CMSIS/Include -O0 -ffunction-sections -fdata-sections -Wall -fstack-usage -fcyclomatic-complexity -MMD -MP -MF"Drivers/STM32F4xx_HAL_Driver/Src/stm32f4xx_hal_i2c.d" -MT"Drivers/STM32F4xx_HAL_Driver/Src/stm32f4xx_hal_i2c.o" --specs=nano.specs -mfpu=fpv4-sp-d16 -mfloat-abi=hard -mthumb -o "Drivers/STM32F4xx_HAL_Driver/Src/stm32f4xx_hal_i2c.o"
arm-none-eabi-gcc "../Drivers/STM32F4xx_HAL_Driver/Src/stm32f4xx_hal_i2c_ex.c" -mcpu=cortex-m4 -std=gnu11 -g3 -DDEBUG -DUSE_HAL_DRIVER -DSTM32F411xE -c -I../Core/Inc -I../Drivers/STM32F4xx_HAL_Driver/Inc -I../Drivers/STM32F4xx_HAL_Driver/Inc/Legacy -I../Drivers/CMSIS/Device/ST/STM32F4xx/Include -I../Drivers/CMSIS/Include -O0 -ffunction-sections -fdata-sections -Wall -fstack-usage -fcyclomatic-complexity -MMD -MP -MF"Drivers/STM32F4xx_HAL_Driver/Src/stm32f4xx_hal_i2c_ex.d" -MT"Drivers/STM32F4xx_HAL_Driver/Src/stm32f4xx_hal_i2c_ex.o" --specs=nano.specs -mfpu=fpv4-sp-d16 -mfloat-abi=hard -mthumb -o "Drivers/STM32F4xx_HAL_Driver/Src/stm32f4xx_hal_i2c_ex.o"
arm-none-eabi-gcc "../Drivers/STM32F4xx_HAL_Driver/Src/stm32f4xx_hal_pwr.c" -mcpu=cortex-m4 -std=gnu11 -g3 -DDEBUG -DUSE_HAL_DRIVER -DSTM32F411xE -c -I../Core/Inc -I../Drivers/STM32F4xx_HAL_Driver/Inc -I../Drivers/STM32F4xx_HAL_Driver/Inc/Legacy -I../Drivers/CMSIS/Device/ST/STM32F4xx/Include -I../Drivers/CMSIS/Include -O0 -ffunction-sections -fdata-sections -Wall -fstack-usage -fcyclomatic-complexity -MMD -MP -MF"Drivers/STM32F4xx_HAL_Driver/Src/stm32f4xx_hal_pwr.d" -MT"Drivers/STM32F4xx_HAL_Driver/Src/stm32f4xx_hal_pwr.o" --specs=nano.specs -mfpu=fpv4-sp-d16 -mfloat-abi=hard -mthumb -o "Drivers/STM32F4xx_HAL_Driver/Src/stm32f4xx_hal_pwr.o"
arm-none-eabi-gcc "../Drivers/STM32F4xx_HAL_Driver/Src/stm32f4xx_hal_pwr_ex.c" -mcpu=cortex-m4 -std=gnu11 -g3 -DDEBUG -DUSE_HAL_DRIVER -DSTM32F411xE -c -I../Core/Inc -I../Drivers/STM32F4xx_HAL_Driver/Inc -I../Drivers/STM32F4xx_HAL_Driver/Inc/Legacy -I../Drivers/CMSIS/Device/ST/STM32F4xx/Include -I../Drivers/CMSIS/Include -O0 -ffunction-sections -fdata-sections -Wall -fstack-usage -fcyclomatic-complexity -MMD -MP -MF"Drivers/STM32F4xx_HAL_Driver/Src/stm32f4xx_hal_pwr_ex.d" -MT"Drivers/STM32F4xx_HAL_Driver/Src/stm32f4xx_hal_pwr_ex.o" --specs=nano.specs -mfpu=fpv4-sp-d16 -mfloat-abi=hard -mthumb -o "Drivers/STM32F4xx_HAL_Driver/Src/stm32f4xx_hal_pwr_ex.o"
arm-none-eabi-gcc "../Drivers/STM32F4xx_HAL_Driver/Src/stm32f4xx_hal_rcc.c" -mcpu=cortex-m4 -std=gnu11 -g3 -DDEBUG -DUSE_HAL_DRIVER -DSTM32F411xE -c -I../Core/Inc -I../Drivers/STM32F4xx_HAL_Driver/Inc -I../Drivers/STM32F4xx_HAL_Driver/Inc/Legacy -I../Drivers/CMSIS/Device/ST/STM32F4xx/Include -I../Drivers/CMSIS/Include -O0 -ffunction-sections -fdata-sections -Wall -fstack-usage -fcyclomatic-complexity -MMD -MP -MF"Drivers/STM32F4xx_HAL_Driver/Src/stm32f4xx_hal_rcc.d" -MT"Drivers/STM32F4xx_HAL_Driver/Src/stm32f4xx_hal_rcc.o" --specs=nano.specs -mfpu=fpv4-sp-d16 -mfloat-abi=hard -mthumb -o "Drivers/STM32F4xx_HAL_Driver/Src/stm32f4xx_hal_rcc.o"
arm-none-eabi-gcc "../Drivers/STM32F4xx_HAL_Driver/Src/stm32f4xx_hal_rcc_ex.c" -mcpu=cortex-m4 -std=gnu11 -g3 -DDEBUG -DUSE_HAL_DRIVER -DSTM32F411xE -c -I../Core/Inc -I../Drivers/STM32F4xx_HAL_Driver/Inc -I../Drivers/STM32F4xx_HAL_Driver/Inc/Legacy -I../Drivers/CMSIS/Device/ST/STM32F4xx/Include -I../Drivers/CMSIS/Include -O0 -ffunction-sections -fdata-sections -Wall -fstack-usage -fcyclomatic-complexity -MMD -MP -MF"Drivers/STM32F4xx_HAL_Driver/Src/stm32f4xx_hal_rcc_ex.d" -MT"Drivers/STM32F4xx_HAL_Driver/Src/stm32f4xx_hal_rcc_ex.o" --specs=nano.specs -mfpu=fpv4-sp-d16 -mfloat-abi=hard -mthumb -o "Drivers/STM32F4xx_HAL_Driver/Src/stm32f4xx_hal_rcc_ex.o"
arm-none-eabi-gcc "../Drivers/STM32F4xx_HAL_Driver/Src/stm32f4xx_hal_tim.c" -mcpu=cortex-m4 -std=gnu11 -g3 -DDEBUG -DUSE_HAL_DRIVER -DSTM32F411xE -c -I../Core/Inc -I../Drivers/STM32F4xx_HAL_Driver/Inc -I../Drivers/STM32F4xx_HAL_Driver/Inc/Legacy -I../Drivers/CMSIS/Device/ST/STM32F4xx/Include -I../Drivers/CMSIS/Include -O0 -ffunction-sections -fdata-sections -Wall -fstack-usage -fcyclomatic-complexity -MMD -MP -MF"Drivers/STM32F4xx_HAL_Driver/Src/stm32f4xx_hal_tim.d" -MT"Drivers/STM32F4xx_HAL_Driver/Src/stm32f4xx_hal_tim.o" --specs=nano.specs -mfpu=fpv4-sp-d16 -mfloat-abi=hard -mthumb -o "Drivers/STM32F4xx_HAL_Driver/Src/stm32f4xx_hal_tim.o"
arm-none-eabi-gcc "../Drivers/STM32F4xx_HAL_Driver/Src/stm32f4xx_hal_tim_ex.c" -mcpu=cortex-m4 -std=gnu11 -g3 -DDEBUG -DUSE_HAL_DRIVER -DSTM32F411xE -c -I../Core/Inc -I../Drivers/STM32F4xx_HAL_Driver/Inc -I../Drivers/STM32F4xx_HAL_Driver/Inc/Legacy -I../Drivers/CMSIS/Device/ST/STM32F4xx/Include -I../Drivers/CMSIS/Include -O0 -ffunction-sections -fdata-sections -Wall -fstack-usage -fcyclomatic-complexity -MMD -MP -MF"Drivers/STM32F4xx_HAL_Driver/Src/stm32f4xx_hal_tim_ex.d" -MT"Drivers/STM32F4xx_HAL_Driver/Src/stm32f4xx_hal_tim_ex.o" --specs=nano.specs -mfpu=fpv4-sp-d16 -mfloat-abi=hard -mthumb -o "Drivers/STM32F4xx_HAL_Driver/Src/stm32f4xx_hal_tim_ex.o"
arm-none-eabi-gcc "../Core/Src/i2c-lcd.c" -mcpu=cortex-m4 -std=gnu11 -g3 -DDEBUG -DUSE_HAL_DRIVER -DSTM32F411xE -c -I../Core/Inc -I../Drivers/STM32F4xx_HAL_Driver/Inc -I../Drivers/STM32F4xx_HAL_Driver/Inc/Legacy -I../Drivers/CMSIS/Device/ST/STM32F4xx/Include -I../Drivers/CMSIS/Include -O0 -ffunction-sections -fdata-sections -Wall -fstack-usage -fcyclomatic-complexity -MMD -MP -MF"Core/Src/i2c-lcd.d" -MT"Core/Src/i2c-lcd.o" --specs=nano.specs -mfpu=fpv4-sp-d16 -mfloat-abi=hard -mthumb -o "Core/Src/i2c-lcd.o"
arm-none-eabi-gcc "../Core/Src/main.c" -mcpu=cortex-m4 -std=gnu11 -g3 -DDEBUG -DUSE_HAL_DRIVER -DSTM32F411xE -c -I../Core/Inc -I../Drivers/STM32F4xx_HAL_Driver/Inc -I../Drivers/STM32F4xx_HAL_Driver/Inc/Legacy -I../Drivers/CMSIS/Device/ST/STM32F4xx/Include -I../Drivers/CMSIS/Include -O0 -ffunction-sections -fdata-sections -Wall -fstack-usage -fcyclomatic-complexity -MMD -MP -MF"Core/Src/main.d" -MT"Core/Src/main.o" --specs=nano.specs -mfpu=fpv4-sp-d16 -mfloat-abi=hard -mthumb -o "Core/Src/main.o"
arm-none-eabi-gcc "../Core/Src/stm32f4xx_hal_msp.c" -mcpu=cortex-m4 -std=gnu11 -g3 -DDEBUG -DUSE_HAL_DRIVER -DSTM32F411xE -c -I../Core/Inc -I../Drivers/STM32F4xx_HAL_Driver/Inc -I../Drivers/STM32F4xx_HAL_Driver/Inc/Legacy -I../Drivers/CMSIS/Device/ST/STM32F4xx/Include -I../Drivers/CMSIS/Include -O0 -ffunction-sections -fdata-sections -Wall -fstack-usage -fcyclomatic-complexity -MMD -MP -MF"Core/Src/stm32f4xx_hal_msp.d" -MT"Core/Src/stm32f4xx_hal_msp.o" --specs=nano.specs -mfpu=fpv4-sp-d16 -mfloat-abi=hard -mthumb -o "Core/Src/stm32f4xx_hal_msp.o"
../Core/Src/main.c: In function 'printLCD':
../Core/Src/main.c:413:9: warning: implicit declaration of function 'sprintf' [-Wimplicit-function-declaration]
  413 |         sprintf(bufferValue, "%.2f", l1avg);
      |         ^~~~~~~
../Core/Src/main.c:21:1: note: include '<stdio.h>' or provide a declaration of 'sprintf'
   20 | #include "main.h"
  +++ |+#include <stdio.h>
   21 | 
../Core/Src/main.c:413:9: warning: incompatible implicit declaration of built-in function 'sprintf' [-Wbuiltin-declaration-mismatch]
  413 |         sprintf(bufferValue, "%.2f", l1avg);
      |         ^~~~~~~
../Core/Src/main.c:413:9: note: include '<stdio.h>' or provide a declaration of 'sprintf'
../Core/Src/main.c: In function 'HAL_ADC_ConvCpltCallback':
../Core/Src/main.c:450:27: warning: implicit declaration of function 'fabs' [-Wimplicit-function-declaration]
  450 |                 avgDiff = fabs(l1avg - l2avg);
      |                           ^~~~
../Core/Src/main.c:21:1: note: include '<math.h>' or provide a declaration of 'fabs'
   20 | #include "main.h"
  +++ |+#include <math.h>
   21 | 
../Core/Src/main.c:450:27: warning: incompatible implicit declaration of built-in function 'fabs' [-Wbuiltin-declaration-mismatch]
  450 |                 avgDiff = fabs(l1avg - l2avg);
      |                           ^~~~
../Core/Src/main.c:450:27: note: include '<math.h>' or provide a declaration of 'fabs'
arm-none-eabi-gcc "../Core/Src/stm32f4xx_it.c" -mcpu=cortex-m4 -std=gnu11 -g3 -DDEBUG -DUSE_HAL_DRIVER -DSTM32F411xE -c -I../Core/Inc -I../Drivers/STM32F4xx_HAL_Driver/Inc -I../Drivers/STM32F4xx_HAL_Driver/Inc/Legacy -I../Drivers/CMSIS/Device/ST/STM32F4xx/Include -I../Drivers/CMSIS/Include -O0 -ffunction-sections -fdata-sections -Wall -fstack-usage -fcyclomatic-complexity -MMD -MP -MF"Core/Src/stm32f4xx_it.d" -MT"Core/Src/stm32f4xx_it.o" --specs=nano.specs -mfpu=fpv4-sp-d16 -mfloat-abi=hard -mthumb -o "Core/Src/stm32f4xx_it.o"
arm-none-eabi-gcc "../Core/Src/system_stm32f4xx.c" -mcpu=cortex-m4 -std=gnu11 -g3 -DDEBUG -DUSE_HAL_DRIVER -DSTM32F411xE -c -I../Core/Inc -I../Drivers/STM32F4xx_HAL_Driver/Inc -I../Drivers/STM32F4xx_HAL_Driver/Inc/Legacy -I../Drivers/CMSIS/Device/ST/STM32F4xx/Include -I../Drivers/CMSIS/Include -O0 -ffunction-sections -fdata-sections -Wall -fstack-usage -fcyclomatic-complexity -MMD -MP -MF"Core/Src/system_stm32f4xx.d" -MT"Core/Src/system_stm32f4xx.o" --specs=nano.specs -mfpu=fpv4-sp-d16 -mfloat-abi=hard -mthumb -o "Core/Src/system_stm32f4xx.o"
arm-none-eabi-gcc -o "AULA_8.elf" @"objects.list"   -mcpu=cortex-m4 -T"C:\Users\ACER\STM32CubeIDE\workspace_1.14.1\AULA_8\STM32F411CEUX_FLASH.ld" --specs=nosys.specs -Wl,-Map="AULA_8.map" -Wl,--gc-sections -static --specs=nano.specs -mfpu=fpv4-sp-d16 -mfloat-abi=hard -mthumb -u _printf_float -u _scanf_float -Wl,--start-group -lc -lm -Wl,--end-group
Finished building target: AULA_8.elf
 
arm-none-eabi-size  AULA_8.elf 
arm-none-eabi-objdump -h -S AULA_8.elf  > "AULA_8.list"
   text	   data	    bss	    dec	    hex	filename
  46124	    488	   2336	  48948	   bf34	AULA_8.elf
Finished building: default.size.stdout
 
Finished building: AULA_8.list
 
00:25:23 **** Incremental Build of configuration Debug for project AULA_8 ****
make -j8 all 
arm-none-eabi-gcc "../Core/Src/main.c" -mcpu=cortex-m4 -std=gnu11 -g3 -DDEBUG -DUSE_HAL_DRIVER -DSTM32F411xE -c -I../Core/Inc -I../Drivers/STM32F4xx_HAL_Driver/Inc -I../Drivers/STM32F4xx_HAL_Driver/Inc/Legacy -I../Drivers/CMSIS/Device/ST/STM32F4xx/Include -I../Drivers/CMSIS/Include -O0 -ffunction-sections -fdata-sections -Wall -fstack-usage -fcyclomatic-complexity -MMD -MP -MF"Core/Src/main.d" -MT"Core/Src/main.o" --specs=nano.specs -mfpu=fpv4-sp-d16 -mfloat-abi=hard -mthumb -o "Core/Src/main.o"
../Core/Src/main.c: In function 'printLCD':
../Core/Src/main.c:396:9: warning: implicit declaration of function 'sprintf' [-Wimplicit-function-declaration]
  396 |         sprintf(bufferValue, "%.2f", l1avg);
      |         ^~~~~~~
../Core/Src/main.c:21:1: note: include '<stdio.h>' or provide a declaration of 'sprintf'
   20 | #include "main.h"
  +++ |+#include <stdio.h>
   21 | 
../Core/Src/main.c:396:9: warning: incompatible implicit declaration of built-in function 'sprintf' [-Wbuiltin-declaration-mismatch]
  396 |         sprintf(bufferValue, "%.2f", l1avg);
      |         ^~~~~~~
../Core/Src/main.c:396:9: note: include '<stdio.h>' or provide a declaration of 'sprintf'
../Core/Src/main.c: In function 'HAL_ADC_ConvCpltCallback':
../Core/Src/main.c:433:27: warning: implicit declaration of function 'fabs' [-Wimplicit-function-declaration]
  433 |                 avgDiff = fabs(l1avg - l2avg);
      |                           ^~~~
../Core/Src/main.c:21:1: note: include '<math.h>' or provide a declaration of 'fabs'
   20 | #include "main.h"
  +++ |+#include <math.h>
   21 | 
../Core/Src/main.c:433:27: warning: incompatible implicit declaration of built-in function 'fabs' [-Wbuiltin-declaration-mismatch]
  433 |                 avgDiff = fabs(l1avg - l2avg);
      |                           ^~~~
../Core/Src/main.c:433:27: note: include '<math.h>' or provide a declaration of 'fabs'
arm-none-eabi-gcc -o "AULA_8.elf" @"objects.list"   -mcpu=cortex-m4 -T"C:\Users\ACER\STM32CubeIDE\workspace_1.14.1\AULA_8\STM32F411CEUX_FLASH.ld" --specs=nosys.specs -Wl,-Map="AULA_8.map" -Wl,--gc-sections -static --specs=nano.specs -mfpu=fpv4-sp-d16 -mfloat-abi=hard -mthumb -u _printf_float -u _scanf_float -Wl,--start-group -lc -lm -Wl,--end-group
Finished building target: AULA_8.elf
 
arm-none-eabi-size  AULA_8.elf 
arm-none-eabi-objdump -h -S AULA_8.elf  > "AULA_8.list"
   text	   data	    bss	    dec	    hex	filename
  46124	    488	   2336	  48948	   bf34	AULA_8.elf
Finished building: default.size.stdout
 
Finished building: AULA_8.list
 
00:25:25 **** Incremental Build of configuration Debug for project EXERCICIO_AULA6 ****
make -j8 all 
arm-none-eabi-size  EXERCICIO_AULA6.elf 
   text	   data	    bss	    dec	    hex	filename
  58812	    708	   9348	  68868	  10d04	EXERCICIO_AULA6.elf
Finished building: default.size.stdout
 
00:25:30 **** Incremental Build of configuration Debug for project AULA_8 ****
make -j8 all 
arm-none-eabi-size  AULA_8.elf 
   text	   data	    bss	    dec	    hex	filename
  46124	    488	   2336	  48948	   bf34	AULA_8.elf
Finished building: default.size.stdout
 
00:26:11 **** Incremental Build of configuration Debug for project AULA_8 ****
make -j8 all 
arm-none-eabi-gcc "../Core/Src/main.c" -mcpu=cortex-m4 -std=gnu11 -g3 -DDEBUG -DUSE_HAL_DRIVER -DSTM32F411xE -c -I../Core/Inc -I../Drivers/STM32F4xx_HAL_Driver/Inc -I../Drivers/STM32F4xx_HAL_Driver/Inc/Legacy -I../Drivers/CMSIS/Device/ST/STM32F4xx/Include -I../Drivers/CMSIS/Include -O0 -ffunction-sections -fdata-sections -Wall -fstack-usage -fcyclomatic-complexity -MMD -MP -MF"Core/Src/main.d" -MT"Core/Src/main.o" --specs=nano.specs -mfpu=fpv4-sp-d16 -mfloat-abi=hard -mthumb -o "Core/Src/main.o"
../Core/Src/main.c: In function 'printLCD':
../Core/Src/main.c:397:9: warning: implicit declaration of function 'sprintf' [-Wimplicit-function-declaration]
  397 |         sprintf(bufferValue, "%.2f", l1avg);
      |         ^~~~~~~
../Core/Src/main.c:21:1: note: include '<stdio.h>' or provide a declaration of 'sprintf'
   20 | #include "main.h"
  +++ |+#include <stdio.h>
   21 | 
../Core/Src/main.c:397:9: warning: incompatible implicit declaration of built-in function 'sprintf' [-Wbuiltin-declaration-mismatch]
  397 |         sprintf(bufferValue, "%.2f", l1avg);
      |         ^~~~~~~
../Core/Src/main.c:397:9: note: include '<stdio.h>' or provide a declaration of 'sprintf'
../Core/Src/main.c: In function 'HAL_ADC_ConvCpltCallback':
../Core/Src/main.c:434:27: warning: implicit declaration of function 'fabs' [-Wimplicit-function-declaration]
  434 |                 avgDiff = fabs(l1avg - l2avg);
      |                           ^~~~
../Core/Src/main.c:21:1: note: include '<math.h>' or provide a declaration of 'fabs'
   20 | #include "main.h"
  +++ |+#include <math.h>
   21 | 
../Core/Src/main.c:434:27: warning: incompatible implicit declaration of built-in function 'fabs' [-Wbuiltin-declaration-mismatch]
  434 |                 avgDiff = fabs(l1avg - l2avg);
      |                           ^~~~
../Core/Src/main.c:434:27: note: include '<math.h>' or provide a declaration of 'fabs'
arm-none-eabi-gcc -o "AULA_8.elf" @"objects.list"   -mcpu=cortex-m4 -T"C:\Users\ACER\STM32CubeIDE\workspace_1.14.1\AULA_8\STM32F411CEUX_FLASH.ld" --specs=nosys.specs -Wl,-Map="AULA_8.map" -Wl,--gc-sections -static --specs=nano.specs -mfpu=fpv4-sp-d16 -mfloat-abi=hard -mthumb -u _printf_float -u _scanf_float -Wl,--start-group -lc -lm -Wl,--end-group
Finished building target: AULA_8.elf
 
arm-none-eabi-size  AULA_8.elf 
arm-none-eabi-objdump -h -S AULA_8.elf  > "AULA_8.list"
   text	   data	    bss	    dec	    hex	filename
  46124	    488	   2336	  48948	   bf34	AULA_8.elf
Finished building: default.size.stdout
 
Finished building: AULA_8.list
 
00:26:47 **** Incremental Build of configuration Debug for project AULA_8 ****
make -j8 all 
arm-none-eabi-gcc "../Core/Src/main.c" -mcpu=cortex-m4 -std=gnu11 -g3 -DDEBUG -DUSE_HAL_DRIVER -DSTM32F411xE -c -I../Core/Inc -I../Drivers/STM32F4xx_HAL_Driver/Inc -I../Drivers/STM32F4xx_HAL_Driver/Inc/Legacy -I../Drivers/CMSIS/Device/ST/STM32F4xx/Include -I../Drivers/CMSIS/Include -O0 -ffunction-sections -fdata-sections -Wall -fstack-usage -fcyclomatic-complexity -MMD -MP -MF"Core/Src/main.d" -MT"Core/Src/main.o" --specs=nano.specs -mfpu=fpv4-sp-d16 -mfloat-abi=hard -mthumb -o "Core/Src/main.o"
../Core/Src/main.c: In function 'printLCD':
../Core/Src/main.c:397:9: warning: implicit declaration of function 'sprintf' [-Wimplicit-function-declaration]
  397 |         sprintf(bufferValue, "%.2f", l1avg);
      |         ^~~~~~~
../Core/Src/main.c:21:1: note: include '<stdio.h>' or provide a declaration of 'sprintf'
   20 | #include "main.h"
  +++ |+#include <stdio.h>
   21 | 
../Core/Src/main.c:397:9: warning: incompatible implicit declaration of built-in function 'sprintf' [-Wbuiltin-declaration-mismatch]
  397 |         sprintf(bufferValue, "%.2f", l1avg);
      |         ^~~~~~~
../Core/Src/main.c:397:9: note: include '<stdio.h>' or provide a declaration of 'sprintf'
../Core/Src/main.c: In function 'HAL_ADC_ConvCpltCallback':
../Core/Src/main.c:434:27: warning: implicit declaration of function 'fabs' [-Wimplicit-function-declaration]
  434 |                 avgDiff = fabs(l1avg - l2avg);
      |                           ^~~~
../Core/Src/main.c:21:1: note: include '<math.h>' or provide a declaration of 'fabs'
   20 | #include "main.h"
  +++ |+#include <math.h>
   21 | 
../Core/Src/main.c:434:27: warning: incompatible implicit declaration of built-in function 'fabs' [-Wbuiltin-declaration-mismatch]
  434 |                 avgDiff = fabs(l1avg - l2avg);
      |                           ^~~~
../Core/Src/main.c:434:27: note: include '<math.h>' or provide a declaration of 'fabs'
arm-none-eabi-gcc -o "AULA_8.elf" @"objects.list"   -mcpu=cortex-m4 -T"C:\Users\ACER\STM32CubeIDE\workspace_1.14.1\AULA_8\STM32F411CEUX_FLASH.ld" --specs=nosys.specs -Wl,-Map="AULA_8.map" -Wl,--gc-sections -static --specs=nano.specs -mfpu=fpv4-sp-d16 -mfloat-abi=hard -mthumb -u _printf_float -u _scanf_float -Wl,--start-group -lc -lm -Wl,--end-group
Finished building target: AULA_8.elf
 
arm-none-eabi-size  AULA_8.elf 
arm-none-eabi-objdump -h -S AULA_8.elf  > "AULA_8.list"
   text	   data	    bss	    dec	    hex	filename
  46132	    488	   2336	  48956	   bf3c	AULA_8.elf
Finished building: default.size.stdout
 
Finished building: AULA_8.list
 
00:27:39 **** Incremental Build of configuration Debug for project AULA_8 ****
make -j8 all 
arm-none-eabi-gcc "../Core/Src/main.c" -mcpu=cortex-m4 -std=gnu11 -g3 -DDEBUG -DUSE_HAL_DRIVER -DSTM32F411xE -c -I../Core/Inc -I../Drivers/STM32F4xx_HAL_Driver/Inc -I../Drivers/STM32F4xx_HAL_Driver/Inc/Legacy -I../Drivers/CMSIS/Device/ST/STM32F4xx/Include -I../Drivers/CMSIS/Include -O0 -ffunction-sections -fdata-sections -Wall -fstack-usage -fcyclomatic-complexity -MMD -MP -MF"Core/Src/main.d" -MT"Core/Src/main.o" --specs=nano.specs -mfpu=fpv4-sp-d16 -mfloat-abi=hard -mthumb -o "Core/Src/main.o"
../Core/Src/main.c: In function 'printLCD':
../Core/Src/main.c:398:9: warning: implicit declaration of function 'sprintf' [-Wimplicit-function-declaration]
  398 |         sprintf(bufferValue, "%.2f", l1avg);
      |         ^~~~~~~
../Core/Src/main.c:21:1: note: include '<stdio.h>' or provide a declaration of 'sprintf'
   20 | #include "main.h"
  +++ |+#include <stdio.h>
   21 | 
../Core/Src/main.c:398:9: warning: incompatible implicit declaration of built-in function 'sprintf' [-Wbuiltin-declaration-mismatch]
  398 |         sprintf(bufferValue, "%.2f", l1avg);
      |         ^~~~~~~
../Core/Src/main.c:398:9: note: include '<stdio.h>' or provide a declaration of 'sprintf'
../Core/Src/main.c: In function 'HAL_ADC_ConvCpltCallback':
../Core/Src/main.c:435:27: warning: implicit declaration of function 'fabs' [-Wimplicit-function-declaration]
  435 |                 avgDiff = fabs(l1avg - l2avg);
      |                           ^~~~
../Core/Src/main.c:21:1: note: include '<math.h>' or provide a declaration of 'fabs'
   20 | #include "main.h"
  +++ |+#include <math.h>
   21 | 
../Core/Src/main.c:435:27: warning: incompatible implicit declaration of built-in function 'fabs' [-Wbuiltin-declaration-mismatch]
  435 |                 avgDiff = fabs(l1avg - l2avg);
      |                           ^~~~
../Core/Src/main.c:435:27: note: include '<math.h>' or provide a declaration of 'fabs'
arm-none-eabi-gcc -o "AULA_8.elf" @"objects.list"   -mcpu=cortex-m4 -T"C:\Users\ACER\STM32CubeIDE\workspace_1.14.1\AULA_8\STM32F411CEUX_FLASH.ld" --specs=nosys.specs -Wl,-Map="AULA_8.map" -Wl,--gc-sections -static --specs=nano.specs -mfpu=fpv4-sp-d16 -mfloat-abi=hard -mthumb -u _printf_float -u _scanf_float -Wl,--start-group -lc -lm -Wl,--end-group
Finished building target: AULA_8.elf
 
arm-none-eabi-size  AULA_8.elf 
arm-none-eabi-objdump -h -S AULA_8.elf  > "AULA_8.list"
   text	   data	    bss	    dec	    hex	filename
  46132	    488	   2336	  48956	   bf3c	AULA_8.elf
Finished building: default.size.stdout
 
Finished building: AULA_8.list
 
00:28:52 **** Incremental Build of configuration Debug for project AULA_8 ****
make -j8 all 
arm-none-eabi-gcc "../Core/Src/main.c" -mcpu=cortex-m4 -std=gnu11 -g3 -DDEBUG -DUSE_HAL_DRIVER -DSTM32F411xE -c -I../Core/Inc -I../Drivers/STM32F4xx_HAL_Driver/Inc -I../Drivers/STM32F4xx_HAL_Driver/Inc/Legacy -I../Drivers/CMSIS/Device/ST/STM32F4xx/Include -I../Drivers/CMSIS/Include -O0 -ffunction-sections -fdata-sections -Wall -fstack-usage -fcyclomatic-complexity -MMD -MP -MF"Core/Src/main.d" -MT"Core/Src/main.o" --specs=nano.specs -mfpu=fpv4-sp-d16 -mfloat-abi=hard -mthumb -o "Core/Src/main.o"
../Core/Src/main.c: In function 'printLCD':
../Core/Src/main.c:398:9: warning: implicit declaration of function 'sprintf' [-Wimplicit-function-declaration]
  398 |         sprintf(bufferValue, "%.2f", l1avg);
      |         ^~~~~~~
../Core/Src/main.c:21:1: note: include '<stdio.h>' or provide a declaration of 'sprintf'
   20 | #include "main.h"
  +++ |+#include <stdio.h>
   21 | 
../Core/Src/main.c:398:9: warning: incompatible implicit declaration of built-in function 'sprintf' [-Wbuiltin-declaration-mismatch]
  398 |         sprintf(bufferValue, "%.2f", l1avg);
      |         ^~~~~~~
../Core/Src/main.c:398:9: note: include '<stdio.h>' or provide a declaration of 'sprintf'
../Core/Src/main.c: In function 'HAL_ADC_ConvCpltCallback':
../Core/Src/main.c:435:27: warning: implicit declaration of function 'fabs' [-Wimplicit-function-declaration]
  435 |                 avgDiff = fabs(l1avg - l2avg);
      |                           ^~~~
../Core/Src/main.c:21:1: note: include '<math.h>' or provide a declaration of 'fabs'
   20 | #include "main.h"
  +++ |+#include <math.h>
   21 | 
../Core/Src/main.c:435:27: warning: incompatible implicit declaration of built-in function 'fabs' [-Wbuiltin-declaration-mismatch]
  435 |                 avgDiff = fabs(l1avg - l2avg);
      |                           ^~~~
../Core/Src/main.c:435:27: note: include '<math.h>' or provide a declaration of 'fabs'
arm-none-eabi-gcc -o "AULA_8.elf" @"objects.list"   -mcpu=cortex-m4 -T"C:\Users\ACER\STM32CubeIDE\workspace_1.14.1\AULA_8\STM32F411CEUX_FLASH.ld" --specs=nosys.specs -Wl,-Map="AULA_8.map" -Wl,--gc-sections -static --specs=nano.specs -mfpu=fpv4-sp-d16 -mfloat-abi=hard -mthumb -u _printf_float -u _scanf_float -Wl,--start-group -lc -lm -Wl,--end-group
Finished building target: AULA_8.elf
 
arm-none-eabi-size  AULA_8.elf 
arm-none-eabi-objdump -h -S AULA_8.elf  > "AULA_8.list"
   text	   data	    bss	    dec	    hex	filename
  46124	    488	   2336	  48948	   bf34	AULA_8.elf
Finished building: default.size.stdout
 
Finished building: AULA_8.list
 
00:34:15 **** Incremental Build of configuration Debug for project AULA_8 ****
make -j8 all 
arm-none-eabi-gcc "../Core/Src/main.c" -mcpu=cortex-m4 -std=gnu11 -g3 -DDEBUG -DUSE_HAL_DRIVER -DSTM32F411xE -c -I../Core/Inc -I../Drivers/STM32F4xx_HAL_Driver/Inc -I../Drivers/STM32F4xx_HAL_Driver/Inc/Legacy -I../Drivers/CMSIS/Device/ST/STM32F4xx/Include -I../Drivers/CMSIS/Include -O0 -ffunction-sections -fdata-sections -Wall -fstack-usage -fcyclomatic-complexity -MMD -MP -MF"Core/Src/main.d" -MT"Core/Src/main.o" --specs=nano.specs -mfpu=fpv4-sp-d16 -mfloat-abi=hard -mthumb -o "Core/Src/main.o"
../Core/Src/main.c: In function 'printLCD':
../Core/Src/main.c:415:9: warning: implicit declaration of function 'sprintf' [-Wimplicit-function-declaration]
  415 |         sprintf(bufferValue, "%.2f", l1avg);
      |         ^~~~~~~
../Core/Src/main.c:21:1: note: include '<stdio.h>' or provide a declaration of 'sprintf'
   20 | #include "main.h"
  +++ |+#include <stdio.h>
   21 | 
../Core/Src/main.c:415:9: warning: incompatible implicit declaration of built-in function 'sprintf' [-Wbuiltin-declaration-mismatch]
  415 |         sprintf(bufferValue, "%.2f", l1avg);
      |         ^~~~~~~
../Core/Src/main.c:415:9: note: include '<stdio.h>' or provide a declaration of 'sprintf'
../Core/Src/main.c: In function 'HAL_ADC_ConvCpltCallback':
../Core/Src/main.c:452:27: warning: implicit declaration of function 'fabs' [-Wimplicit-function-declaration]
  452 |                 avgDiff = fabs(l1avg - l2avg);
      |                           ^~~~
../Core/Src/main.c:21:1: note: include '<math.h>' or provide a declaration of 'fabs'
   20 | #include "main.h"
  +++ |+#include <math.h>
   21 | 
../Core/Src/main.c:452:27: warning: incompatible implicit declaration of built-in function 'fabs' [-Wbuiltin-declaration-mismatch]
  452 |                 avgDiff = fabs(l1avg - l2avg);
      |                           ^~~~
../Core/Src/main.c:452:27: note: include '<math.h>' or provide a declaration of 'fabs'
arm-none-eabi-gcc -o "AULA_8.elf" @"objects.list"   -mcpu=cortex-m4 -T"C:\Users\ACER\STM32CubeIDE\workspace_1.14.1\AULA_8\STM32F411CEUX_FLASH.ld" --specs=nosys.specs -Wl,-Map="AULA_8.map" -Wl,--gc-sections -static --specs=nano.specs -mfpu=fpv4-sp-d16 -mfloat-abi=hard -mthumb -u _printf_float -u _scanf_float -Wl,--start-group -lc -lm -Wl,--end-group
Finished building target: AULA_8.elf
 
arm-none-eabi-size  AULA_8.elf 
arm-none-eabi-objdump -h -S AULA_8.elf  > "AULA_8.list"
   text	   data	    bss	    dec	    hex	filename
  46124	    488	   2336	  48948	   bf34	AULA_8.elf
Finished building: default.size.stdout
 
Finished building: AULA_8.list
 
00:34:36 **** Incremental Build of configuration Debug for project AULA_8 ****
make -j8 all 
arm-none-eabi-size  AULA_8.elf 
   text	   data	    bss	    dec	    hex	filename
  46124	    488	   2336	  48948	   bf34	AULA_8.elf
Finished building: default.size.stdout
 
00:37:12 **** Incremental Build of configuration Debug for project AULA_8 ****
make -j8 all 
arm-none-eabi-gcc "../Core/Src/main.c" -mcpu=cortex-m4 -std=gnu11 -g3 -DDEBUG -DUSE_HAL_DRIVER -DSTM32F411xE -c -I../Core/Inc -I../Drivers/STM32F4xx_HAL_Driver/Inc -I../Drivers/STM32F4xx_HAL_Driver/Inc/Legacy -I../Drivers/CMSIS/Device/ST/STM32F4xx/Include -I../Drivers/CMSIS/Include -O0 -ffunction-sections -fdata-sections -Wall -fstack-usage -fcyclomatic-complexity -MMD -MP -MF"Core/Src/main.d" -MT"Core/Src/main.o" --specs=nano.specs -mfpu=fpv4-sp-d16 -mfloat-abi=hard -mthumb -o "Core/Src/main.o"
../Core/Src/main.c: In function 'printLCD':
../Core/Src/main.c:415:9: warning: implicit declaration of function 'sprintf' [-Wimplicit-function-declaration]
  415 |         sprintf(bufferValue, "%.2f", l1avg);
      |         ^~~~~~~
../Core/Src/main.c:21:1: note: include '<stdio.h>' or provide a declaration of 'sprintf'
   20 | #include "main.h"
  +++ |+#include <stdio.h>
   21 | 
../Core/Src/main.c:415:9: warning: incompatible implicit declaration of built-in function 'sprintf' [-Wbuiltin-declaration-mismatch]
  415 |         sprintf(bufferValue, "%.2f", l1avg);
      |         ^~~~~~~
../Core/Src/main.c:415:9: note: include '<stdio.h>' or provide a declaration of 'sprintf'
../Core/Src/main.c: In function 'HAL_ADC_ConvCpltCallback':
../Core/Src/main.c:452:27: warning: implicit declaration of function 'fabs' [-Wimplicit-function-declaration]
  452 |                 avgDiff = fabs(l1avg - l2avg);
      |                           ^~~~
../Core/Src/main.c:21:1: note: include '<math.h>' or provide a declaration of 'fabs'
   20 | #include "main.h"
  +++ |+#include <math.h>
   21 | 
../Core/Src/main.c:452:27: warning: incompatible implicit declaration of built-in function 'fabs' [-Wbuiltin-declaration-mismatch]
  452 |                 avgDiff = fabs(l1avg - l2avg);
      |                           ^~~~
../Core/Src/main.c:452:27: note: include '<math.h>' or provide a declaration of 'fabs'
arm-none-eabi-gcc -o "AULA_8.elf" @"objects.list"   -mcpu=cortex-m4 -T"C:\Users\ACER\STM32CubeIDE\workspace_1.14.1\AULA_8\STM32F411CEUX_FLASH.ld" --specs=nosys.specs -Wl,-Map="AULA_8.map" -Wl,--gc-sections -static --specs=nano.specs -mfpu=fpv4-sp-d16 -mfloat-abi=hard -mthumb -u _printf_float -u _scanf_float -Wl,--start-group -lc -lm -Wl,--end-group
Finished building target: AULA_8.elf
 
arm-none-eabi-size  AULA_8.elf 
arm-none-eabi-objdump -h -S AULA_8.elf  > "AULA_8.list"
   text	   data	    bss	    dec	    hex	filename
  46124	    488	   2336	  48948	   bf34	AULA_8.elf
Finished building: default.size.stdout
 
Finished building: AULA_8.list
 
00:38:59 **** Incremental Build of configuration Debug for project AULA_8 ****
make -j8 all 
arm-none-eabi-gcc "../Core/Src/main.c" -mcpu=cortex-m4 -std=gnu11 -g3 -DDEBUG -DUSE_HAL_DRIVER -DSTM32F411xE -c -I../Core/Inc -I../Drivers/STM32F4xx_HAL_Driver/Inc -I../Drivers/STM32F4xx_HAL_Driver/Inc/Legacy -I../Drivers/CMSIS/Device/ST/STM32F4xx/Include -I../Drivers/CMSIS/Include -O0 -ffunction-sections -fdata-sections -Wall -fstack-usage -fcyclomatic-complexity -MMD -MP -MF"Core/Src/main.d" -MT"Core/Src/main.o" --specs=nano.specs -mfpu=fpv4-sp-d16 -mfloat-abi=hard -mthumb -o "Core/Src/main.o"
../Core/Src/main.c: In function 'printLCD':
../Core/Src/main.c:415:9: warning: implicit declaration of function 'sprintf' [-Wimplicit-function-declaration]
  415 |         sprintf(bufferValue, "%.2f", l1avg);
      |         ^~~~~~~
../Core/Src/main.c:21:1: note: include '<stdio.h>' or provide a declaration of 'sprintf'
   20 | #include "main.h"
  +++ |+#include <stdio.h>
   21 | 
../Core/Src/main.c:415:9: warning: incompatible implicit declaration of built-in function 'sprintf' [-Wbuiltin-declaration-mismatch]
  415 |         sprintf(bufferValue, "%.2f", l1avg);
      |         ^~~~~~~
../Core/Src/main.c:415:9: note: include '<stdio.h>' or provide a declaration of 'sprintf'
../Core/Src/main.c: In function 'HAL_ADC_ConvCpltCallback':
../Core/Src/main.c:452:27: warning: implicit declaration of function 'fabs' [-Wimplicit-function-declaration]
  452 |                 avgDiff = fabs(l1avg - l2avg);
      |                           ^~~~
../Core/Src/main.c:21:1: note: include '<math.h>' or provide a declaration of 'fabs'
   20 | #include "main.h"
  +++ |+#include <math.h>
   21 | 
../Core/Src/main.c:452:27: warning: incompatible implicit declaration of built-in function 'fabs' [-Wbuiltin-declaration-mismatch]
  452 |                 avgDiff = fabs(l1avg - l2avg);
      |                           ^~~~
../Core/Src/main.c:452:27: note: include '<math.h>' or provide a declaration of 'fabs'
arm-none-eabi-gcc -o "AULA_8.elf" @"objects.list"   -mcpu=cortex-m4 -T"C:\Users\ACER\STM32CubeIDE\workspace_1.14.1\AULA_8\STM32F411CEUX_FLASH.ld" --specs=nosys.specs -Wl,-Map="AULA_8.map" -Wl,--gc-sections -static --specs=nano.specs -mfpu=fpv4-sp-d16 -mfloat-abi=hard -mthumb -u _printf_float -u _scanf_float -Wl,--start-group -lc -lm -Wl,--end-group
Finished building target: AULA_8.elf
 
arm-none-eabi-size  AULA_8.elf 
arm-none-eabi-objdump -h -S AULA_8.elf  > "AULA_8.list"
   text	   data	    bss	    dec	    hex	filename
  46124	    488	   2336	  48948	   bf34	AULA_8.elf
Finished building: default.size.stdout
 
Finished building: AULA_8.list
 
00:39:44 **** Incremental Build of configuration Debug for project AULA_8 ****
make -j8 all 
arm-none-eabi-size  AULA_8.elf 
   text	   data	    bss	    dec	    hex	filename
  46124	    488	   2336	  48948	   bf34	AULA_8.elf
Finished building: default.size.stdout
 
00:46:16 **** Incremental Build of configuration Debug for project AULA_8 ****
make -j8 all 
arm-none-eabi-gcc "../Core/Src/main.c" -mcpu=cortex-m4 -std=gnu11 -g3 -DDEBUG -DUSE_HAL_DRIVER -DSTM32F411xE -c -I../Core/Inc -I../Drivers/STM32F4xx_HAL_Driver/Inc -I../Drivers/STM32F4xx_HAL_Driver/Inc/Legacy -I../Drivers/CMSIS/Device/ST/STM32F4xx/Include -I../Drivers/CMSIS/Include -O0 -ffunction-sections -fdata-sections -Wall -fstack-usage -fcyclomatic-complexity -MMD -MP -MF"Core/Src/main.d" -MT"Core/Src/main.o" --specs=nano.specs -mfpu=fpv4-sp-d16 -mfloat-abi=hard -mthumb -o "Core/Src/main.o"
../Core/Src/main.c: In function 'printLCD':
../Core/Src/main.c:415:9: warning: implicit declaration of function 'sprintf' [-Wimplicit-function-declaration]
  415 |         sprintf(bufferValue, "%.2f", l1avg);
      |         ^~~~~~~
../Core/Src/main.c:21:1: note: include '<stdio.h>' or provide a declaration of 'sprintf'
   20 | #include "main.h"
  +++ |+#include <stdio.h>
   21 | 
../Core/Src/main.c:415:9: warning: incompatible implicit declaration of built-in function 'sprintf' [-Wbuiltin-declaration-mismatch]
  415 |         sprintf(bufferValue, "%.2f", l1avg);
      |         ^~~~~~~
../Core/Src/main.c:415:9: note: include '<stdio.h>' or provide a declaration of 'sprintf'
../Core/Src/main.c: In function 'HAL_ADC_ConvCpltCallback':
../Core/Src/main.c:458:27: warning: implicit declaration of function 'fabs' [-Wimplicit-function-declaration]
  458 |                 avgDiff = fabs(l1avg - l2avg);
      |                           ^~~~
../Core/Src/main.c:21:1: note: include '<math.h>' or provide a declaration of 'fabs'
   20 | #include "main.h"
  +++ |+#include <math.h>
   21 | 
../Core/Src/main.c:458:27: warning: incompatible implicit declaration of built-in function 'fabs' [-Wbuiltin-declaration-mismatch]
  458 |                 avgDiff = fabs(l1avg - l2avg);
      |                           ^~~~
../Core/Src/main.c:458:27: note: include '<math.h>' or provide a declaration of 'fabs'
arm-none-eabi-gcc -o "AULA_8.elf" @"objects.list"   -mcpu=cortex-m4 -T"C:\Users\ACER\STM32CubeIDE\workspace_1.14.1\AULA_8\STM32F411CEUX_FLASH.ld" --specs=nosys.specs -Wl,-Map="AULA_8.map" -Wl,--gc-sections -static --specs=nano.specs -mfpu=fpv4-sp-d16 -mfloat-abi=hard -mthumb -u _printf_float -u _scanf_float -Wl,--start-group -lc -lm -Wl,--end-group
Finished building target: AULA_8.elf
 
arm-none-eabi-size  AULA_8.elf 
arm-none-eabi-objdump -h -S AULA_8.elf  > "AULA_8.list"
   text	   data	    bss	    dec	    hex	filename
  45892	    488	   2304	  48684	   be2c	AULA_8.elf
Finished building: default.size.stdout
 
Finished building: AULA_8.list
 
00:48:51 **** Incremental Build of configuration Debug for project AULA_8 ****
make -j8 all 
arm-none-eabi-gcc "../Core/Src/main.c" -mcpu=cortex-m4 -std=gnu11 -g3 -DDEBUG -DUSE_HAL_DRIVER -DSTM32F411xE -c -I../Core/Inc -I../Drivers/STM32F4xx_HAL_Driver/Inc -I../Drivers/STM32F4xx_HAL_Driver/Inc/Legacy -I../Drivers/CMSIS/Device/ST/STM32F4xx/Include -I../Drivers/CMSIS/Include -O0 -ffunction-sections -fdata-sections -Wall -fstack-usage -fcyclomatic-complexity -MMD -MP -MF"Core/Src/main.d" -MT"Core/Src/main.o" --specs=nano.specs -mfpu=fpv4-sp-d16 -mfloat-abi=hard -mthumb -o "Core/Src/main.o"
../Core/Src/main.c: In function 'printLCD':
../Core/Src/main.c:415:9: warning: implicit declaration of function 'sprintf' [-Wimplicit-function-declaration]
  415 |         sprintf(bufferValue, "%.2f", l1avg);
      |         ^~~~~~~
../Core/Src/main.c:21:1: note: include '<stdio.h>' or provide a declaration of 'sprintf'
   20 | #include "main.h"
  +++ |+#include <stdio.h>
   21 | 
../Core/Src/main.c:415:9: warning: incompatible implicit declaration of built-in function 'sprintf' [-Wbuiltin-declaration-mismatch]
  415 |         sprintf(bufferValue, "%.2f", l1avg);
      |         ^~~~~~~
../Core/Src/main.c:415:9: note: include '<stdio.h>' or provide a declaration of 'sprintf'
arm-none-eabi-gcc -o "AULA_8.elf" @"objects.list"   -mcpu=cortex-m4 -T"C:\Users\ACER\STM32CubeIDE\workspace_1.14.1\AULA_8\STM32F411CEUX_FLASH.ld" --specs=nosys.specs -Wl,-Map="AULA_8.map" -Wl,--gc-sections -static --specs=nano.specs -mfpu=fpv4-sp-d16 -mfloat-abi=hard -mthumb -u _printf_float -u _scanf_float -Wl,--start-group -lc -lm -Wl,--end-group
Finished building target: AULA_8.elf
 
arm-none-eabi-size  AULA_8.elf 
arm-none-eabi-objdump -h -S AULA_8.elf  > "AULA_8.list"
   text	   data	    bss	    dec	    hex	filename
  45884	    488	   2304	  48676	   be24	AULA_8.elf
Finished building: default.size.stdout
 
Finished building: AULA_8.list
 
00:49:18 **** Incremental Build of configuration Debug for project AULA_8 ****
make -j8 all 
arm-none-eabi-gcc "../Core/Src/main.c" -mcpu=cortex-m4 -std=gnu11 -g3 -DDEBUG -DUSE_HAL_DRIVER -DSTM32F411xE -c -I../Core/Inc -I../Drivers/STM32F4xx_HAL_Driver/Inc -I../Drivers/STM32F4xx_HAL_Driver/Inc/Legacy -I../Drivers/CMSIS/Device/ST/STM32F4xx/Include -I../Drivers/CMSIS/Include -O0 -ffunction-sections -fdata-sections -Wall -fstack-usage -fcyclomatic-complexity -MMD -MP -MF"Core/Src/main.d" -MT"Core/Src/main.o" --specs=nano.specs -mfpu=fpv4-sp-d16 -mfloat-abi=hard -mthumb -o "Core/Src/main.o"
../Core/Src/main.c: In function 'printLCD':
../Core/Src/main.c:415:9: warning: implicit declaration of function 'sprintf' [-Wimplicit-function-declaration]
  415 |         sprintf(bufferValue, "%.2f", l1avg);
      |         ^~~~~~~
../Core/Src/main.c:21:1: note: include '<stdio.h>' or provide a declaration of 'sprintf'
   20 | #include "main.h"
  +++ |+#include <stdio.h>
   21 | 
../Core/Src/main.c:415:9: warning: incompatible implicit declaration of built-in function 'sprintf' [-Wbuiltin-declaration-mismatch]
  415 |         sprintf(bufferValue, "%.2f", l1avg);
      |         ^~~~~~~
../Core/Src/main.c:415:9: note: include '<stdio.h>' or provide a declaration of 'sprintf'
arm-none-eabi-gcc -o "AULA_8.elf" @"objects.list"   -mcpu=cortex-m4 -T"C:\Users\ACER\STM32CubeIDE\workspace_1.14.1\AULA_8\STM32F411CEUX_FLASH.ld" --specs=nosys.specs -Wl,-Map="AULA_8.map" -Wl,--gc-sections -static --specs=nano.specs -mfpu=fpv4-sp-d16 -mfloat-abi=hard -mthumb -u _printf_float -u _scanf_float -Wl,--start-group -lc -lm -Wl,--end-group
Finished building target: AULA_8.elf
 
arm-none-eabi-size  AULA_8.elf 
arm-none-eabi-objdump -h -S AULA_8.elf  > "AULA_8.list"
   text	   data	    bss	    dec	    hex	filename
  45876	    488	   2304	  48668	   be1c	AULA_8.elf
Finished building: default.size.stdout
 
Finished building: AULA_8.list
 
00:49:54 **** Incremental Build of configuration Debug for project AULA_8 ****
make -j8 all 
arm-none-eabi-gcc "../Core/Src/main.c" -mcpu=cortex-m4 -std=gnu11 -g3 -DDEBUG -DUSE_HAL_DRIVER -DSTM32F411xE -c -I../Core/Inc -I../Drivers/STM32F4xx_HAL_Driver/Inc -I../Drivers/STM32F4xx_HAL_Driver/Inc/Legacy -I../Drivers/CMSIS/Device/ST/STM32F4xx/Include -I../Drivers/CMSIS/Include -O0 -ffunction-sections -fdata-sections -Wall -fstack-usage -fcyclomatic-complexity -MMD -MP -MF"Core/Src/main.d" -MT"Core/Src/main.o" --specs=nano.specs -mfpu=fpv4-sp-d16 -mfloat-abi=hard -mthumb -o "Core/Src/main.o"
../Core/Src/main.c: In function 'printLCD':
../Core/Src/main.c:415:9: warning: implicit declaration of function 'sprintf' [-Wimplicit-function-declaration]
  415 |         sprintf(bufferValue, "%.2f", l1avg);
      |         ^~~~~~~
../Core/Src/main.c:21:1: note: include '<stdio.h>' or provide a declaration of 'sprintf'
   20 | #include "main.h"
  +++ |+#include <stdio.h>
   21 | 
../Core/Src/main.c:415:9: warning: incompatible implicit declaration of built-in function 'sprintf' [-Wbuiltin-declaration-mismatch]
  415 |         sprintf(bufferValue, "%.2f", l1avg);
      |         ^~~~~~~
../Core/Src/main.c:415:9: note: include '<stdio.h>' or provide a declaration of 'sprintf'
arm-none-eabi-gcc -o "AULA_8.elf" @"objects.list"   -mcpu=cortex-m4 -T"C:\Users\ACER\STM32CubeIDE\workspace_1.14.1\AULA_8\STM32F411CEUX_FLASH.ld" --specs=nosys.specs -Wl,-Map="AULA_8.map" -Wl,--gc-sections -static --specs=nano.specs -mfpu=fpv4-sp-d16 -mfloat-abi=hard -mthumb -u _printf_float -u _scanf_float -Wl,--start-group -lc -lm -Wl,--end-group
Finished building target: AULA_8.elf
 
arm-none-eabi-size  AULA_8.elf 
arm-none-eabi-objdump -h -S AULA_8.elf  > "AULA_8.list"
   text	   data	    bss	    dec	    hex	filename
  45876	    488	   2304	  48668	   be1c	AULA_8.elf
Finished building: default.size.stdout
 
Finished building: AULA_8.list
 
00:52:41 **** Incremental Build of configuration Debug for project AULA_8 ****
make -j8 all 
arm-none-eabi-gcc "../Core/Src/main.c" -mcpu=cortex-m4 -std=gnu11 -g3 -DDEBUG -DUSE_HAL_DRIVER -DSTM32F411xE -c -I../Core/Inc -I../Drivers/STM32F4xx_HAL_Driver/Inc -I../Drivers/STM32F4xx_HAL_Driver/Inc/Legacy -I../Drivers/CMSIS/Device/ST/STM32F4xx/Include -I../Drivers/CMSIS/Include -O0 -ffunction-sections -fdata-sections -Wall -fstack-usage -fcyclomatic-complexity -MMD -MP -MF"Core/Src/main.d" -MT"Core/Src/main.o" --specs=nano.specs -mfpu=fpv4-sp-d16 -mfloat-abi=hard -mthumb -o "Core/Src/main.o"
../Core/Src/main.c: In function 'printLCD':
../Core/Src/main.c:415:9: warning: implicit declaration of function 'sprintf' [-Wimplicit-function-declaration]
  415 |         sprintf(bufferValue, "%.2f", l1avg);
      |         ^~~~~~~
../Core/Src/main.c:21:1: note: include '<stdio.h>' or provide a declaration of 'sprintf'
   20 | #include "main.h"
  +++ |+#include <stdio.h>
   21 | 
../Core/Src/main.c:415:9: warning: incompatible implicit declaration of built-in function 'sprintf' [-Wbuiltin-declaration-mismatch]
  415 |         sprintf(bufferValue, "%.2f", l1avg);
      |         ^~~~~~~
[...]
  250 | int     sprintf (char *__restrict, const char *__restrict, ...)
      |                  ^
../Core/Src/main.c:408:25: warning: passing argument 1 of 'lcd_send_string' from incompatible pointer type [-Wincompatible-pointer-types]
  408 |         lcd_send_string(bufferValue);
      |                         ^~~~~~~~~~~
      |                         |
      |                         uint16_t * {aka short unsigned int *}
../Core/Src/main.c:82:28: note: expected 'char *' but argument is of type 'uint16_t *' {aka 'short unsigned int *'}
   82 | void lcd_send_string(char *str);
      |                      ~~~~~~^~~
arm-none-eabi-gcc -o "AULA_8.elf" @"objects.list"   -mcpu=cortex-m4 -T"C:\Users\ACER\STM32CubeIDE\workspace_1.14.1\AULA_8\STM32F411CEUX_FLASH.ld" --specs=nosys.specs -Wl,-Map="AULA_8.map" -Wl,--gc-sections -static --specs=nano.specs -mfpu=fpv4-sp-d16 -mfloat-abi=hard -mthumb -u _printf_float -u _scanf_float -Wl,--start-group -lc -lm -Wl,--end-group
Finished building target: AULA_8.elf
 
arm-none-eabi-size  AULA_8.elf 
arm-none-eabi-objdump -h -S AULA_8.elf  > "AULA_8.list"
   text	   data	    bss	    dec	    hex	filename
  39980	    468	   2276	  42724	   a6e4	AULA_8.elf
Finished building: default.size.stdout
 
Finished building: AULA_8.list
 
01:55:21 **** Incremental Build of configuration Debug for project AULA_8 ****
make -j8 all 
arm-none-eabi-gcc "../Core/Src/main.c" -mcpu=cortex-m4 -std=gnu11 -g3 -DDEBUG -DUSE_HAL_DRIVER -DSTM32F411xE -c -I../Core/Inc -I../Drivers/STM32F4xx_HAL_Driver/Inc -I../Drivers/STM32F4xx_HAL_Driver/Inc/Legacy -I../Drivers/CMSIS/Device/ST/STM32F4xx/Include -I../Drivers/CMSIS/Include -O0 -ffunction-sections -fdata-sections -Wall -fstack-usage -fcyclomatic-complexity -MMD -MP -MF"Core/Src/main.d" -MT"Core/Src/main.o" --specs=nano.specs -mfpu=fpv4-sp-d16 -mfloat-abi=hard -mthumb -o "Core/Src/main.o"
../Core/Src/main.c: In function 'main':
../Core/Src/main.c:131:44: warning: passing argument 2 of 'HAL_ADC_Start_DMA' from incompatible pointer type [-Wincompatible-pointer-types]
  131 |         RetADC = HAL_ADC_Start_DMA(&hadc1, bufferValue, ADCBUFFERSIZE);
      |                                            ^~~~~~~~~~~
      |                                            |
      |                                            uint16_t * {aka short unsigned int *}
In file included from ../Core/Inc/stm32f4xx_hal_conf.h:295,
                 from ../Drivers/STM32F4xx_HAL_Driver/Inc/stm32f4xx_hal.h:29,
                 from ../Core/Inc/main.h:30,
                 from ../Core/Src/main.c:20:
../Drivers/STM32F4xx_HAL_Driver/Inc/stm32f4xx_hal_adc.h:594:72: note: expected 'uint32_t *' {aka 'long unsigned int *'} but argument is of type 'uint16_t *' {aka 'short unsigned int *'}
  594 | HAL_StatusTypeDef HAL_ADC_Start_DMA(ADC_HandleTypeDef *hadc, uint32_t *pData, uint32_t Length);
      |                                                              ~~~~~~~~~~^~~~~
../Core/Src/main.c: In function 'printLCD':
../Core/Src/main.c:419:17: warning: passing argument 1 of 'sprintf' from incompatible pointer type [-Wincompatible-pointer-types]
  419 |         sprintf(bufferValue, "%.2f", l1avg);
      |                 ^~~~~~~~~~~
      |                 |
      |                 uint16_t * {aka short unsigned int *}
In file included from ../Core/Src/main.c:25:
C:\ST\STM32CubeIDE_1.14.1\STM32CubeIDE\plugins\com.st.stm32cube.ide.mcu.externaltools.gnu-tools-for-stm32.12.3.rel1.win32_1.0.100.202403111256\tools\bin/../lib/gcc/arm-none-eabi/12.3.1/../../../../arm-none-eabi/include/stdio.h:250:18: note: expected 'char * restrict' but argument is of type 'uint16_t *' {aka 'short unsigned int *'}
  250 | int     sprintf (char *__restrict, const char *__restrict, ...)
      |                  ^
../Core/Src/main.c:420:25: warning: passing argument 1 of 'lcd_send_string' from incompatible pointer type [-Wincompatible-pointer-types]
  420 |         lcd_send_string(bufferValue);
      |                         ^~~~~~~~~~~
      |                         |
      |                         uint16_t * {aka short unsigned int *}
../Core/Src/main.c:82:28: note: expected 'char *' but argument is of type 'uint16_t *' {aka 'short unsigned int *'}
   82 | void lcd_send_string(char *str);
      |                      ~~~~~~^~~
../Core/Src/main.c:425:17: warning: passing argument 1 of 'sprintf' from incompatible pointer type [-Wincompatible-pointer-types]
  425 |         sprintf(bufferValue, "%.2f", l2avg);
      |                 ^~~~~~~~~~~
      |                 |
      |                 uint16_t * {aka short unsigned int *}
C:\ST\STM32CubeIDE_1.14.1\STM32CubeIDE\plugins\com.st.stm32cube.ide.mcu.externaltools.gnu-tools-for-stm32.12.3.rel1.win32_1.0.100.202403111256\tools\bin/../lib/gcc/arm-none-eabi/12.3.1/../../../../arm-none-eabi/include/stdio.h:250:18: note: expected 'char * restrict' but argument is of type 'uint16_t *' {aka 'short unsigned int *'}
  250 | int     sprintf (char *__restrict, const char *__restrict, ...)
      |                  ^
../Core/Src/main.c:426:25: warning: passing argument 1 of 'lcd_send_string' from incompatible pointer type [-Wincompatible-pointer-types]
  426 |         lcd_send_string(bufferValue);
      |                         ^~~~~~~~~~~
      |                         |
      |                         uint16_t * {aka short unsigned int *}
../Core/Src/main.c:82:28: note: expected 'char *' but argument is of type 'uint16_t *' {aka 'short unsigned int *'}
   82 | void lcd_send_string(char *str);
      |                      ~~~~~~^~~
../Core/Src/main.c:431:17: warning: passing argument 1 of 'sprintf' from incompatible pointer type [-Wincompatible-pointer-types]
  431 |         sprintf(bufferValue, "%.2f", avgDiff);
      |                 ^~~~~~~~~~~
      |                 |
      |                 uint16_t * {aka short unsigned int *}
C:\ST\STM32CubeIDE_1.14.1\STM32CubeIDE\plugins\com.st.stm32cube.ide.mcu.externaltools.gnu-tools-for-stm32.12.3.rel1.win32_1.0.100.202403111256\tools\bin/../lib/gcc/arm-none-eabi/12.3.1/../../../../arm-none-eabi/include/stdio.h:250:18: note: expected 'char * restrict' but argument is of type 'uint16_t *' {aka 'short unsigned int *'}
  250 | int     sprintf (char *__restrict, const char *__restrict, ...)
      |                  ^
../Core/Src/main.c:432:25: warning: passing argument 1 of 'lcd_send_string' from incompatible pointer type [-Wincompatible-pointer-types]
  432 |         lcd_send_string(bufferValue);
      |                         ^~~~~~~~~~~
      |                         |
      |                         uint16_t * {aka short unsigned int *}
../Core/Src/main.c:82:28: note: expected 'char *' but argument is of type 'uint16_t *' {aka 'short unsigned int *'}
   82 | void lcd_send_string(char *str);
      |                      ~~~~~~^~~
arm-none-eabi-gcc -o "AULA_8.elf" @"objects.list"   -mcpu=cortex-m4 -T"C:\Users\ACER\STM32CubeIDE\workspace_1.14.1\AULA_8\STM32F411CEUX_FLASH.ld" --specs=nosys.specs -Wl,-Map="AULA_8.map" -Wl,--gc-sections -static --specs=nano.specs -mfpu=fpv4-sp-d16 -mfloat-abi=hard -mthumb -u _printf_float -u _scanf_float -Wl,--start-group -lc -lm -Wl,--end-group
Finished building target: AULA_8.elf
 
arm-none-eabi-size  AULA_8.elf 
arm-none-eabi-objdump -h -S AULA_8.elf  > "AULA_8.list"
   text	   data	    bss	    dec	    hex	filename
  44356	    488	   2280	  47124	   b814	AULA_8.elf
Finished building: default.size.stdout
 
Finished building: AULA_8.list
 
01:56:39 **** Incremental Build of configuration Debug for project AULA_8 ****
make -j8 all 
arm-none-eabi-gcc "../Core/Src/main.c" -mcpu=cortex-m4 -std=gnu11 -g3 -DDEBUG -DUSE_HAL_DRIVER -DSTM32F411xE -c -I../Core/Inc -I../Drivers/STM32F4xx_HAL_Driver/Inc -I../Drivers/STM32F4xx_HAL_Driver/Inc/Legacy -I../Drivers/CMSIS/Device/ST/STM32F4xx/Include -I../Drivers/CMSIS/Include -O0 -ffunction-sections -fdata-sections -Wall -fstack-usage -fcyclomatic-complexity -MMD -MP -MF"Core/Src/main.d" -MT"Core/Src/main.o" --specs=nano.specs -mfpu=fpv4-sp-d16 -mfloat-abi=hard -mthumb -o "Core/Src/main.o"
../Core/Src/main.c: In function 'main':
../Core/Src/main.c:131:44: warning: passing argument 2 of 'HAL_ADC_Start_DMA' from incompatible pointer type [-Wincompatible-pointer-types]
  131 |         RetADC = HAL_ADC_Start_DMA(&hadc1, bufferValue, ADCBUFFERSIZE);
      |                                            ^~~~~~~~~~~
      |                                            |
      |                                            uint16_t * {aka short unsigned int *}
In file included from ../Core/Inc/stm32f4xx_hal_conf.h:295,
                 from ../Drivers/STM32F4xx_HAL_Driver/Inc/stm32f4xx_hal.h:29,
                 from ../Core/Inc/main.h:30,
                 from ../Core/Src/main.c:20:
../Drivers/STM32F4xx_HAL_Driver/Inc/stm32f4xx_hal_adc.h:594:72: note: expected 'uint32_t *' {aka 'long unsigned int *'} but argument is of type 'uint16_t *' {aka 'short unsigned int *'}
  594 | HAL_StatusTypeDef HAL_ADC_Start_DMA(ADC_HandleTypeDef *hadc, uint32_t *pData, uint32_t Length);
      |                                                              ~~~~~~~~~~^~~~~
../Core/Src/main.c: In function 'printLCD':
../Core/Src/main.c:419:17: warning: passing argument 1 of 'sprintf' from incompatible pointer type [-Wincompatible-pointer-types]
  419 |         sprintf(bufferValue, "%.2f", l1avg);
      |                 ^~~~~~~~~~~
      |                 |
      |                 uint16_t * {aka short unsigned int *}
In file included from ../Core/Src/main.c:25:
C:\ST\STM32CubeIDE_1.14.1\STM32CubeIDE\plugins\com.st.stm32cube.ide.mcu.externaltools.gnu-tools-for-stm32.12.3.rel1.win32_1.0.100.202403111256\tools\bin/../lib/gcc/arm-none-eabi/12.3.1/../../../../arm-none-eabi/include/stdio.h:250:18: note: expected 'char * restrict' but argument is of type 'uint16_t *' {aka 'short unsigned int *'}
  250 | int     sprintf (char *__restrict, const char *__restrict, ...)
      |                  ^
../Core/Src/main.c:420:25: warning: passing argument 1 of 'lcd_send_string' from incompatible pointer type [-Wincompatible-pointer-types]
  420 |         lcd_send_string(bufferValue);
      |                         ^~~~~~~~~~~
      |                         |
      |                         uint16_t * {aka short unsigned int *}
../Core/Src/main.c:82:28: note: expected 'char *' but argument is of type 'uint16_t *' {aka 'short unsigned int *'}
   82 | void lcd_send_string(char *str);
      |                      ~~~~~~^~~
../Core/Src/main.c:425:17: warning: passing argument 1 of 'sprintf' from incompatible pointer type [-Wincompatible-pointer-types]
  425 |         sprintf(bufferValue, "%.2f", l2avg);
      |                 ^~~~~~~~~~~
      |                 |
      |                 uint16_t * {aka short unsigned int *}
C:\ST\STM32CubeIDE_1.14.1\STM32CubeIDE\plugins\com.st.stm32cube.ide.mcu.externaltools.gnu-tools-for-stm32.12.3.rel1.win32_1.0.100.202403111256\tools\bin/../lib/gcc/arm-none-eabi/12.3.1/../../../../arm-none-eabi/include/stdio.h:250:18: note: expected 'char * restrict' but argument is of type 'uint16_t *' {aka 'short unsigned int *'}
  250 | int     sprintf (char *__restrict, const char *__restrict, ...)
      |                  ^
../Core/Src/main.c:426:25: warning: passing argument 1 of 'lcd_send_string' from incompatible pointer type [-Wincompatible-pointer-types]
  426 |         lcd_send_string(bufferValue);
      |                         ^~~~~~~~~~~
      |                         |
      |                         uint16_t * {aka short unsigned int *}
../Core/Src/main.c:82:28: note: expected 'char *' but argument is of type 'uint16_t *' {aka 'short unsigned int *'}
   82 | void lcd_send_string(char *str);
      |                      ~~~~~~^~~
../Core/Src/main.c:431:17: warning: passing argument 1 of 'sprintf' from incompatible pointer type [-Wincompatible-pointer-types]
  431 |         sprintf(bufferValue, "%.2f", avgDiff);
      |                 ^~~~~~~~~~~
      |                 |
      |                 uint16_t * {aka short unsigned int *}
C:\ST\STM32CubeIDE_1.14.1\STM32CubeIDE\plugins\com.st.stm32cube.ide.mcu.externaltools.gnu-tools-for-stm32.12.3.rel1.win32_1.0.100.202403111256\tools\bin/../lib/gcc/arm-none-eabi/12.3.1/../../../../arm-none-eabi/include/stdio.h:250:18: note: expected 'char * restrict' but argument is of type 'uint16_t *' {aka 'short unsigned int *'}
  250 | int     sprintf (char *__restrict, const char *__restrict, ...)
      |                  ^
../Core/Src/main.c:432:25: warning: passing argument 1 of 'lcd_send_string' from incompatible pointer type [-Wincompatible-pointer-types]
  432 |         lcd_send_string(bufferValue);
      |                         ^~~~~~~~~~~
      |                         |
      |                         uint16_t * {aka short unsigned int *}
../Core/Src/main.c:82:28: note: expected 'char *' but argument is of type 'uint16_t *' {aka 'short unsigned int *'}
   82 | void lcd_send_string(char *str);
      |                      ~~~~~~^~~
arm-none-eabi-gcc -o "AULA_8.elf" @"objects.list"   -mcpu=cortex-m4 -T"C:\Users\ACER\STM32CubeIDE\workspace_1.14.1\AULA_8\STM32F411CEUX_FLASH.ld" --specs=nosys.specs -Wl,-Map="AULA_8.map" -Wl,--gc-sections -static --specs=nano.specs -mfpu=fpv4-sp-d16 -mfloat-abi=hard -mthumb -u _printf_float -u _scanf_float -Wl,--start-group -lc -lm -Wl,--end-group
Finished building target: AULA_8.elf
 
arm-none-eabi-size  AULA_8.elf 
arm-none-eabi-objdump -h -S AULA_8.elf  > "AULA_8.list"
   text	   data	    bss	    dec	    hex	filename
  44356	    488	   2280	  47124	   b814	AULA_8.elf
Finished building: default.size.stdout
 
Finished building: AULA_8.list
 
01:58:13 **** Incremental Build of configuration Debug for project AULA_8 ****
make -j8 all 
arm-none-eabi-gcc "../Core/Src/main.c" -mcpu=cortex-m4 -std=gnu11 -g3 -DDEBUG -DUSE_HAL_DRIVER -DSTM32F411xE -c -I../Core/Inc -I../Drivers/STM32F4xx_HAL_Driver/Inc -I../Drivers/STM32F4xx_HAL_Driver/Inc/Legacy -I../Drivers/CMSIS/Device/ST/STM32F4xx/Include -I../Drivers/CMSIS/Include -O0 -ffunction-sections -fdata-sections -Wall -fstack-usage -fcyclomatic-complexity -MMD -MP -MF"Core/Src/main.d" -MT"Core/Src/main.o" --specs=nano.specs -mfpu=fpv4-sp-d16 -mfloat-abi=hard -mthumb -o "Core/Src/main.o"
../Core/Src/main.c: In function 'main':
../Core/Src/main.c:131:44: warning: passing argument 2 of 'HAL_ADC_Start_DMA' from incompatible pointer type [-Wincompatible-pointer-types]
  131 |         RetADC = HAL_ADC_Start_DMA(&hadc1, bufferValue, ADCBUFFERSIZE);
      |                                            ^~~~~~~~~~~
      |                                            |
      |                                            uint16_t * {aka short unsigned int *}
In file included from ../Core/Inc/stm32f4xx_hal_conf.h:295,
                 from ../Drivers/STM32F4xx_HAL_Driver/Inc/stm32f4xx_hal.h:29,
                 from ../Core/Inc/main.h:30,
                 from ../Core/Src/main.c:20:
../Drivers/STM32F4xx_HAL_Driver/Inc/stm32f4xx_hal_adc.h:594:72: note: expected 'uint32_t *' {aka 'long unsigned int *'} but argument is of type 'uint16_t *' {aka 'short unsigned int *'}
  594 | HAL_StatusTypeDef HAL_ADC_Start_DMA(ADC_HandleTypeDef *hadc, uint32_t *pData, uint32_t Length);
      |                                                              ~~~~~~~~~~^~~~~
../Core/Src/main.c: In function 'printLCD':
../Core/Src/main.c:424:17: warning: passing argument 1 of 'sprintf' from incompatible pointer type [-Wincompatible-pointer-types]
  424 |         sprintf(bufferValue, "%.2f", l1avg);
      |                 ^~~~~~~~~~~
      |                 |
      |                 uint16_t * {aka short unsigned int *}
In file included from ../Core/Src/main.c:25:
C:\ST\STM32CubeIDE_1.14.1\STM32CubeIDE\plugins\com.st.stm32cube.ide.mcu.externaltools.gnu-tools-for-stm32.12.3.rel1.win32_1.0.100.202403111256\tools\bin/../lib/gcc/arm-none-eabi/12.3.1/../../../../arm-none-eabi/include/stdio.h:250:18: note: expected 'char * restrict' but argument is of type 'uint16_t *' {aka 'short unsigned int *'}
  250 | int     sprintf (char *__restrict, const char *__restrict, ...)
      |                  ^
../Core/Src/main.c:425:25: warning: passing argument 1 of 'lcd_send_string' from incompatible pointer type [-Wincompatible-pointer-types]
  425 |         lcd_send_string(bufferValue);
      |                         ^~~~~~~~~~~
      |                         |
      |                         uint16_t * {aka short unsigned int *}
../Core/Src/main.c:82:28: note: expected 'char *' but argument is of type 'uint16_t *' {aka 'short unsigned int *'}
   82 | void lcd_send_string(char *str);
      |                      ~~~~~~^~~
../Core/Src/main.c:430:17: warning: passing argument 1 of 'sprintf' from incompatible pointer type [-Wincompatible-pointer-types]
  430 |         sprintf(bufferValue, "%.2f", l2avg);
      |                 ^~~~~~~~~~~
      |                 |
      |                 uint16_t * {aka short unsigned int *}
C:\ST\STM32CubeIDE_1.14.1\STM32CubeIDE\plugins\com.st.stm32cube.ide.mcu.externaltools.gnu-tools-for-stm32.12.3.rel1.win32_1.0.100.202403111256\tools\bin/../lib/gcc/arm-none-eabi/12.3.1/../../../../arm-none-eabi/include/stdio.h:250:18: note: expected 'char * restrict' but argument is of type 'uint16_t *' {aka 'short unsigned int *'}
  250 | int     sprintf (char *__restrict, const char *__restrict, ...)
      |                  ^
../Core/Src/main.c:431:25: warning: passing argument 1 of 'lcd_send_string' from incompatible pointer type [-Wincompatible-pointer-types]
  431 |         lcd_send_string(bufferValue);
      |                         ^~~~~~~~~~~
      |                         |
      |                         uint16_t * {aka short unsigned int *}
../Core/Src/main.c:82:28: note: expected 'char *' but argument is of type 'uint16_t *' {aka 'short unsigned int *'}
   82 | void lcd_send_string(char *str);
      |                      ~~~~~~^~~
../Core/Src/main.c:436:17: warning: passing argument 1 of 'sprintf' from incompatible pointer type [-Wincompatible-pointer-types]
  436 |         sprintf(bufferValue, "%.2f", avgDiff);
      |                 ^~~~~~~~~~~
      |                 |
      |                 uint16_t * {aka short unsigned int *}
C:\ST\STM32CubeIDE_1.14.1\STM32CubeIDE\plugins\com.st.stm32cube.ide.mcu.externaltools.gnu-tools-for-stm32.12.3.rel1.win32_1.0.100.202403111256\tools\bin/../lib/gcc/arm-none-eabi/12.3.1/../../../../arm-none-eabi/include/stdio.h:250:18: note: expected 'char * restrict' but argument is of type 'uint16_t *' {aka 'short unsigned int *'}
  250 | int     sprintf (char *__restrict, const char *__restrict, ...)
      |                  ^
../Core/Src/main.c:437:25: warning: passing argument 1 of 'lcd_send_string' from incompatible pointer type [-Wincompatible-pointer-types]
  437 |         lcd_send_string(bufferValue);
      |                         ^~~~~~~~~~~
      |                         |
      |                         uint16_t * {aka short unsigned int *}
../Core/Src/main.c:82:28: note: expected 'char *' but argument is of type 'uint16_t *' {aka 'short unsigned int *'}
   82 | void lcd_send_string(char *str);
      |                      ~~~~~~^~~
arm-none-eabi-gcc -o "AULA_8.elf" @"objects.list"   -mcpu=cortex-m4 -T"C:\Users\ACER\STM32CubeIDE\workspace_1.14.1\AULA_8\STM32F411CEUX_FLASH.ld" --specs=nosys.specs -Wl,-Map="AULA_8.map" -Wl,--gc-sections -static --specs=nano.specs -mfpu=fpv4-sp-d16 -mfloat-abi=hard -mthumb -u _printf_float -u _scanf_float -Wl,--start-group -lc -lm -Wl,--end-group
Finished building target: AULA_8.elf
 
arm-none-eabi-size  AULA_8.elf 
arm-none-eabi-objdump -h -S AULA_8.elf  > "AULA_8.list"
   text	   data	    bss	    dec	    hex	filename
  44388	    488	   2280	  47156	   b834	AULA_8.elf
Finished building: default.size.stdout
 
Finished building: AULA_8.list
 
