01:25:11 **** Incremental Build of configuration Debug for project EXERCICIO_AULA6 ****
make -j8 all 
arm-none-eabi-size  EXERCICIO_AULA6.elf 
   text	   data	    bss	    dec	    hex	filename
  53788	    708	   9148	  63644	   f89c	EXERCICIO_AULA6.elf
Finished building: default.size.stdout
 
01:25:19 **** Incremental Build of configuration Debug for project EXERCICIO_AULA6 ****
make -j8 all 
arm-none-eabi-size  EXERCICIO_AULA6.elf 
   text	   data	    bss	    dec	    hex	filename
  53788	    708	   9148	  63644	   f89c	EXERCICIO_AULA6.elf
Finished building: default.size.stdout
 
01:28:37 **** Incremental Build of configuration Debug for project EXERCICIO_AULA6 ****
make -j8 all 
arm-none-eabi-gcc "../Core/Src/stm32f4xx_hal_msp.c" -mcpu=cortex-m4 -std=gnu11 -g3 -DDEBUG -DUSE_HAL_DRIVER -DSTM32F411xE -c -I../Core/Inc -I../Drivers/STM32F4xx_HAL_Driver/Inc -I../Drivers/STM32F4xx_HAL_Driver/Inc/Legacy -I../Drivers/CMSIS/Device/ST/STM32F4xx/Include -I../Drivers/CMSIS/Include -I../USB_DEVICE/App -I../USB_DEVICE/Target -I../Middlewares/ST/STM32_USB_Device_Library/Core/Inc -I../Middlewares/ST/STM32_USB_Device_Library/Class/CDC/Inc -O0 -ffunction-sections -fdata-sections -Wall -fstack-usage -fcyclomatic-complexity -MMD -MP -MF"Core/Src/stm32f4xx_hal_msp.d" -MT"Core/Src/stm32f4xx_hal_msp.o" --specs=nano.specs -mfpu=fpv4-sp-d16 -mfloat-abi=hard -mthumb -o "Core/Src/stm32f4xx_hal_msp.o"
arm-none-eabi-gcc "../Core/Src/stm32f4xx_it.c" -mcpu=cortex-m4 -std=gnu11 -g3 -DDEBUG -DUSE_HAL_DRIVER -DSTM32F411xE -c -I../Core/Inc -I../Drivers/STM32F4xx_HAL_Driver/Inc -I../Drivers/STM32F4xx_HAL_Driver/Inc/Legacy -I../Drivers/CMSIS/Device/ST/STM32F4xx/Include -I../Drivers/CMSIS/Include -I../USB_DEVICE/App -I../USB_DEVICE/Target -I../Middlewares/ST/STM32_USB_Device_Library/Core/Inc -I../Middlewares/ST/STM32_USB_Device_Library/Class/CDC/Inc -O0 -ffunction-sections -fdata-sections -Wall -fstack-usage -fcyclomatic-complexity -MMD -MP -MF"Core/Src/stm32f4xx_it.d" -MT"Core/Src/stm32f4xx_it.o" --specs=nano.specs -mfpu=fpv4-sp-d16 -mfloat-abi=hard -mthumb -o "Core/Src/stm32f4xx_it.o"
arm-none-eabi-gcc -o "EXERCICIO_AULA6.elf" @"objects.list"   -mcpu=cortex-m4 -T"C:\Users\ACER\STM32CubeIDE\workspace_1.14.1\EXERCICIO_AULA6\STM32F411CEUX_FLASH.ld" --specs=nosys.specs -Wl,-Map="EXERCICIO_AULA6.map" -Wl,--gc-sections -static --specs=nano.specs -mfpu=fpv4-sp-d16 -mfloat-abi=hard -mthumb -u _printf_float -u _scanf_float -Wl,--start-group -lc -lm -Wl,--end-group
Finished building target: EXERCICIO_AULA6.elf
 
arm-none-eabi-size  EXERCICIO_AULA6.elf 
arm-none-eabi-objdump -h -S EXERCICIO_AULA6.elf  > "EXERCICIO_AULA6.list"
   text	   data	    bss	    dec	    hex	filename
  54596	    712	   9144	  64452	   fbc4	EXERCICIO_AULA6.elf
Finished building: default.size.stdout
 
Finished building: EXERCICIO_AULA6.list
 
01:29:34 **** Incremental Build of configuration Debug for project EXERCICIO_AULA6 ****
make -j8 all 
arm-none-eabi-gcc "../Core/Src/main.c" -mcpu=cortex-m4 -std=gnu11 -g3 -DDEBUG -DUSE_HAL_DRIVER -DSTM32F411xE -c -I../Core/Inc -I../Drivers/STM32F4xx_HAL_Driver/Inc -I../Drivers/STM32F4xx_HAL_Driver/Inc/Legacy -I../Drivers/CMSIS/Device/ST/STM32F4xx/Include -I../Drivers/CMSIS/Include -I../USB_DEVICE/App -I../USB_DEVICE/Target -I../Middlewares/ST/STM32_USB_Device_Library/Core/Inc -I../Middlewares/ST/STM32_USB_Device_Library/Class/CDC/Inc -O0 -ffunction-sections -fdata-sections -Wall -fstack-usage -fcyclomatic-complexity -MMD -MP -MF"Core/Src/main.d" -MT"Core/Src/main.o" --specs=nano.specs -mfpu=fpv4-sp-d16 -mfloat-abi=hard -mthumb -o "Core/Src/main.o"
../Core/Src/main.c: In function 'main':
../Core/Src/main.c:119:33: warning: pointer targets in passing argument 1 of 'CDC_Transmit_FS' differ in signedness [-Wpointer-sign]
  119 |                 CDC_Transmit_FS(buffer, strlen(buffer));
      |                                 ^~~~~~
      |                                 |
      |                                 char *
../Core/Src/main.c:60:41: note: expected 'uint8_t *' {aka 'unsigned char *'} but argument is of type 'char *'
   60 | extern uint8_t CDC_Transmit_FS(uint8_t *Buf, uint16_t Len);
      |                                ~~~~~~~~~^~~
arm-none-eabi-gcc -o "EXERCICIO_AULA6.elf" @"objects.list"   -mcpu=cortex-m4 -T"C:\Users\ACER\STM32CubeIDE\workspace_1.14.1\EXERCICIO_AULA6\STM32F411CEUX_FLASH.ld" --specs=nosys.specs -Wl,-Map="EXERCICIO_AULA6.map" -Wl,--gc-sections -static --specs=nano.specs -mfpu=fpv4-sp-d16 -mfloat-abi=hard -mthumb -u _printf_float -u _scanf_float -Wl,--start-group -lc -lm -Wl,--end-group
Finished building target: EXERCICIO_AULA6.elf
 
arm-none-eabi-size  EXERCICIO_AULA6.elf 
arm-none-eabi-objdump -h -S EXERCICIO_AULA6.elf  > "EXERCICIO_AULA6.list"
   text	   data	    bss	    dec	    hex	filename
  54756	    712	   9144	  64612	   fc64	EXERCICIO_AULA6.elf
Finished building: default.size.stdout
 
Finished building: EXERCICIO_AULA6.list
 
01:32:36 **** Incremental Build of configuration Debug for project EXERCICIO_AULA6 ****
make -j8 all 
arm-none-eabi-gcc "../Core/Src/main.c" -mcpu=cortex-m4 -std=gnu11 -g3 -DDEBUG -DUSE_HAL_DRIVER -DSTM32F411xE -c -I../Core/Inc -I../Drivers/STM32F4xx_HAL_Driver/Inc -I../Drivers/STM32F4xx_HAL_Driver/Inc/Legacy -I../Drivers/CMSIS/Device/ST/STM32F4xx/Include -I../Drivers/CMSIS/Include -I../USB_DEVICE/App -I../USB_DEVICE/Target -I../Middlewares/ST/STM32_USB_Device_Library/Core/Inc -I../Middlewares/ST/STM32_USB_Device_Library/Class/CDC/Inc -O0 -ffunction-sections -fdata-sections -Wall -fstack-usage -fcyclomatic-complexity -MMD -MP -MF"Core/Src/main.d" -MT"Core/Src/main.o" --specs=nano.specs -mfpu=fpv4-sp-d16 -mfloat-abi=hard -mthumb -o "Core/Src/main.o"
../Core/Src/main.c: In function 'main':
../Core/Src/main.c:119:33: warning: pointer targets in passing argument 1 of 'CDC_Transmit_FS' differ in signedness [-Wpointer-sign]
  119 |                 CDC_Transmit_FS(buffer, strlen(buffer));
      |                                 ^~~~~~
      |                                 |
      |                                 char *
../Core/Src/main.c:60:41: note: expected 'uint8_t *' {aka 'unsigned char *'} but argument is of type 'char *'
   60 | extern uint8_t CDC_Transmit_FS(uint8_t *Buf, uint16_t Len);
      |                                ~~~~~~~~~^~~
arm-none-eabi-gcc -o "EXERCICIO_AULA6.elf" @"objects.list"   -mcpu=cortex-m4 -T"C:\Users\ACER\STM32CubeIDE\workspace_1.14.1\EXERCICIO_AULA6\STM32F411CEUX_FLASH.ld" --specs=nosys.specs -Wl,-Map="EXERCICIO_AULA6.map" -Wl,--gc-sections -static --specs=nano.specs -mfpu=fpv4-sp-d16 -mfloat-abi=hard -mthumb -u _printf_float -u _scanf_float -Wl,--start-group -lc -lm -Wl,--end-group
Finished building target: EXERCICIO_AULA6.elf
 
arm-none-eabi-size  EXERCICIO_AULA6.elf 
arm-none-eabi-objdump -h -S EXERCICIO_AULA6.elf  > "EXERCICIO_AULA6.list"
   text	   data	    bss	    dec	    hex	filename
  54596	    708	   9148	  64452	   fbc4	EXERCICIO_AULA6.elf
Finished building: default.size.stdout
 
Finished building: EXERCICIO_AULA6.list
 
01:34:41 **** Incremental Build of configuration Debug for project EXERCICIO_AULA6 ****
make -j8 all 
arm-none-eabi-gcc "../Core/Src/main.c" -mcpu=cortex-m4 -std=gnu11 -g3 -DDEBUG -DUSE_HAL_DRIVER -DSTM32F411xE -c -I../Core/Inc -I../Drivers/STM32F4xx_HAL_Driver/Inc -I../Drivers/STM32F4xx_HAL_Driver/Inc/Legacy -I../Drivers/CMSIS/Device/ST/STM32F4xx/Include -I../Drivers/CMSIS/Include -I../USB_DEVICE/App -I../USB_DEVICE/Target -I../Middlewares/ST/STM32_USB_Device_Library/Core/Inc -I../Middlewares/ST/STM32_USB_Device_Library/Class/CDC/Inc -O0 -ffunction-sections -fdata-sections -Wall -fstack-usage -fcyclomatic-complexity -MMD -MP -MF"Core/Src/main.d" -MT"Core/Src/main.o" --specs=nano.specs -mfpu=fpv4-sp-d16 -mfloat-abi=hard -mthumb -o "Core/Src/main.o"
../Core/Src/main.c: In function 'main':
../Core/Src/main.c:119:33: warning: pointer targets in passing argument 1 of 'CDC_Transmit_FS' differ in signedness [-Wpointer-sign]
  119 |                 CDC_Transmit_FS(buffer, strlen(buffer));
      |                                 ^~~~~~
      |                                 |
      |                                 char *
../Core/Src/main.c:60:41: note: expected 'uint8_t *' {aka 'unsigned char *'} but argument is of type 'char *'
   60 | extern uint8_t CDC_Transmit_FS(uint8_t *Buf, uint16_t Len);
      |                                ~~~~~~~~~^~~
arm-none-eabi-gcc -o "EXERCICIO_AULA6.elf" @"objects.list"   -mcpu=cortex-m4 -T"C:\Users\ACER\STM32CubeIDE\workspace_1.14.1\EXERCICIO_AULA6\STM32F411CEUX_FLASH.ld" --specs=nosys.specs -Wl,-Map="EXERCICIO_AULA6.map" -Wl,--gc-sections -static --specs=nano.specs -mfpu=fpv4-sp-d16 -mfloat-abi=hard -mthumb -u _printf_float -u _scanf_float -Wl,--start-group -lc -lm -Wl,--end-group
Finished building target: EXERCICIO_AULA6.elf
 
arm-none-eabi-size  EXERCICIO_AULA6.elf 
arm-none-eabi-objdump -h -S EXERCICIO_AULA6.elf  > "EXERCICIO_AULA6.list"
   text	   data	    bss	    dec	    hex	filename
  54748	    712	   9144	  64604	   fc5c	EXERCICIO_AULA6.elf
Finished building: default.size.stdout
 
Finished building: EXERCICIO_AULA6.list
 
01:37:17 **** Incremental Build of configuration Debug for project EXERCICIO_AULA6 ****
make -j8 all 
arm-none-eabi-gcc "../Core/Src/main.c" -mcpu=cortex-m4 -std=gnu11 -g3 -DDEBUG -DUSE_HAL_DRIVER -DSTM32F411xE -c -I../Core/Inc -I../Drivers/STM32F4xx_HAL_Driver/Inc -I../Drivers/STM32F4xx_HAL_Driver/Inc/Legacy -I../Drivers/CMSIS/Device/ST/STM32F4xx/Include -I../Drivers/CMSIS/Include -I../USB_DEVICE/App -I../USB_DEVICE/Target -I../Middlewares/ST/STM32_USB_Device_Library/Core/Inc -I../Middlewares/ST/STM32_USB_Device_Library/Class/CDC/Inc -O0 -ffunction-sections -fdata-sections -Wall -fstack-usage -fcyclomatic-complexity -MMD -MP -MF"Core/Src/main.d" -MT"Core/Src/main.o" --specs=nano.specs -mfpu=fpv4-sp-d16 -mfloat-abi=hard -mthumb -o "Core/Src/main.o"
../Core/Src/main.c: In function 'main':
../Core/Src/main.c:119:33: warning: pointer targets in passing argument 1 of 'CDC_Transmit_FS' differ in signedness [-Wpointer-sign]
  119 |                 CDC_Transmit_FS(buffer, strlen(buffer));
      |                                 ^~~~~~
      |                                 |
      |                                 char *
../Core/Src/main.c:60:41: note: expected 'uint8_t *' {aka 'unsigned char *'} but argument is of type 'char *'
   60 | extern uint8_t CDC_Transmit_FS(uint8_t *Buf, uint16_t Len);
      |                                ~~~~~~~~~^~~
arm-none-eabi-gcc -o "EXERCICIO_AULA6.elf" @"objects.list"   -mcpu=cortex-m4 -T"C:\Users\ACER\STM32CubeIDE\workspace_1.14.1\EXERCICIO_AULA6\STM32F411CEUX_FLASH.ld" --specs=nosys.specs -Wl,-Map="EXERCICIO_AULA6.map" -Wl,--gc-sections -static --specs=nano.specs -mfpu=fpv4-sp-d16 -mfloat-abi=hard -mthumb -u _printf_float -u _scanf_float -Wl,--start-group -lc -lm -Wl,--end-group
Finished building target: EXERCICIO_AULA6.elf
 
arm-none-eabi-size  EXERCICIO_AULA6.elf 
arm-none-eabi-objdump -h -S EXERCICIO_AULA6.elf  > "EXERCICIO_AULA6.list"
   text	   data	    bss	    dec	    hex	filename
  54756	    712	   9144	  64612	   fc64	EXERCICIO_AULA6.elf
Finished building: default.size.stdout
 
Finished building: EXERCICIO_AULA6.list
 
01:42:12 **** Incremental Build of configuration Debug for project EXERCICIO_AULA6 ****
make -j8 all 
arm-none-eabi-gcc "../Core/Src/main.c" -mcpu=cortex-m4 -std=gnu11 -g3 -DDEBUG -DUSE_HAL_DRIVER -DSTM32F411xE -c -I../Core/Inc -I../Drivers/STM32F4xx_HAL_Driver/Inc -I../Drivers/STM32F4xx_HAL_Driver/Inc/Legacy -I../Drivers/CMSIS/Device/ST/STM32F4xx/Include -I../Drivers/CMSIS/Include -I../USB_DEVICE/App -I../USB_DEVICE/Target -I../Middlewares/ST/STM32_USB_Device_Library/Core/Inc -I../Middlewares/ST/STM32_USB_Device_Library/Class/CDC/Inc -O0 -ffunction-sections -fdata-sections -Wall -fstack-usage -fcyclomatic-complexity -MMD -MP -MF"Core/Src/main.d" -MT"Core/Src/main.o" --specs=nano.specs -mfpu=fpv4-sp-d16 -mfloat-abi=hard -mthumb -o "Core/Src/main.o"
arm-none-eabi-gcc "../Core/Src/stm32f4xx_hal_msp.c" -mcpu=cortex-m4 -std=gnu11 -g3 -DDEBUG -DUSE_HAL_DRIVER -DSTM32F411xE -c -I../Core/Inc -I../Drivers/STM32F4xx_HAL_Driver/Inc -I../Drivers/STM32F4xx_HAL_Driver/Inc/Legacy -I../Drivers/CMSIS/Device/ST/STM32F4xx/Include -I../Drivers/CMSIS/Include -I../USB_DEVICE/App -I../USB_DEVICE/Target -I../Middlewares/ST/STM32_USB_Device_Library/Core/Inc -I../Middlewares/ST/STM32_USB_Device_Library/Class/CDC/Inc -O0 -ffunction-sections -fdata-sections -Wall -fstack-usage -fcyclomatic-complexity -MMD -MP -MF"Core/Src/stm32f4xx_hal_msp.d" -MT"Core/Src/stm32f4xx_hal_msp.o" --specs=nano.specs -mfpu=fpv4-sp-d16 -mfloat-abi=hard -mthumb -o "Core/Src/stm32f4xx_hal_msp.o"
arm-none-eabi-gcc "../Core/Src/stm32f4xx_it.c" -mcpu=cortex-m4 -std=gnu11 -g3 -DDEBUG -DUSE_HAL_DRIVER -DSTM32F411xE -c -I../Core/Inc -I../Drivers/STM32F4xx_HAL_Driver/Inc -I../Drivers/STM32F4xx_HAL_Driver/Inc/Legacy -I../Drivers/CMSIS/Device/ST/STM32F4xx/Include -I../Drivers/CMSIS/Include -I../USB_DEVICE/App -I../USB_DEVICE/Target -I../Middlewares/ST/STM32_USB_Device_Library/Core/Inc -I../Middlewares/ST/STM32_USB_Device_Library/Class/CDC/Inc -O0 -ffunction-sections -fdata-sections -Wall -fstack-usage -fcyclomatic-complexity -MMD -MP -MF"Core/Src/stm32f4xx_it.d" -MT"Core/Src/stm32f4xx_it.o" --specs=nano.specs -mfpu=fpv4-sp-d16 -mfloat-abi=hard -mthumb -o "Core/Src/stm32f4xx_it.o"
../Core/Src/main.c: In function 'main':
../Core/Src/main.c:100:30: error: 'htim3' undeclared (first use in this function); did you mean 'htim1'?
  100 |         HAL_TIM_OC_Start_IT(&htim3, TIM_CHANNEL_1);
      |                              ^~~~~
      |                              htim1
../Core/Src/main.c:100:30: note: each undeclared identifier is reported only once for each function it appears in
../Core/Src/main.c:119:33: warning: pointer targets in passing argument 1 of 'CDC_Transmit_FS' differ in signedness [-Wpointer-sign]
  119 |                 CDC_Transmit_FS(buffer, strlen(buffer));
      |                                 ^~~~~~
      |                                 |
      |                                 char *
../Core/Src/main.c:60:41: note: expected 'uint8_t *' {aka 'unsigned char *'} but argument is of type 'char *'
   60 | extern uint8_t CDC_Transmit_FS(uint8_t *Buf, uint16_t Len);
      |                                ~~~~~~~~~^~~
make: *** [Core/Src/subdir.mk:34: Core/Src/main.o] Error 1
make: *** Waiting for unfinished jobs....
"make -j8 all" terminated with exit code 2. Build might be incomplete.
01:42:41 **** Incremental Build of configuration Debug for project EXERCICIO_AULA6 ****
make -j8 all 
arm-none-eabi-gcc "../Core/Src/main.c" -mcpu=cortex-m4 -std=gnu11 -g3 -DDEBUG -DUSE_HAL_DRIVER -DSTM32F411xE -c -I../Core/Inc -I../Drivers/STM32F4xx_HAL_Driver/Inc -I../Drivers/STM32F4xx_HAL_Driver/Inc/Legacy -I../Drivers/CMSIS/Device/ST/STM32F4xx/Include -I../Drivers/CMSIS/Include -I../USB_DEVICE/App -I../USB_DEVICE/Target -I../Middlewares/ST/STM32_USB_Device_Library/Core/Inc -I../Middlewares/ST/STM32_USB_Device_Library/Class/CDC/Inc -O0 -ffunction-sections -fdata-sections -Wall -fstack-usage -fcyclomatic-complexity -MMD -MP -MF"Core/Src/main.d" -MT"Core/Src/main.o" --specs=nano.specs -mfpu=fpv4-sp-d16 -mfloat-abi=hard -mthumb -o "Core/Src/main.o"
../Core/Src/main.c: In function 'main':
../Core/Src/main.c:119:33: warning: pointer targets in passing argument 1 of 'CDC_Transmit_FS' differ in signedness [-Wpointer-sign]
  119 |                 CDC_Transmit_FS(buffer, strlen(buffer));
      |                                 ^~~~~~
      |                                 |
      |                                 char *
../Core/Src/main.c:60:41: note: expected 'uint8_t *' {aka 'unsigned char *'} but argument is of type 'char *'
   60 | extern uint8_t CDC_Transmit_FS(uint8_t *Buf, uint16_t Len);
      |                                ~~~~~~~~~^~~
arm-none-eabi-gcc -o "EXERCICIO_AULA6.elf" @"objects.list"   -mcpu=cortex-m4 -T"C:\Users\ACER\STM32CubeIDE\workspace_1.14.1\EXERCICIO_AULA6\STM32F411CEUX_FLASH.ld" --specs=nosys.specs -Wl,-Map="EXERCICIO_AULA6.map" -Wl,--gc-sections -static --specs=nano.specs -mfpu=fpv4-sp-d16 -mfloat-abi=hard -mthumb -u _printf_float -u _scanf_float -Wl,--start-group -lc -lm -Wl,--end-group
Finished building target: EXERCICIO_AULA6.elf
 
arm-none-eabi-size  EXERCICIO_AULA6.elf 
arm-none-eabi-objdump -h -S EXERCICIO_AULA6.elf  > "EXERCICIO_AULA6.list"
   text	   data	    bss	    dec	    hex	filename
  54924	    712	   9144	  64780	   fd0c	EXERCICIO_AULA6.elf
Finished building: default.size.stdout
 
Finished building: EXERCICIO_AULA6.list
 
