14:24:01 **** Incremental Build of configuration Debug for project lcd160.2_CUSTOM_CHARS ****
make -j8 all 
arm-none-eabi-gcc "../Core/Src/main.c" -mcpu=cortex-m3 -std=gnu11 -g3 -DDEBUG -DUSE_HAL_DRIVER -DSTM32F103xB -c -I../Core/Inc -I../Drivers/STM32F1xx_HAL_Driver/Inc -I../Drivers/STM32F1xx_HAL_Driver/Inc/Legacy -I../Drivers/CMSIS/Device/ST/STM32F1xx/Include -I../Drivers/CMSIS/Include -O0 -ffunction-sections -fdata-sections -Wall -fstack-usage -fcyclomatic-complexity -MMD -MP -MF"Core/Src/main.d" -MT"Core/Src/main.o" --specs=nano.specs -mfloat-abi=soft -mthumb -o "Core/Src/main.o"
arm-none-eabi-gcc -o "lcd160.2_CUSTOM_CHARS.elf" @"objects.list"   -mcpu=cortex-m3 -T"C:\Users\ACER\STM32CubeIDE\workspace_1.14.1\lcd160.2_CUSTOM_CHARS\STM32F103C8TX_FLASH.ld" --specs=nosys.specs -Wl,-Map="lcd160.2_CUSTOM_CHARS.map" -Wl,--gc-sections -static --specs=nano.specs -mfloat-abi=soft -mthumb -Wl,--start-group -lc -lm -Wl,--end-group
C:/ST/STM32CubeIDE_1.14.1/STM32CubeIDE/plugins/com.st.stm32cube.ide.mcu.externaltools.gnu-tools-for-stm32.12.3.rel1.win32_1.0.100.202403111256/tools/bin/../lib/gcc/arm-none-eabi/12.3.1/../../../../arm-none-eabi/bin/ld.exe: warning: lcd160.2_CUSTOM_CHARS.elf has a LOAD segment with RWX permissions
Finished building target: lcd160.2_CUSTOM_CHARS.elf
 
arm-none-eabi-size  lcd160.2_CUSTOM_CHARS.elf 
arm-none-eabi-objdump -h -S lcd160.2_CUSTOM_CHARS.elf  > "lcd160.2_CUSTOM_CHARS.list"
   text	   data	    bss	    dec	    hex	filename
   7564	     84	   1652	   9300	   2454	lcd160.2_CUSTOM_CHARS.elf
Finished building: default.size.stdout
 
Finished building: lcd160.2_CUSTOM_CHARS.list
 

14:24:02 Build Finished. 0 errors, 1 warnings. (took 1s.182ms)

