10:38:38 **** Incremental Build of configuration Debug for project OUTPUT_COMPARE ****
make -j8 all 
arm-none-eabi-gcc "../Core/Src/main.c" -mcpu=cortex-m4 -std=gnu11 -g3 -DDEBUG -DUSE_HAL_DRIVER -DSTM32F411xE -c -I../Core/Inc -I../Drivers/STM32F4xx_HAL_Driver/Inc -I../Drivers/STM32F4xx_HAL_Driver/Inc/Legacy -I../Drivers/CMSIS/Device/ST/STM32F4xx/Include -I../Drivers/CMSIS/Include -O0 -ffunction-sections -fdata-sections -Wall -fstack-usage -fcyclomatic-complexity -MMD -MP -MF"Core/Src/main.d" -MT"Core/Src/main.o" --specs=nano.specs -mfpu=fpv4-sp-d16 -mfloat-abi=hard -mthumb -o "Core/Src/main.o"
arm-none-eabi-gcc -o "OUTPUT_COMPARE.elf" @"objects.list"   -mcpu=cortex-m4 -T"C:\Users\ACER\STM32CubeIDE\workspace_1.14.1\OUTPUT_COMPARE\STM32F411CEUX_FLASH.ld" --specs=nosys.specs -Wl,-Map="OUTPUT_COMPARE.map" -Wl,--gc-sections -static --specs=nano.specs -mfpu=fpv4-sp-d16 -mfloat-abi=hard -mthumb -Wl,--start-group -lc -lm -Wl,--end-group
Finished building target: OUTPUT_COMPARE.elf
 
arm-none-eabi-size  OUTPUT_COMPARE.elf 
arm-none-eabi-objdump -h -S OUTPUT_COMPARE.elf  > "OUTPUT_COMPARE.list"
   text	   data	    bss	    dec	    hex	filename
  13844	     12	   1732	  15588	   3ce4	OUTPUT_COMPARE.elf
Finished building: default.size.stdout
 
Finished building: OUTPUT_COMPARE.list
 

10:38:40 Build Finished. 0 errors, 0 warnings. (took 1s.284ms)

