15:30:41 **** Incremental Build of configuration Debug for project SLAVE_MODE ****
make -j4 all 
arm-none-eabi-gcc "../Core/Src/main.c" -mcpu=cortex-m4 -std=gnu11 -g3 -DDEBUG -DUSE_HAL_DRIVER -DSTM32F411xE -c -I../Core/Inc -I../Drivers/STM32F4xx_HAL_Driver/Inc -I../Drivers/STM32F4xx_HAL_Driver/Inc/Legacy -I../Drivers/CMSIS/Device/ST/STM32F4xx/Include -I../Drivers/CMSIS/Include -I../USB_DEVICE/App -I../USB_DEVICE/Target -I../Middlewares/ST/STM32_USB_Device_Library/Core/Inc -I../Middlewares/ST/STM32_USB_Device_Library/Class/CDC/Inc -O0 -ffunction-sections -fdata-sections -Wall -fstack-usage -fcyclomatic-complexity -MMD -MP -MF"Core/Src/main.d" -MT"Core/Src/main.o" --specs=nano.specs -mfpu=fpv4-sp-d16 -mfloat-abi=hard -mthumb -o "Core/Src/main.o"
arm-none-eabi-gcc -o "SLAVE_MODE.elf" @"objects.list"   -mcpu=cortex-m4 -T"C:\Users\fariaslcfs\STM32CubeIDE\workspace_1.14.1\SLAVE_MODE\STM32F411CEUX_FLASH.ld" --specs=nosys.specs -Wl,-Map="SLAVE_MODE.map" -Wl,--gc-sections -static --specs=nano.specs -mfpu=fpv4-sp-d16 -mfloat-abi=hard -mthumb -Wl,--start-group -lc -lm -Wl,--end-group
Finished building target: SLAVE_MODE.elf
 
arm-none-eabi-size  SLAVE_MODE.elf 
arm-none-eabi-objdump -h -S SLAVE_MODE.elf  > "SLAVE_MODE.list"
   text	   data	    bss	    dec	    hex	filename
  35308	    332	   9244	  44884	   af54	SLAVE_MODE.elf
Finished building: default.size.stdout
 
Finished building: SLAVE_MODE.list
 

15:30:42 Build Finished. 0 errors, 0 warnings. (took 1s.553ms)

