20:55:07 **** Incremental Build of configuration Debug for project TIMER_COUNTER ****
make -j8 all 
arm-none-eabi-gcc "../Core/Src/main.c" -mcpu=cortex-m4 -std=gnu11 -g3 -DDEBUG -DUSE_HAL_DRIVER -DSTM32F411xE -c -I../Core/Inc -I../Drivers/STM32F4xx_HAL_Driver/Inc -I../Drivers/STM32F4xx_HAL_Driver/Inc/Legacy -I../Drivers/CMSIS/Device/ST/STM32F4xx/Include -I../Drivers/CMSIS/Include -I../USB_DEVICE/App -I../USB_DEVICE/Target -I../Middlewares/ST/STM32_USB_Device_Library/Core/Inc -I../Middlewares/ST/STM32_USB_Device_Library/Class/CDC/Inc -O0 -ffunction-sections -fdata-sections -Wall -fstack-usage -fcyclomatic-complexity -MMD -MP -MF"Core/Src/main.d" -MT"Core/Src/main.o" --specs=nano.specs -mfpu=fpv4-sp-d16 -mfloat-abi=hard -mthumb -o "Core/Src/main.o"
../Core/Src/main.c: In function 'main':
../Core/Src/main.c:130:25: warning: implicit declaration of function 'freqGen'; did you mean 'freopen'? [-Wimplicit-function-declaration]
  130 |                         freqGen(&htim3, 15000, 1);
      |                         ^~~~~~~
      |                         freopen
../Core/Src/main.c:136:49: warning: format '%d' expects argument of type 'int', but argument 3 has type 'uint32_t' {aka 'long unsigned int'} [-Wformat=]
  136 |                                 "Source Clock: %d Hz\n\rTimer Clock: %d Hz\n\rActual CCR: %d\n\rLast CCR: %d\n\rDiff CCR: %d\n\rFrequency: %.2f Hz\n\rDuty Cycle: %.2f %%\n\r\n\r",
      |                                                ~^
      |                                                 |
      |                                                 int
      |                                                %ld
  137 |                                 sourceClock, timerClock, currentCCR, lastCCR, periodPrint,
      |                                 ~~~~~~~~~~~      
      |                                 |
      |                                 uint32_t {aka long unsigned int}
../Core/Src/main.c:136:71: warning: format '%d' expects argument of type 'int', but argument 4 has type 'uint32_t' {aka 'long unsigned int'} [-Wformat=]
  136 |                                 "Source Clock: %d Hz\n\rTimer Clock: %d Hz\n\rActual CCR: %d\n\rLast CCR: %d\n\rDiff CCR: %d\n\rFrequency: %.2f Hz\n\rDuty Cycle: %.2f %%\n\r\n\r",
      |                                                                      ~^
      |                                                                       |
      |                                                                       int
      |                                                                      %ld
  137 |                                 sourceClock, timerClock, currentCCR, lastCCR, periodPrint,
      |                                              ~~~~~~~~~~                
      |                                              |
      |                                              uint32_t {aka long unsigned int}
../Core/Src/main.c:136:92: warning: format '%d' expects argument of type 'int', but argument 5 has type 'uint32_t' {aka 'long unsigned int'} [-Wformat=]
  136 |                                 "Source Clock: %d Hz\n\rTimer Clock: %d Hz\n\rActual CCR: %d\n\rLast CCR: %d\n\rDiff CCR: %d\n\rFrequency: %.2f Hz\n\rDuty Cycle: %.2f %%\n\r\n\r",
      |                                                                                           ~^
      |                                                                                            |
      |                                                                                            int
      |                                                                                           %ld
  137 |                                 sourceClock, timerClock, currentCCR, lastCCR, periodPrint,
      |                                                          ~~~~~~~~~~                         
      |                                                          |
      |                                                          uint32_t {aka long unsigned int}
../Core/Src/main.c:136:108: warning: format '%d' expects argument of type 'int', but argument 6 has type 'uint32_t' {aka 'long unsigned int'} [-Wformat=]
  136 |                                 "Source Clock: %d Hz\n\rTimer Clock: %d Hz\n\rActual CCR: %d\n\rLast CCR: %d\n\rDiff CCR: %d\n\rFrequency: %.2f Hz\n\rDuty Cycle: %.2f %%\n\r\n\r",
      |                                                                                                           ~^
      |                                                                                                            |
      |                                                                                                            int
      |                                                                                                           %ld
  137 |                                 sourceClock, timerClock, currentCCR, lastCCR, periodPrint,
      |                                                                      ~~~~~~~                                
      |                                                                      |
      |                                                                      uint32_t {aka long unsigned int}
../Core/Src/main.c:136:124: warning: format '%d' expects argument of type 'int', but argument 7 has type 'uint32_t' {aka 'long unsigned int'} [-Wformat=]
  136 |                                 "Source Clock: %d Hz\n\rTimer Clock: %d Hz\n\rActual CCR: %d\n\rLast CCR: %d\n\rDiff CCR: %d\n\rFrequency: %.2f Hz\n\rDuty Cycle: %.2f %%\n\r\n\r",
      |                                                                                                                           ~^
      |                                                                                                                            |
      |                                                                                                                            int
      |                                                                                                                           %ld
  137 |                                 sourceClock, timerClock, currentCCR, lastCCR, periodPrint,
      |                                                                               ~~~~~~~~~~~                                   
      |                                                                               |
      |                                                                               uint32_t {aka long unsigned int}
../Core/Src/main.c:139:33: warning: pointer targets in passing argument 1 of 'CDC_Transmit_FS' differ in signedness [-Wpointer-sign]
  139 |                 CDC_Transmit_FS(buffer, sizeof(buffer));
      |                                 ^~~~~~
      |                                 |
      |                                 char *
../Core/Src/main.c:73:41: note: expected 'uint8_t *' {aka 'unsigned char *'} but argument is of type 'char *'
   73 | extern uint8_t CDC_Transmit_FS(uint8_t *Buf, uint16_t Len);
      |                                ~~~~~~~~~^~~
../Core/Src/main.c: At top level:
../Core/Src/main.c:393:6: warning: conflicting types for 'freqGen'; have 'void(TIM_HandleTypeDef *, uint32_t,  uint32_t)' {aka 'void(TIM_HandleTypeDef *, long unsigned int,  long unsigned int)'}
  393 | void freqGen(TIM_HandleTypeDef *htim, uint32_t freq, uint32_t prescalar) {
      |      ^~~~~~~
../Core/Src/main.c:130:25: note: previous implicit declaration of 'freqGen' with type 'void(TIM_HandleTypeDef *, uint32_t,  uint32_t)' {aka 'void(TIM_HandleTypeDef *, long unsigned int,  long unsigned int)'}
  130 |                         freqGen(&htim3, 15000, 1);
      |                         ^~~~~~~
arm-none-eabi-gcc -o "TIMER_COUNTER.elf" @"objects.list"   -mcpu=cortex-m4 -T"C:\Users\ACER\STM32CubeIDE\workspace_1.14.1\TIMER_COUNTER\STM32F411CEUX_FLASH.ld" --specs=nosys.specs -Wl,-Map="TIMER_COUNTER.map" -Wl,--gc-sections -static -u_printf_float --specs=nano.specs -mfpu=fpv4-sp-d16 -mfloat-abi=hard -mthumb -Wl,--start-group -lc -lm -Wl,--end-group
Finished building target: TIMER_COUNTER.elf
 
arm-none-eabi-size  TIMER_COUNTER.elf 
arm-none-eabi-objdump -h -S TIMER_COUNTER.elf  > "TIMER_COUNTER.list"
   text	   data	    bss	    dec	    hex	filename
  50080	    708	   9492	  60280	   eb78	TIMER_COUNTER.elf
Finished building: default.size.stdout
 
Finished building: TIMER_COUNTER.list
 

20:55:09 Build Finished. 0 errors, 8 warnings. (took 1s.598ms)

