16:33:27 **** Incremental Build of configuration Debug for project TIMER_COUNTER ****
make -j4 all 
arm-none-eabi-gcc "../Core/Src/main.c" -mcpu=cortex-m4 -std=gnu11 -g3 -DDEBUG -DUSE_HAL_DRIVER -DSTM32F411xE -c -I../Core/Inc -I../Drivers/STM32F4xx_HAL_Driver/Inc -I../Drivers/STM32F4xx_HAL_Driver/Inc/Legacy -I../Drivers/CMSIS/Device/ST/STM32F4xx/Include -I../Drivers/CMSIS/Include -I../USB_DEVICE/App -I../USB_DEVICE/Target -I../Middlewares/ST/STM32_USB_Device_Library/Core/Inc -I../Middlewares/ST/STM32_USB_Device_Library/Class/CDC/Inc -O0 -ffunction-sections -fdata-sections -Wall -fstack-usage -fcyclomatic-complexity -MMD -MP -MF"Core/Src/main.d" -MT"Core/Src/main.o" --specs=nano.specs -mfpu=fpv4-sp-d16 -mfloat-abi=hard -mthumb -o "Core/Src/main.o"
../Core/Src/main.c: In function 'main':
../Core/Src/main.c:113:9: warning: implicit declaration of function 'freqGen'; did you mean 'freopen'? [-Wimplicit-function-declaration]
  113 |         freqGen(&htim3, desiredFreq, PSC);
      |         ^~~~~~~
      |         freopen
../Core/Src/main.c:126:33: warning: format '%d' expects argument of type 'int', but argument 4 has type 'uint32_t' {aka 'long unsigned int'} [-Wformat=]
  126 |                 sprintf(buffer, "### Frequency Genearator (Timer 3) ###\n\r"
      |                                 ^~~~~~~~~~~~~~~~~~~~~~~~~~~~~~~~~~~~~~~~~~~~
......
  133 |                                 "Frequency: %s\n\r\n\r", bufferGenFreq, PSC, ARR, CCR,
      |                                                                         ~~~
      |                                                                         |
      |                                                                         uint32_t {aka long unsigned int}
../Core/Src/main.c:128:40: note: format string is defined here
  128 |                                 "PSC: %d\n\rARR: %d\n\rCCR: %d\n\r"
      |                                       ~^
      |                                        |
      |                                        int
      |                                       %ld
../Core/Src/main.c:126:33: warning: format '%d' expects argument of type 'int', but argument 5 has type 'uint32_t' {aka 'long unsigned int'} [-Wformat=]
  126 |                 sprintf(buffer, "### Frequency Genearator (Timer 3) ###\n\r"
      |                                 ^~~~~~~~~~~~~~~~~~~~~~~~~~~~~~~~~~~~~~~~~~~~
......
  133 |                                 "Frequency: %s\n\r\n\r", bufferGenFreq, PSC, ARR, CCR,
      |                                                                              ~~~
      |                                                                              |
      |                                                                              uint32_t {aka long unsigned int}
../Core/Src/main.c:128:51: note: format string is defined here
  128 |                                 "PSC: %d\n\rARR: %d\n\rCCR: %d\n\r"
      |                                                  ~^
      |                                                   |
      |                                                   int
      |                                                  %ld
../Core/Src/main.c:126:33: warning: format '%d' expects argument of type 'int', but argument 6 has type 'uint32_t' {aka 'long unsigned int'} [-Wformat=]
  126 |                 sprintf(buffer, "### Frequency Genearator (Timer 3) ###\n\r"
      |                                 ^~~~~~~~~~~~~~~~~~~~~~~~~~~~~~~~~~~~~~~~~~~~
......
  133 |                                 "Frequency: %s\n\r\n\r", bufferGenFreq, PSC, ARR, CCR,
      |                                                                                   ~~~
      |                                                                                   |
      |                                                                                   uint32_t {aka long unsigned int}
../Core/Src/main.c:128:62: note: format string is defined here
  128 |                                 "PSC: %d\n\rARR: %d\n\rCCR: %d\n\r"
      |                                                             ~^
      |                                                              |
      |                                                              int
      |                                                             %ld
../Core/Src/main.c:126:33: warning: format '%d' expects argument of type 'int', but argument 9 has type 'uint32_t' {aka 'long unsigned int'} [-Wformat=]
  126 |                 sprintf(buffer, "### Frequency Genearator (Timer 3) ###\n\r"
      |                                 ^~~~~~~~~~~~~~~~~~~~~~~~~~~~~~~~~~~~~~~~~~~~
......
  134 |                                 (CCR / (float) ARR) * 100.0, bufferTimerClock, currentCount,
      |                                                                                ~~~~~~~~~~~~
      |                                                                                |
      |                                                                                uint32_t {aka long unsigned int}
../Core/Src/main.c:131:63: note: format string is defined here
  131 |                                 "Timer Clock: %s\n\rNew CCR: %d\n\r"
      |                                                              ~^
      |                                                               |
      |                                                               int
      |                                                              %ld
../Core/Src/main.c:126:33: warning: format '%d' expects argument of type 'int', but argument 10 has type 'uint32_t' {aka 'long unsigned int'} [-Wformat=]
  126 |                 sprintf(buffer, "### Frequency Genearator (Timer 3) ###\n\r"
      |                                 ^~~~~~~~~~~~~~~~~~~~~~~~~~~~~~~~~~~~~~~~~~~~
......
  135 |                                 lastCountPrint, period, bufferFreq);
      |                                 ~~~~~~~~~~~~~~
      |                                 |
      |                                 uint32_t {aka long unsigned int}
../Core/Src/main.c:132:44: note: format string is defined here
  132 |                                 "Old CCR: %d\n\rDiff CCR (Period in timer clock pulses): %d\n\r"
      |                                           ~^
      |                                            |
      |                                            int
      |                                           %ld
../Core/Src/main.c:126:33: warning: format '%d' expects argument of type 'int', but argument 11 has type 'uint32_t' {aka 'long unsigned int'} [-Wformat=]
  126 |                 sprintf(buffer, "### Frequency Genearator (Timer 3) ###\n\r"
      |                                 ^~~~~~~~~~~~~~~~~~~~~~~~~~~~~~~~~~~~~~~~~~~~
......
  135 |                                 lastCountPrint, period, bufferFreq);
      |                                                 ~~~~~~
      |                                                 |
      |                                                 uint32_t {aka long unsigned int}
../Core/Src/main.c:132:91: note: format string is defined here
  132 |                                 "Old CCR: %d\n\rDiff CCR (Period in timer clock pulses): %d\n\r"
      |                                                                                          ~^
      |                                                                                           |
      |                                                                                           int
      |                                                                                          %ld
../Core/Src/main.c:136:33: warning: pointer targets in passing argument 1 of 'CDC_Transmit_FS' differ in signedness [-Wpointer-sign]
  136 |                 CDC_Transmit_FS(buffer, sizeof(buffer));
      |                                 ^~~~~~
      |                                 |
      |                                 char *
../Core/Src/main.c:68:41: note: expected 'uint8_t *' {aka 'unsigned char *'} but argument is of type 'char *'
   68 | extern uint8_t CDC_Transmit_FS(uint8_t *Buf, uint16_t Len);
      |                                ~~~~~~~~~^~~
../Core/Src/main.c: At top level:
../Core/Src/main.c:378:6: warning: conflicting types for 'freqGen'; have 'void(TIM_HandleTypeDef *, uint32_t,  uint32_t)' {aka 'void(TIM_HandleTypeDef *, long unsigned int,  long unsigned int)'}
  378 | void freqGen(TIM_HandleTypeDef *htim, uint32_t freq, uint32_t prescalar) {
      |      ^~~~~~~
../Core/Src/main.c:113:9: note: previous implicit declaration of 'freqGen' with type 'void(TIM_HandleTypeDef *, uint32_t,  uint32_t)' {aka 'void(TIM_HandleTypeDef *, long unsigned int,  long unsigned int)'}
  113 |         freqGen(&htim3, desiredFreq, PSC);
      |         ^~~~~~~
arm-none-eabi-gcc -o "TIMER_COUNTER.elf" @"objects.list"   -mcpu=cortex-m4 -T"C:\Users\fariaslcfs\STM32CubeIDE\workspace_1.14.1\TIMER_COUNTER\STM32F411CEUX_FLASH.ld" --specs=nosys.specs -Wl,-Map="TIMER_COUNTER.map" -Wl,--gc-sections -static -u_printf_float --specs=nano.specs -mfpu=fpv4-sp-d16 -mfloat-abi=hard -mthumb -Wl,--start-group -lc -lm -Wl,--end-group
Finished building target: TIMER_COUNTER.elf
 
arm-none-eabi-size  TIMER_COUNTER.elf 
arm-none-eabi-objdump -h -S TIMER_COUNTER.elf  > "TIMER_COUNTER.list"
   text	   data	    bss	    dec	    hex	filename
  50456	    708	   9692	  60856	   edb8	TIMER_COUNTER.elf
Finished building: default.size.stdout
 
Finished building: TIMER_COUNTER.list
 

16:33:29 Build Finished. 0 errors, 9 warnings. (took 1s.726ms)

