16:47:50 **** Incremental Build of configuration Debug for project VARIABLESQUAREWAVEGENERATOR ****
make -j4 all 
arm-none-eabi-gcc "../Core/Src/main.c" -mcpu=cortex-m4 -std=gnu11 -g3 -DDEBUG -DUSE_HAL_DRIVER -DSTM32F411xE -c -I../Core/Inc -I../Drivers/STM32F4xx_HAL_Driver/Inc -I../Drivers/STM32F4xx_HAL_Driver/Inc/Legacy -I../Drivers/CMSIS/Device/ST/STM32F4xx/Include -I../Drivers/CMSIS/Include -O0 -ffunction-sections -fdata-sections -Wall -fstack-usage -fcyclomatic-complexity -MMD -MP -MF"Core/Src/main.d" -MT"Core/Src/main.o" --specs=nano.specs -mfpu=fpv4-sp-d16 -mfloat-abi=hard -mthumb -o "Core/Src/main.o"
arm-none-eabi-gcc -o "VARIABLESQUAREWAVEGENERATOR.elf" @"objects.list"   -mcpu=cortex-m4 -T"C:\Users\fariaslcfs\STM32CubeIDE\workspace_1.14.1\VARIABLESQUAREWAVEGENERATOR\STM32F411CEUX_FLASH.ld" --specs=nosys.specs -Wl,-Map="VARIABLESQUAREWAVEGENERATOR.map" -Wl,--gc-sections -static --specs=nano.specs -mfpu=fpv4-sp-d16 -mfloat-abi=hard -mthumb -u _printf_float -u _scanf_float -Wl,--start-group -lc -lm -Wl,--end-group
Finished building target: VARIABLESQUAREWAVEGENERATOR.elf
 
arm-none-eabi-size  VARIABLESQUAREWAVEGENERATOR.elf 
arm-none-eabi-objdump -h -S VARIABLESQUAREWAVEGENERATOR.elf  > "VARIABLESQUAREWAVEGENERATOR.list"
   text	   data	    bss	    dec	    hex	filename
  42420	    468	   2148	  45036	   afec	VARIABLESQUAREWAVEGENERATOR.elf
Finished building: default.size.stdout
 
Finished building: VARIABLESQUAREWAVEGENERATOR.list
 

16:47:51 Build Finished. 0 errors, 0 warnings. (took 1s.281ms)

