Archive member included to satisfy reference by file (symbol)

C:/ST/STM32CubeIDE_1.14.1/STM32CubeIDE/plugins/com.st.stm32cube.ide.mcu.externaltools.gnu-tools-for-stm32.12.3.rel1.win32_1.1.0.202410251130/tools/bin/../lib/gcc/arm-none-eabi/12.3.1/../../../../arm-none-eabi/lib/thumb/v7e-m+fp/hard\libc_nano.a(libc_a-exit.o)
                              C:/ST/STM32CubeIDE_1.14.1/STM32CubeIDE/plugins/com.st.stm32cube.ide.mcu.externaltools.gnu-tools-for-stm32.12.3.rel1.win32_1.1.0.202410251130/tools/bin/../lib/gcc/arm-none-eabi/12.3.1/../../../../arm-none-eabi/lib/thumb/v7e-m+fp/hard/crt0.o (exit)
C:/ST/STM32CubeIDE_1.14.1/STM32CubeIDE/plugins/com.st.stm32cube.ide.mcu.externaltools.gnu-tools-for-stm32.12.3.rel1.win32_1.1.0.202410251130/tools/bin/../lib/gcc/arm-none-eabi/12.3.1/../../../../arm-none-eabi/lib/thumb/v7e-m+fp/hard\libc_nano.a(libc_a-findfp.o)
                              C:/ST/STM32CubeIDE_1.14.1/STM32CubeIDE/plugins/com.st.stm32cube.ide.mcu.externaltools.gnu-tools-for-stm32.12.3.rel1.win32_1.1.0.202410251130/tools/bin/../lib/gcc/arm-none-eabi/12.3.1/../../../../arm-none-eabi/lib/thumb/v7e-m+fp/hard\libc_nano.a(libc_a-exit.o) (__stdio_exit_handler)
C:/ST/STM32CubeIDE_1.14.1/STM32CubeIDE/plugins/com.st.stm32cube.ide.mcu.externaltools.gnu-tools-for-stm32.12.3.rel1.win32_1.1.0.202410251130/tools/bin/../lib/gcc/arm-none-eabi/12.3.1/../../../../arm-none-eabi/lib/thumb/v7e-m+fp/hard\libc_nano.a(libc_a-fwalk.o)
                              C:/ST/STM32CubeIDE_1.14.1/STM32CubeIDE/plugins/com.st.stm32cube.ide.mcu.externaltools.gnu-tools-for-stm32.12.3.rel1.win32_1.1.0.202410251130/tools/bin/../lib/gcc/arm-none-eabi/12.3.1/../../../../arm-none-eabi/lib/thumb/v7e-m+fp/hard\libc_nano.a(libc_a-findfp.o) (_fwalk_sglue)
C:/ST/STM32CubeIDE_1.14.1/STM32CubeIDE/plugins/com.st.stm32cube.ide.mcu.externaltools.gnu-tools-for-stm32.12.3.rel1.win32_1.1.0.202410251130/tools/bin/../lib/gcc/arm-none-eabi/12.3.1/../../../../arm-none-eabi/lib/thumb/v7e-m+fp/hard\libc_nano.a(libc_a-stdio.o)
                              C:/ST/STM32CubeIDE_1.14.1/STM32CubeIDE/plugins/com.st.stm32cube.ide.mcu.externaltools.gnu-tools-for-stm32.12.3.rel1.win32_1.1.0.202410251130/tools/bin/../lib/gcc/arm-none-eabi/12.3.1/../../../../arm-none-eabi/lib/thumb/v7e-m+fp/hard\libc_nano.a(libc_a-findfp.o) (__sread)
C:/ST/STM32CubeIDE_1.14.1/STM32CubeIDE/plugins/com.st.stm32cube.ide.mcu.externaltools.gnu-tools-for-stm32.12.3.rel1.win32_1.1.0.202410251130/tools/bin/../lib/gcc/arm-none-eabi/12.3.1/../../../../arm-none-eabi/lib/thumb/v7e-m+fp/hard\libc_nano.a(libc_a-memset.o)
                              C:/ST/STM32CubeIDE_1.14.1/STM32CubeIDE/plugins/com.st.stm32cube.ide.mcu.externaltools.gnu-tools-for-stm32.12.3.rel1.win32_1.1.0.202410251130/tools/bin/../lib/gcc/arm-none-eabi/12.3.1/../../../../arm-none-eabi/lib/thumb/v7e-m+fp/hard/crt0.o (memset)
C:/ST/STM32CubeIDE_1.14.1/STM32CubeIDE/plugins/com.st.stm32cube.ide.mcu.externaltools.gnu-tools-for-stm32.12.3.rel1.win32_1.1.0.202410251130/tools/bin/../lib/gcc/arm-none-eabi/12.3.1/../../../../arm-none-eabi/lib/thumb/v7e-m+fp/hard\libc_nano.a(libc_a-strncat.o)
                              ./Core/Src/main.o (strncat)
C:/ST/STM32CubeIDE_1.14.1/STM32CubeIDE/plugins/com.st.stm32cube.ide.mcu.externaltools.gnu-tools-for-stm32.12.3.rel1.win32_1.1.0.202410251130/tools/bin/../lib/gcc/arm-none-eabi/12.3.1/../../../../arm-none-eabi/lib/thumb/v7e-m+fp/hard\libc_nano.a(libc_a-closer.o)
                              C:/ST/STM32CubeIDE_1.14.1/STM32CubeIDE/plugins/com.st.stm32cube.ide.mcu.externaltools.gnu-tools-for-stm32.12.3.rel1.win32_1.1.0.202410251130/tools/bin/../lib/gcc/arm-none-eabi/12.3.1/../../../../arm-none-eabi/lib/thumb/v7e-m+fp/hard\libc_nano.a(libc_a-stdio.o) (_close_r)
C:/ST/STM32CubeIDE_1.14.1/STM32CubeIDE/plugins/com.st.stm32cube.ide.mcu.externaltools.gnu-tools-for-stm32.12.3.rel1.win32_1.1.0.202410251130/tools/bin/../lib/gcc/arm-none-eabi/12.3.1/../../../../arm-none-eabi/lib/thumb/v7e-m+fp/hard\libc_nano.a(libc_a-reent.o)
                              C:/ST/STM32CubeIDE_1.14.1/STM32CubeIDE/plugins/com.st.stm32cube.ide.mcu.externaltools.gnu-tools-for-stm32.12.3.rel1.win32_1.1.0.202410251130/tools/bin/../lib/gcc/arm-none-eabi/12.3.1/../../../../arm-none-eabi/lib/thumb/v7e-m+fp/hard\libc_nano.a(libc_a-closer.o) (errno)
C:/ST/STM32CubeIDE_1.14.1/STM32CubeIDE/plugins/com.st.stm32cube.ide.mcu.externaltools.gnu-tools-for-stm32.12.3.rel1.win32_1.1.0.202410251130/tools/bin/../lib/gcc/arm-none-eabi/12.3.1/../../../../arm-none-eabi/lib/thumb/v7e-m+fp/hard\libc_nano.a(libc_a-impure.o)
                              C:/ST/STM32CubeIDE_1.14.1/STM32CubeIDE/plugins/com.st.stm32cube.ide.mcu.externaltools.gnu-tools-for-stm32.12.3.rel1.win32_1.1.0.202410251130/tools/bin/../lib/gcc/arm-none-eabi/12.3.1/../../../../arm-none-eabi/lib/thumb/v7e-m+fp/hard\libc_nano.a(libc_a-reent.o) (_impure_ptr)
[...]
Memory Configuration

Name             Origin             Length             Attributes
RAM              0x20000000         0x00020000         xrw
FLASH            0x08000000         0x00080000         xr
*default*        0x00000000         0xffffffff

Linker script and memory map

LOAD C:/ST/STM32CubeIDE_1.14.1/STM32CubeIDE/plugins/com.st.stm32cube.ide.mcu.externaltools.gnu-tools-for-stm32.12.3.rel1.win32_1.1.0.202410251130/tools/bin/../lib/gcc/arm-none-eabi/12.3.1/thumb/v7e-m+fp/hard/crti.o
LOAD C:/ST/STM32CubeIDE_1.14.1/STM32CubeIDE/plugins/com.st.stm32cube.ide.mcu.externaltools.gnu-tools-for-stm32.12.3.rel1.win32_1.1.0.202410251130/tools/bin/../lib/gcc/arm-none-eabi/12.3.1/thumb/v7e-m+fp/hard/crtbegin.o
LOAD C:/ST/STM32CubeIDE_1.14.1/STM32CubeIDE/plugins/com.st.stm32cube.ide.mcu.externaltools.gnu-tools-for-stm32.12.3.rel1.win32_1.1.0.202410251130/tools/bin/../lib/gcc/arm-none-eabi/12.3.1/../../../../arm-none-eabi/lib/thumb/v7e-m+fp/hard/crt0.o
LOAD ./Core/Src/main.o
LOAD ./Core/Src/stm32f4xx_hal_msp.o
LOAD ./Core/Src/stm32f4xx_it.o
LOAD ./Core/Src/syscalls.o
LOAD ./Core/Src/sysmem.o
LOAD ./Core/Src/system_stm32f4xx.o
LOAD ./Core/Startup/startup_stm32f411ceux.o
LOAD ./Drivers/STM32F4xx_HAL_Driver/Src/stm32f4xx_hal.o
LOAD ./Drivers/STM32F4xx_HAL_Driver/Src/stm32f4xx_hal_cortex.o
LOAD ./Drivers/STM32F4xx_HAL_Driver/Src/stm32f4xx_hal_dma.o
LOAD ./Drivers/STM32F4xx_HAL_Driver/Src/stm32f4xx_hal_dma_ex.o
LOAD ./Drivers/STM32F4xx_HAL_Driver/Src/stm32f4xx_hal_exti.o
LOAD ./Drivers/STM32F4xx_HAL_Driver/Src/stm32f4xx_hal_flash.o
LOAD ./Drivers/STM32F4xx_HAL_Driver/Src/stm32f4xx_hal_flash_ex.o
LOAD ./Drivers/STM32F4xx_HAL_Driver/Src/stm32f4xx_hal_flash_ramfunc.o
LOAD ./Drivers/STM32F4xx_HAL_Driver/Src/stm32f4xx_hal_gpio.o
LOAD ./Drivers/STM32F4xx_HAL_Driver/Src/stm32f4xx_hal_pcd.o
LOAD ./Drivers/STM32F4xx_HAL_Driver/Src/stm32f4xx_hal_pcd_ex.o
LOAD ./Drivers/STM32F4xx_HAL_Driver/Src/stm32f4xx_hal_pwr.o
LOAD ./Drivers/STM32F4xx_HAL_Driver/Src/stm32f4xx_hal_pwr_ex.o
LOAD ./Drivers/STM32F4xx_HAL_Driver/Src/stm32f4xx_hal_rcc.o
LOAD ./Drivers/STM32F4xx_HAL_Driver/Src/stm32f4xx_hal_rcc_ex.o
LOAD ./Drivers/STM32F4xx_HAL_Driver/Src/stm32f4xx_hal_uart.o
LOAD ./Drivers/STM32F4xx_HAL_Driver/Src/stm32f4xx_ll_usb.o
LOAD ./Middlewares/ST/STM32_USB_Device_Library/Class/CDC/Src/usbd_cdc.o
LOAD ./Middlewares/ST/STM32_USB_Device_Library/Core/Src/usbd_core.o
LOAD ./Middlewares/ST/STM32_USB_Device_Library/Core/Src/usbd_ctlreq.o
LOAD ./Middlewares/ST/STM32_USB_Device_Library/Core/Src/usbd_ioreq.o
LOAD ./USB_DEVICE/App/usb_device.o
LOAD ./USB_DEVICE/App/usbd_cdc_if.o
LOAD ./USB_DEVICE/App/usbd_desc.o
LOAD ./USB_DEVICE/Target/usbd_conf.o
START GROUP
LOAD C:/ST/STM32CubeIDE_1.14.1/STM32CubeIDE/plugins/com.st.stm32cube.ide.mcu.externaltools.gnu-tools-for-stm32.12.3.rel1.win32_1.1.0.202410251130/tools/bin/../lib/gcc/arm-none-eabi/12.3.1/../../../../arm-none-eabi/lib/thumb/v7e-m+fp/hard\libc_nano.a
LOAD C:/ST/STM32CubeIDE_1.14.1/STM32CubeIDE/plugins/com.st.stm32cube.ide.mcu.externaltools.gnu-tools-for-stm32.12.3.rel1.win32_1.1.0.202410251130/tools/bin/../lib/gcc/arm-none-eabi/12.3.1/../../../../arm-none-eabi/lib/thumb/v7e-m+fp/hard\libm.a
END GROUP
START GROUP
LOAD C:/ST/STM32CubeIDE_1.14.1/STM32CubeIDE/plugins/com.st.stm32cube.ide.mcu.externaltools.gnu-tools-for-stm32.12.3.rel1.win32_1.1.0.202410251130/tools/bin/../lib/gcc/arm-none-eabi/12.3.1/thumb/v7e-m+fp/hard\libgcc.a
LOAD C:/ST/STM32CubeIDE_1.14.1/STM32CubeIDE/plugins/com.st.stm32cube.ide.mcu.externaltools.gnu-tools-for-stm32.12.3.rel1.win32_1.1.0.202410251130/tools/bin/../lib/gcc/arm-none-eabi/12.3.1/../../../../arm-none-eabi/lib/thumb/v7e-m+fp/hard\libc_nano.a
END GROUP
START GROUP
LOAD C:/ST/STM32CubeIDE_1.14.1/STM32CubeIDE/plugins/com.st.stm32cube.ide.mcu.externaltools.gnu-tools-for-stm32.12.3.rel1.win32_1.1.0.202410251130/tools/bin/../lib/gcc/arm-none-eabi/12.3.1/thumb/v7e-m+fp/hard\libgcc.a
LOAD C:/ST/STM32CubeIDE_1.14.1/STM32CubeIDE/plugins/com.st.stm32cube.ide.mcu.externaltools.gnu-tools-for-stm32.12.3.rel1.win32_1.1.0.202410251130/tools/bin/../lib/gcc/arm-none-eabi/12.3.1/../../../../arm-none-eabi/lib/thumb/v7e-m+fp/hard\libc_nano.a
LOAD C:/ST/STM32CubeIDE_1.14.1/STM32CubeIDE/plugins/com.st.stm32cube.ide.mcu.externaltools.gnu-tools-for-stm32.12.3.rel1.win32_1.1.0.202410251130/tools/bin/../lib/gcc/arm-none-eabi/12.3.1/../../../../arm-none-eabi/lib/thumb/v7e-m+fp/hard\libnosys.a
END GROUP
START GROUP
LOAD C:/ST/STM32CubeIDE_1.14.1/STM32CubeIDE/plugins/com.st.stm32cube.ide.mcu.externaltools.gnu-tools-for-stm32.12.3.rel1.win32_1.1.0.202410251130/tools/bin/../lib/gcc/arm-none-eabi/12.3.1/thumb/v7e-m+fp/hard\libgcc.a
LOAD C:/ST/STM32CubeIDE_1.14.1/STM32CubeIDE/plugins/com.st.stm32cube.ide.mcu.externaltools.gnu-tools-for-stm32.12.3.rel1.win32_1.1.0.202410251130/tools/bin/../lib/gcc/arm-none-eabi/12.3.1/../../../../arm-none-eabi/lib/thumb/v7e-m+fp/hard\libc_nano.a
LOAD C:/ST/STM32CubeIDE_1.14.1/STM32CubeIDE/plugins/com.st.stm32cube.ide.mcu.externaltools.gnu-tools-for-stm32.12.3.rel1.win32_1.1.0.202410251130/tools/bin/../lib/gcc/arm-none-eabi/12.3.1/../../../../arm-none-eabi/lib/thumb/v7e-m+fp/hard\libnosys.a
END GROUP
LOAD C:/ST/STM32CubeIDE_1.14.1/STM32CubeIDE/plugins/com.st.stm32cube.ide.mcu.externaltools.gnu-tools-for-stm32.12.3.rel1.win32_1.1.0.202410251130/tools/bin/../lib/gcc/arm-none-eabi/12.3.1/thumb/v7e-m+fp/hard/crtend.o
LOAD C:/ST/STM32CubeIDE_1.14.1/STM32CubeIDE/plugins/com.st.stm32cube.ide.mcu.externaltools.gnu-tools-for-stm32.12.3.rel1.win32_1.1.0.202410251130/tools/bin/../lib/gcc/arm-none-eabi/12.3.1/thumb/v7e-m+fp/hard/crtn.o
                0x20020000                        _estack = (ORIGIN (RAM) + LENGTH (RAM))
                0x00000200                        _Min_Heap_Size = 0x200
                0x00000400                        _Min_Stack_Size = 0x400

.isr_vector     0x08000000      0x198
                0x08000000                        . = ALIGN (0x4)
 *(.isr_vector)
 .isr_vector    0x08000000      0x198 ./Core/Startup/startup_stm32f411ceux.o
                0x08000000                g_pfnVectors
                0x08000198                        . = ALIGN (0x4)

.text           0x08000198     0x7d54
                0x08000198                        . = ALIGN (0x4)
 *(.text)
 .text          0x08000198       0x40 C:/ST/STM32CubeIDE_1.14.1/STM32CubeIDE/plugins/com.st.stm32cube.ide.mcu.externaltools.gnu-tools-for-stm32.12.3.rel1.win32_1.1.0.202410251130/tools/bin/../lib/gcc/arm-none-eabi/12.3.1/thumb/v7e-m+fp/hard/crtbegin.o
 .text          0x080001d8       0x10 C:/ST/STM32CubeIDE_1.14.1/STM32CubeIDE/plugins/com.st.stm32cube.ide.mcu.externaltools.gnu-tools-for-stm32.12.3.rel1.win32_1.1.0.202410251130/tools/bin/../lib/gcc/arm-none-eabi/12.3.1/../../../../arm-none-eabi/lib/thumb/v7e-m+fp/hard\libc_nano.a(libc_a-strlen.o)
                0x080001d8                strlen
 .text          0x080001e8       0x30 C:/ST/STM32CubeIDE_1.14.1/STM32CubeIDE/plugins/com.st.stm32cube.ide.mcu.externaltools.gnu-tools-for-stm32.12.3.rel1.win32_1.1.0.202410251130/tools/bin/../lib/gcc/arm-none-eabi/12.3.1/thumb/v7e-m+fp/hard\libgcc.a(_aeabi_uldivmod.o)
                0x080001e8                __aeabi_uldivmod
 .text          0x08000218      0x2bc C:/ST/STM32CubeIDE_1.14.1/STM32CubeIDE/plugins/com.st.stm32cube.ide.mcu.externaltools.gnu-tools-for-stm32.12.3.rel1.win32_1.1.0.202410251130/tools/bin/../lib/gcc/arm-none-eabi/12.3.1/thumb/v7e-m+fp/hard\libgcc.a(_udivmoddi4.o)
                0x08000218                __udivmoddi4
 .text          0x080004d4        0x4 C:/ST/STM32CubeIDE_1.14.1/STM32CubeIDE/plugins/com.st.stm32cube.ide.mcu.externaltools.gnu-tools-for-stm32.12.3.rel1.win32_1.1.0.202410251130/tools/bin/../lib/gcc/arm-none-eabi/12.3.1/thumb/v7e-m+fp/hard\libgcc.a(_dvmd_tls.o)
                0x080004d4                __aeabi_idiv0
                0x080004d4                __aeabi_ldiv0
 *(.text*)
 .text.main     0x080004d8       0x30 ./Core/Src/main.o
                0x080004d8                main
 .text.SystemClock_Config
                0x08000508       0xd0 ./Core/Src/main.o
                0x08000508                SystemClock_Config
 .text.MX_USART1_UART_Init
                0x080005d8       0x54 ./Core/Src/main.o
 .text.MX_GPIO_Init
                0x0800062c       0x50 ./Core/Src/main.o
 .text.HAL_UART_RxCpltCallback
                0x0800067c       0xb0 ./Core/Src/main.o
                0x0800067c                HAL_UART_RxCpltCallback
 .text.USART1_Transmit
                0x0800072c       0x28 ./Core/Src/main.o
                0x0800072c                USART1_Transmit
 .text.Error_Handler
                0x08000754        0xc ./Core/Src/main.o
                0x08000754                Error_Handler
 .text.HAL_MspInit
                0x08000760       0x50 ./Core/Src/stm32f4xx_hal_msp.o
                0x08000760                HAL_MspInit
 .text.HAL_UART_MspInit
                0x080007b0       0xa0 ./Core/Src/stm32f4xx_hal_msp.o
                0x080007b0                HAL_UART_MspInit
 .text.NMI_Handler
                0x08000850        0x8 ./Core/Src/stm32f4xx_it.o
                0x08000850                NMI_Handler
 .text.HardFault_Handler
                0x08000858        0x8 ./Core/Src/stm32f4xx_it.o
                0x08000858                HardFault_Handler
 .text.MemManage_Handler
                0x08000860        0x8 ./Core/Src/stm32f4xx_it.o
                0x08000860                MemManage_Handler
 .text.BusFault_Handler
                0x08000868        0x8 ./Core/Src/stm32f4xx_it.o
                0x08000868                BusFault_Handler
 .text.UsageFault_Handler
                0x08000870        0x8 ./Core/Src/stm32f4xx_it.o
                0x08000870                UsageFault_Handler
 .text.SVC_Handler
                0x08000878        0xe ./Core/Src/stm32f4xx_it.o
                0x08000878                SVC_Handler
 .text.DebugMon_Handler
                0x08000886        0xe ./Core/Src/stm32f4xx_it.o
                0x08000886                DebugMon_Handler
 .text.PendSV_Handler
                0x08000894        0xe ./Core/Src/stm32f4xx_it.o
                0x08000894                PendSV_Handler
 .text.SysTick_Handler
                0x080008a2        0xc ./Core/Src/stm32f4xx_it.o
                0x080008a2                SysTick_Handler
 *fill*         0x080008ae        0x2 
 .text.USART1_IRQHandler
                0x080008b0       0x14 ./Core/Src/stm32f4xx_it.o
                0x080008b0                USART1_IRQHandler
 .text.OTG_FS_IRQHandler
                0x080008c4       0x14 ./Core/Src/stm32f4xx_it.o
                0x080008c4                OTG_FS_IRQHandler
 .text.SystemInit
                0x080008d8       0x24 ./Core/Src/system_stm32f4xx.o
                0x080008d8                SystemInit
 .text.Reset_Handler
                0x080008fc       0x50 ./Core/Startup/startup_stm32f411ceux.o
                0x080008fc                Reset_Handler
 .text.Default_Handler
                0x0800094c        0x2 ./Core/Startup/startup_stm32f411ceux.o
                0x0800094c                RTC_Alarm_IRQHandler
                0x0800094c                EXTI2_IRQHandler
                0x0800094c                SPI4_IRQHandler
                0x0800094c                TIM1_CC_IRQHandler
                0x0800094c                DMA2_Stream5_IRQHandler
                0x0800094c                DMA1_Stream5_IRQHandler
                0x0800094c                PVD_IRQHandler
                0x0800094c                SDIO_IRQHandler
                0x0800094c                TAMP_STAMP_IRQHandler
                0x0800094c                EXTI3_IRQHandler
                0x0800094c                TIM1_UP_TIM10_IRQHandler
                0x0800094c                I2C3_ER_IRQHandler
                0x0800094c                EXTI0_IRQHandler
                0x0800094c                I2C2_EV_IRQHandler
                0x0800094c                DMA1_Stream2_IRQHandler
                0x0800094c                FPU_IRQHandler
                0x0800094c                DMA2_Stream2_IRQHandler
                0x0800094c                SPI1_IRQHandler
                0x0800094c                TIM1_BRK_TIM9_IRQHandler
                0x0800094c                DMA2_Stream3_IRQHandler
                0x0800094c                USART6_IRQHandler
                0x0800094c                DMA2_Stream0_IRQHandler
                0x0800094c                TIM4_IRQHandler
                0x0800094c                I2C1_EV_IRQHandler
                0x0800094c                DMA1_Stream6_IRQHandler
                0x0800094c                DMA1_Stream1_IRQHandler
                0x0800094c                TIM3_IRQHandler
                0x0800094c                RCC_IRQHandler
                0x0800094c                Default_Handler
                0x0800094c                EXTI15_10_IRQHandler
                0x0800094c                ADC_IRQHandler
                0x0800094c                DMA1_Stream7_IRQHandler
                0x0800094c                SPI5_IRQHandler
                0x0800094c                TIM5_IRQHandler
                0x0800094c                DMA2_Stream7_IRQHandler
                0x0800094c                I2C3_EV_IRQHandler
                0x0800094c                EXTI9_5_IRQHandler
                0x0800094c                RTC_WKUP_IRQHandler
                0x0800094c                SPI2_IRQHandler
                0x0800094c                DMA1_Stream0_IRQHandler
                0x0800094c                EXTI4_IRQHandler
                0x0800094c                WWDG_IRQHandler
                0x0800094c                TIM2_IRQHandler
                0x0800094c                OTG_FS_WKUP_IRQHandler
                0x0800094c                TIM1_TRG_COM_TIM11_IRQHandler
                0x0800094c                EXTI1_IRQHandler
                0x0800094c                USART2_IRQHandler
                0x0800094c                I2C2_ER_IRQHandler
                0x0800094c                DMA2_Stream1_IRQHandler
                0x0800094c                FLASH_IRQHandler
                0x0800094c                DMA2_Stream4_IRQHandler
                0x0800094c                SPI3_IRQHandler
                0x0800094c                DMA1_Stream4_IRQHandler
                0x0800094c                I2C1_ER_IRQHandler
                0x0800094c                DMA2_Stream6_IRQHandler
                0x0800094c                DMA1_Stream3_IRQHandler
 *fill*         0x0800094e        0x2 
 .text.HAL_Init
                0x08000950       0x44 ./Drivers/STM32F4xx_HAL_Driver/Src/stm32f4xx_hal.o
                0x08000950                HAL_Init
 .text.HAL_InitTick
                0x08000994       0x60 ./Drivers/STM32F4xx_HAL_Driver/Src/stm32f4xx_hal.o
                0x08000994                HAL_InitTick
 .text.HAL_IncTick
                0x080009f4       0x28 ./Drivers/STM32F4xx_HAL_Driver/Src/stm32f4xx_hal.o
                0x080009f4                HAL_IncTick
 .text.HAL_GetTick
                0x08000a1c       0x18 ./Drivers/STM32F4xx_HAL_Driver/Src/stm32f4xx_hal.o
                0x08000a1c                HAL_GetTick
 .text.HAL_Delay
                0x08000a34       0x48 ./Drivers/STM32F4xx_HAL_Driver/Src/stm32f4xx_hal.o
                0x08000a34                HAL_Delay
 .text.__NVIC_SetPriorityGrouping
                0x08000a7c       0x48 ./Drivers/STM32F4xx_HAL_Driver/Src/stm32f4xx_hal_cortex.o
 .text.__NVIC_GetPriorityGrouping
                0x08000ac4       0x1c ./Drivers/STM32F4xx_HAL_Driver/Src/stm32f4xx_hal_cortex.o
 .text.__NVIC_EnableIRQ
                0x08000ae0       0x3c ./Drivers/STM32F4xx_HAL_Driver/Src/stm32f4xx_hal_cortex.o
 .text.__NVIC_SetPriority
                0x08000b1c       0x54 ./Drivers/STM32F4xx_HAL_Driver/Src/stm32f4xx_hal_cortex.o
 .text.NVIC_EncodePriority
                0x08000b70       0x66 ./Drivers/STM32F4xx_HAL_Driver/Src/stm32f4xx_hal_cortex.o
 *fill*         0x08000bd6        0x2 
 .text.SysTick_Config
                0x08000bd8       0x44 ./Drivers/STM32F4xx_HAL_Driver/Src/stm32f4xx_hal_cortex.o
 .text.HAL_NVIC_SetPriorityGrouping
                0x08000c1c       0x16 ./Drivers/STM32F4xx_HAL_Driver/Src/stm32f4xx_hal_cortex.o
                0x08000c1c                HAL_NVIC_SetPriorityGrouping
 .text.HAL_NVIC_SetPriority
                0x08000c32       0x38 ./Drivers/STM32F4xx_HAL_Driver/Src/stm32f4xx_hal_cortex.o
                0x08000c32                HAL_NVIC_SetPriority
 .text.HAL_NVIC_EnableIRQ
                0x08000c6a       0x1c ./Drivers/STM32F4xx_HAL_Driver/Src/stm32f4xx_hal_cortex.o
                0x08000c6a                HAL_NVIC_EnableIRQ
 .text.HAL_SYSTICK_Config
                0x08000c86       0x18 ./Drivers/STM32F4xx_HAL_Driver/Src/stm32f4xx_hal_cortex.o
                0x08000c86                HAL_SYSTICK_Config
 .text.HAL_DMA_Abort
                0x08000c9e       0xe0 ./Drivers/STM32F4xx_HAL_Driver/Src/stm32f4xx_hal_dma.o
                0x08000c9e                HAL_DMA_Abort
 .text.HAL_DMA_Abort_IT
                0x08000d7e       0x44 ./Drivers/STM32F4xx_HAL_Driver/Src/stm32f4xx_hal_dma.o
                0x08000d7e                HAL_DMA_Abort_IT
 *fill*         0x08000dc2        0x2 
 .text.HAL_GPIO_Init
                0x08000dc4      0x308 ./Drivers/STM32F4xx_HAL_Driver/Src/stm32f4xx_hal_gpio.o
                0x08000dc4                HAL_GPIO_Init
 .text.HAL_PCD_Init
                0x080010cc      0x21e ./Drivers/STM32F4xx_HAL_Driver/Src/stm32f4xx_hal_pcd.o
                0x080010cc                HAL_PCD_Init
 .text.HAL_PCD_Start
                0x080012ea       0x6a ./Drivers/STM32F4xx_HAL_Driver/Src/stm32f4xx_hal_pcd.o
                0x080012ea                HAL_PCD_Start
 .text.HAL_PCD_IRQHandler
                0x08001354      0x942 ./Drivers/STM32F4xx_HAL_Driver/Src/stm32f4xx_hal_pcd.o
                0x08001354                HAL_PCD_IRQHandler
 .text.HAL_PCD_SetAddress
                0x08001c96       0x48 ./Drivers/STM32F4xx_HAL_Driver/Src/stm32f4xx_hal_pcd.o
                0x08001c96                HAL_PCD_SetAddress
 .text.HAL_PCD_EP_Open
                0x08001cde       0xd4 ./Drivers/STM32F4xx_HAL_Driver/Src/stm32f4xx_hal_pcd.o
                0x08001cde                HAL_PCD_EP_Open
 .text.HAL_PCD_EP_Close
                0x08001db2       0x94 ./Drivers/STM32F4xx_HAL_Driver/Src/stm32f4xx_hal_pcd.o
                0x08001db2                HAL_PCD_EP_Close
 .text.HAL_PCD_EP_Receive
                0x08001e46       0x76 ./Drivers/STM32F4xx_HAL_Driver/Src/stm32f4xx_hal_pcd.o
                0x08001e46                HAL_PCD_EP_Receive
 .text.HAL_PCD_EP_GetRxCount
                0x08001ebc       0x30 ./Drivers/STM32F4xx_HAL_Driver/Src/stm32f4xx_hal_pcd.o
                0x08001ebc                HAL_PCD_EP_GetRxCount
 .text.HAL_PCD_EP_Transmit
                0x08001eec       0x74 ./Drivers/STM32F4xx_HAL_Driver/Src/stm32f4xx_hal_pcd.o
                0x08001eec                HAL_PCD_EP_Transmit
 .text.HAL_PCD_EP_SetStall
                0x08001f60       0xc6 ./Drivers/STM32F4xx_HAL_Driver/Src/stm32f4xx_hal_pcd.o
                0x08001f60                HAL_PCD_EP_SetStall
 .text.HAL_PCD_EP_ClrStall
                0x08002026       0xac ./Drivers/STM32F4xx_HAL_Driver/Src/stm32f4xx_hal_pcd.o
                0x08002026                HAL_PCD_EP_ClrStall
 .text.HAL_PCD_EP_Abort
                0x080020d2       0x62 ./Drivers/STM32F4xx_HAL_Driver/Src/stm32f4xx_hal_pcd.o
                0x080020d2                HAL_PCD_EP_Abort
 .text.PCD_WriteEmptyTxFifo
                0x08002134      0x118 ./Drivers/STM32F4xx_HAL_Driver/Src/stm32f4xx_hal_pcd.o
 .text.PCD_EP_OutXfrComplete_int
                0x0800224c      0x1d0 ./Drivers/STM32F4xx_HAL_Driver/Src/stm32f4xx_hal_pcd.o
 .text.PCD_EP_OutSetupPacket_int
                0x0800241c       0x8c ./Drivers/STM32F4xx_HAL_Driver/Src/stm32f4xx_hal_pcd.o
 .text.HAL_PCDEx_SetTxFiFo
                0x080024a8       0x8e ./Drivers/STM32F4xx_HAL_Driver/Src/stm32f4xx_hal_pcd_ex.o
                0x080024a8                HAL_PCDEx_SetTxFiFo
 .text.HAL_PCDEx_SetRxFiFo
                0x08002536       0x22 ./Drivers/STM32F4xx_HAL_Driver/Src/stm32f4xx_hal_pcd_ex.o
                0x08002536                HAL_PCDEx_SetRxFiFo
 .text.HAL_PCDEx_LPM_Callback
                0x08002558       0x18 ./Drivers/STM32F4xx_HAL_Driver/Src/stm32f4xx_hal_pcd_ex.o
                0x08002558                HAL_PCDEx_LPM_Callback
 .text.HAL_RCC_OscConfig
                0x08002570      0x4f0 ./Drivers/STM32F4xx_HAL_Driver/Src/stm32f4xx_hal_rcc.o
                0x08002570                HAL_RCC_OscConfig
 .text.HAL_RCC_ClockConfig
                0x08002a60      0x1cc ./Drivers/STM32F4xx_HAL_Driver/Src/stm32f4xx_hal_rcc.o
                0x08002a60                HAL_RCC_ClockConfig
 .text.HAL_RCC_GetSysClockFreq
                0x08002c2c      0x18c ./Drivers/STM32F4xx_HAL_Driver/Src/stm32f4xx_hal_rcc.o
                0x08002c2c                HAL_RCC_GetSysClockFreq
 .text.HAL_RCC_GetHCLKFreq
                0x08002db8       0x18 ./Drivers/STM32F4xx_HAL_Driver/Src/stm32f4xx_hal_rcc.o
                0x08002db8                HAL_RCC_GetHCLKFreq
 .text.HAL_RCC_GetPCLK1Freq
                0x08002dd0       0x28 ./Drivers/STM32F4xx_HAL_Driver/Src/stm32f4xx_hal_rcc.o
                0x08002dd0                HAL_RCC_GetPCLK1Freq
 .text.HAL_RCC_GetPCLK2Freq
                0x08002df8       0x28 ./Drivers/STM32F4xx_HAL_Driver/Src/stm32f4xx_hal_rcc.o
                0x08002df8                HAL_RCC_GetPCLK2Freq
 .text.HAL_UART_Init
                0x08002e20       0xa0 ./Drivers/STM32F4xx_HAL_Driver/Src/stm32f4xx_hal_uart.o
                0x08002e20                HAL_UART_Init
 .text.HAL_UART_Transmit
                0x08002ec0      0x116 ./Drivers/STM32F4xx_HAL_Driver/Src/stm32f4xx_hal_uart.o
                0x08002ec0                HAL_UART_Transmit
 .text.HAL_UART_Receive_IT
                0x08002fd6       0x4a ./Drivers/STM32F4xx_HAL_Driver/Src/stm32f4xx_hal_uart.o
                0x08002fd6                HAL_UART_Receive_IT
 .text.HAL_UART_IRQHandler
                0x08003020      0x524 ./Drivers/STM32F4xx_HAL_Driver/Src/stm32f4xx_hal_uart.o
                0x08003020                HAL_UART_IRQHandler
 .text.HAL_UART_TxCpltCallback
                0x08003544       0x14 ./Drivers/STM32F4xx_HAL_Driver/Src/stm32f4xx_hal_uart.o
                0x08003544                HAL_UART_TxCpltCallback
 .text.HAL_UART_ErrorCallback
                0x08003558       0x14 ./Drivers/STM32F4xx_HAL_Driver/Src/stm32f4xx_hal_uart.o
                0x08003558                HAL_UART_ErrorCallback
 .text.HAL_UARTEx_RxEventCallback
                0x0800356c       0x18 ./Drivers/STM32F4xx_HAL_Driver/Src/stm32f4xx_hal_uart.o
                0x0800356c                HAL_UARTEx_RxEventCallback
 .text.UART_WaitOnFlagUntilTimeout
                0x08003584       0xb2 ./Drivers/STM32F4xx_HAL_Driver/Src/stm32f4xx_hal_uart.o
 .text.UART_Start_Receive_IT
                0x08003636       0x74 ./Drivers/STM32F4xx_HAL_Driver/Src/stm32f4xx_hal_uart.o
                0x08003636                UART_Start_Receive_IT
 .text.UART_EndRxTransfer
                0x080036aa       0xc6 ./Drivers/STM32F4xx_HAL_Driver/Src/stm32f4xx_hal_uart.o
 .text.UART_DMAAbortOnError
                0x08003770       0x28 ./Drivers/STM32F4xx_HAL_Driver/Src/stm32f4xx_hal_uart.o
 .text.UART_Transmit_IT
                0x08003798       0xa0 ./Drivers/STM32F4xx_HAL_Driver/Src/stm32f4xx_hal_uart.o
 .text.UART_EndTransmit_IT
                0x08003838       0x30 ./Drivers/STM32F4xx_HAL_Driver/Src/stm32f4xx_hal_uart.o
 .text.UART_Receive_IT
                0x08003868      0x17c ./Drivers/STM32F4xx_HAL_Driver/Src/stm32f4xx_hal_uart.o
 .text.UART_SetConfig
                0x080039e4      0x4e8 ./Drivers/STM32F4xx_HAL_Driver/Src/stm32f4xx_hal_uart.o
 .text.USB_CoreInit
                0x08003ecc       0xc8 ./Drivers/STM32F4xx_HAL_Driver/Src/stm32f4xx_ll_usb.o
                0x08003ecc                USB_CoreInit
 .text.USB_SetTurnaroundTime
                0x08003f94      0x144 ./Drivers/STM32F4xx_HAL_Driver/Src/stm32f4xx_ll_usb.o
                0x08003f94                USB_SetTurnaroundTime
 .text.USB_EnableGlobalInt
                0x080040d8       0x22 ./Drivers/STM32F4xx_HAL_Driver/Src/stm32f4xx_ll_usb.o
                0x080040d8                USB_EnableGlobalInt
 .text.USB_DisableGlobalInt
                0x080040fa       0x22 ./Drivers/STM32F4xx_HAL_Driver/Src/stm32f4xx_ll_usb.o
                0x080040fa                USB_DisableGlobalInt
 .text.USB_SetCurrentMode
                0x0800411c       0x98 ./Drivers/STM32F4xx_HAL_Driver/Src/stm32f4xx_ll_usb.o
                0x0800411c                USB_SetCurrentMode
 .text.USB_DevInit
                0x080041b4      0x2c8 ./Drivers/STM32F4xx_HAL_Driver/Src/stm32f4xx_ll_usb.o
                0x080041b4                USB_DevInit
 .text.USB_FlushTxFifo
                0x0800447c       0x64 ./Drivers/STM32F4xx_HAL_Driver/Src/stm32f4xx_ll_usb.o
                0x0800447c                USB_FlushTxFifo
 .text.USB_FlushRxFifo
                0x080044e0       0x5c ./Drivers/STM32F4xx_HAL_Driver/Src/stm32f4xx_ll_usb.o
                0x080044e0                USB_FlushRxFifo
 .text.USB_SetDevSpeed
                0x0800453c       0x32 ./Drivers/STM32F4xx_HAL_Driver/Src/stm32f4xx_ll_usb.o
                0x0800453c                USB_SetDevSpeed
 .text.USB_GetDevSpeed
                0x0800456e       0x4a ./Drivers/STM32F4xx_HAL_Driver/Src/stm32f4xx_ll_usb.o
                0x0800456e                USB_GetDevSpeed
 .text.USB_ActivateEndpoint
                0x080045b8      0x10e ./Drivers/STM32F4xx_HAL_Driver/Src/stm32f4xx_ll_usb.o
                0x080045b8                USB_ActivateEndpoint
 *fill*         0x080046c6        0x2 
 .text.USB_DeactivateEndpoint
                0x080046c8      0x1b8 ./Drivers/STM32F4xx_HAL_Driver/Src/stm32f4xx_ll_usb.o
                0x080046c8                USB_DeactivateEndpoint
 .text.USB_EPStartXfer
                0x08004880      0x53c ./Drivers/STM32F4xx_HAL_Driver/Src/stm32f4xx_ll_usb.o
                0x08004880                USB_EPStartXfer
 .text.USB_EPStopXfer
                0x08004dbc      0x154 ./Drivers/STM32F4xx_HAL_Driver/Src/stm32f4xx_ll_usb.o
                0x08004dbc                USB_EPStopXfer
 .text.USB_WritePacket
                0x08004f10       0x7c ./Drivers/STM32F4xx_HAL_Driver/Src/stm32f4xx_ll_usb.o
                0x08004f10                USB_WritePacket
 .text.USB_ReadPacket
                0x08004f8c       0xb0 ./Drivers/STM32F4xx_HAL_Driver/Src/stm32f4xx_ll_usb.o
                0x08004f8c                USB_ReadPacket
 .text.USB_EPSetStall
                0x0800503c       0xdc ./Drivers/STM32F4xx_HAL_Driver/Src/stm32f4xx_ll_usb.o
                0x0800503c                USB_EPSetStall
 .text.USB_EPClearStall
                0x08005118       0xcc ./Drivers/STM32F4xx_HAL_Driver/Src/stm32f4xx_ll_usb.o
                0x08005118                USB_EPClearStall
 .text.USB_SetDevAddress
                0x080051e4       0x4c ./Drivers/STM32F4xx_HAL_Driver/Src/stm32f4xx_ll_usb.o
                0x080051e4                USB_SetDevAddress
 .text.USB_DevConnect
                0x08005230       0x42 ./Drivers/STM32F4xx_HAL_Driver/Src/stm32f4xx_ll_usb.o
                0x08005230                USB_DevConnect
 .text.USB_DevDisconnect
                0x08005272       0x42 ./Drivers/STM32F4xx_HAL_Driver/Src/stm32f4xx_ll_usb.o
                0x08005272                USB_DevDisconnect
 .text.USB_ReadInterrupts
                0x080052b4       0x26 ./Drivers/STM32F4xx_HAL_Driver/Src/stm32f4xx_ll_usb.o
                0x080052b4                USB_ReadInterrupts
 .text.USB_ReadDevAllOutEpInterrupt
                0x080052da       0x34 ./Drivers/STM32F4xx_HAL_Driver/Src/stm32f4xx_ll_usb.o
                0x080052da                USB_ReadDevAllOutEpInterrupt
 .text.USB_ReadDevAllInEpInterrupt
                0x0800530e       0x34 ./Drivers/STM32F4xx_HAL_Driver/Src/stm32f4xx_ll_usb.o
                0x0800530e                USB_ReadDevAllInEpInterrupt
 .text.USB_ReadDevOutEPInterrupt
                0x08005342       0x3c ./Drivers/STM32F4xx_HAL_Driver/Src/stm32f4xx_ll_usb.o
                0x08005342                USB_ReadDevOutEPInterrupt
 .text.USB_ReadDevInEPInterrupt
                0x0800537e       0x5c ./Drivers/STM32F4xx_HAL_Driver/Src/stm32f4xx_ll_usb.o
                0x0800537e                USB_ReadDevInEPInterrupt
 .text.USB_GetMode
                0x080053da       0x1c ./Drivers/STM32F4xx_HAL_Driver/Src/stm32f4xx_ll_usb.o
                0x080053da                USB_GetMode
 .text.USB_ActivateSetup
                0x080053f6       0x46 ./Drivers/STM32F4xx_HAL_Driver/Src/stm32f4xx_ll_usb.o
                0x080053f6                USB_ActivateSetup
 .text.USB_EP0_OutStart
                0x0800543c       0xbc ./Drivers/STM32F4xx_HAL_Driver/Src/stm32f4xx_ll_usb.o
                0x0800543c                USB_EP0_OutStart
 .text.USB_CoreReset
                0x080054f8       0x62 ./Drivers/STM32F4xx_HAL_Driver/Src/stm32f4xx_ll_usb.o
 *fill*         0x0800555a        0x2 
 .text.USBD_CDC_Init
                0x0800555c      0x1f0 ./Middlewares/ST/STM32_USB_Device_Library/Class/CDC/Src/usbd_cdc.o
 .text.USBD_CDC_DeInit
                0x0800574c      0x104 ./Middlewares/ST/STM32_USB_Device_Library/Class/CDC/Src/usbd_cdc.o
 .text.USBD_CDC_Setup
                0x08005850      0x1b8 ./Middlewares/ST/STM32_USB_Device_Library/Class/CDC/Src/usbd_cdc.o
 .text.USBD_CDC_DataIn
                0x08005a08       0xfe ./Middlewares/ST/STM32_USB_Device_Library/Class/CDC/Src/usbd_cdc.o
 .text.USBD_CDC_DataOut
                0x08005b06       0x70 ./Middlewares/ST/STM32_USB_Device_Library/Class/CDC/Src/usbd_cdc.o
 .text.USBD_CDC_EP0_RxReady
                0x08005b76       0x74 ./Middlewares/ST/STM32_USB_Device_Library/Class/CDC/Src/usbd_cdc.o
 *fill*         0x08005bea        0x2 
 .text.USBD_CDC_GetFSCfgDesc
                0x08005bec       0x70 ./Middlewares/ST/STM32_USB_Device_Library/Class/CDC/Src/usbd_cdc.o
 .text.USBD_CDC_GetHSCfgDesc
                0x08005c5c       0x70 ./Middlewares/ST/STM32_USB_Device_Library/Class/CDC/Src/usbd_cdc.o
 .text.USBD_CDC_GetOtherSpeedCfgDesc
                0x08005ccc       0x70 ./Middlewares/ST/STM32_USB_Device_Library/Class/CDC/Src/usbd_cdc.o
 .text.USBD_CDC_GetDeviceQualifierDescriptor
                0x08005d3c       0x20 ./Middlewares/ST/STM32_USB_Device_Library/Class/CDC/Src/usbd_cdc.o
                0x08005d3c                USBD_CDC_GetDeviceQualifierDescriptor
 .text.USBD_CDC_RegisterInterface
                0x08005d5c       0x34 ./Middlewares/ST/STM32_USB_Device_Library/Class/CDC/Src/usbd_cdc.o
                0x08005d5c                USBD_CDC_RegisterInterface
 .text.USBD_CDC_SetTxBuffer
                0x08005d90       0x44 ./Middlewares/ST/STM32_USB_Device_Library/Class/CDC/Src/usbd_cdc.o
                0x08005d90                USBD_CDC_SetTxBuffer
 .text.USBD_CDC_SetRxBuffer
                0x08005dd4       0x3a ./Middlewares/ST/STM32_USB_Device_Library/Class/CDC/Src/usbd_cdc.o
                0x08005dd4                USBD_CDC_SetRxBuffer
 *fill*         0x08005e0e        0x2 
 .text.USBD_CDC_ReceivePacket
                0x08005e10       0x6c ./Middlewares/ST/STM32_USB_Device_Library/Class/CDC/Src/usbd_cdc.o
                0x08005e10                USBD_CDC_ReceivePacket
 .text.USBD_Init
                0x08005e7c       0x60 ./Middlewares/ST/STM32_USB_Device_Library/Core/Src/usbd_core.o
                0x08005e7c                USBD_Init
 .text.USBD_RegisterClass
                0x08005edc       0x6c ./Middlewares/ST/STM32_USB_Device_Library/Core/Src/usbd_core.o
                0x08005edc                USBD_RegisterClass
 .text.USBD_Start
                0x08005f48       0x18 ./Middlewares/ST/STM32_USB_Device_Library/Core/Src/usbd_core.o
                0x08005f48                USBD_Start
 .text.USBD_RunTestMode
                0x08005f60       0x16 ./Middlewares/ST/STM32_USB_Device_Library/Core/Src/usbd_core.o
                0x08005f60                USBD_RunTestMode
 .text.USBD_SetClassConfig
                0x08005f76       0x38 ./Middlewares/ST/STM32_USB_Device_Library/Core/Src/usbd_core.o
                0x08005f76                USBD_SetClassConfig
 .text.USBD_ClrClassConfig
                0x08005fae       0x34 ./Middlewares/ST/STM32_USB_Device_Library/Core/Src/usbd_core.o
                0x08005fae                USBD_ClrClassConfig
 .text.USBD_LL_SetupStage
                0x08005fe2       0xaa ./Middlewares/ST/STM32_USB_Device_Library/Core/Src/usbd_core.o
                0x08005fe2                USBD_LL_SetupStage
 .text.USBD_LL_DataOutStage
                0x0800608c      0x166 ./Middlewares/ST/STM32_USB_Device_Library/Core/Src/usbd_core.o
                0x0800608c                USBD_LL_DataOutStage
 .text.USBD_LL_DataInStage
                0x080061f2      0x164 ./Middlewares/ST/STM32_USB_Device_Library/Core/Src/usbd_core.o
                0x080061f2                USBD_LL_DataInStage
 .text.USBD_LL_Reset
                0x08006356       0xa4 ./Middlewares/ST/STM32_USB_Device_Library/Core/Src/usbd_core.o
                0x08006356                USBD_LL_Reset
 .text.USBD_LL_SetSpeed
                0x080063fa       0x20 ./Middlewares/ST/STM32_USB_Device_Library/Core/Src/usbd_core.o
                0x080063fa                USBD_LL_SetSpeed
 .text.USBD_LL_Suspend
                0x0800641a       0x38 ./Middlewares/ST/STM32_USB_Device_Library/Core/Src/usbd_core.o
                0x0800641a                USBD_LL_Suspend
 .text.USBD_LL_Resume
                0x08006452       0x30 ./Middlewares/ST/STM32_USB_Device_Library/Core/Src/usbd_core.o
                0x08006452                USBD_LL_Resume
 .text.USBD_LL_SOF
                0x08006482       0x40 ./Middlewares/ST/STM32_USB_Device_Library/Core/Src/usbd_core.o
                0x08006482                USBD_LL_SOF
 .text.USBD_LL_IsoINIncomplete
                0x080064c2       0x64 ./Middlewares/ST/STM32_USB_Device_Library/Core/Src/usbd_core.o
                0x080064c2                USBD_LL_IsoINIncomplete
 .text.USBD_LL_IsoOUTIncomplete
                0x08006526       0x64 ./Middlewares/ST/STM32_USB_Device_Library/Core/Src/usbd_core.o
                0x08006526                USBD_LL_IsoOUTIncomplete
 .text.USBD_LL_DevConnected
                0x0800658a       0x16 ./Middlewares/ST/STM32_USB_Device_Library/Core/Src/usbd_core.o
                0x0800658a                USBD_LL_DevConnected
 .text.USBD_LL_DevDisconnected
                0x080065a0       0x46 ./Middlewares/ST/STM32_USB_Device_Library/Core/Src/usbd_core.o
                0x080065a0                USBD_LL_DevDisconnected
 .text.USBD_CoreFindIF
                0x080065e6       0x1a ./Middlewares/ST/STM32_USB_Device_Library/Core/Src/usbd_core.o
                0x080065e6                USBD_CoreFindIF
 .text.USBD_CoreFindEP
                0x08006600       0x1a ./Middlewares/ST/STM32_USB_Device_Library/Core/Src/usbd_core.o
                0x08006600                USBD_CoreFindEP
 .text.USBD_GetEpDesc
                0x0800661a       0x70 ./Middlewares/ST/STM32_USB_Device_Library/Core/Src/usbd_core.o
                0x0800661a                USBD_GetEpDesc
 .text.USBD_GetNextDesc
                0x0800668a       0x38 ./Middlewares/ST/STM32_USB_Device_Library/Core/Src/usbd_core.o
                0x0800668a                USBD_GetNextDesc
 .text.SWAPBYTE
                0x080066c2       0x3c ./Middlewares/ST/STM32_USB_Device_Library/Core/Src/usbd_ctlreq.o
 *fill*         0x080066fe        0x2 
 .text.USBD_StdDevReq
                0x08006700       0xe4 ./Middlewares/ST/STM32_USB_Device_Library/Core/Src/usbd_ctlreq.o
                0x08006700                USBD_StdDevReq
 .text.USBD_StdItfReq
                0x080067e4       0xd8 ./Middlewares/ST/STM32_USB_Device_Library/Core/Src/usbd_ctlreq.o
                0x080067e4                USBD_StdItfReq
 .text.USBD_StdEPReq
                0x080068bc      0x33a ./Middlewares/ST/STM32_USB_Device_Library/Core/Src/usbd_ctlreq.o
                0x080068bc                USBD_StdEPReq
 *fill*         0x08006bf6        0x2 
 .text.USBD_GetDescriptor
                0x08006bf8      0x2d4 ./Middlewares/ST/STM32_USB_Device_Library/Core/Src/usbd_ctlreq.o
 .text.USBD_SetAddress
                0x08006ecc       0x88 ./Middlewares/ST/STM32_USB_Device_Library/Core/Src/usbd_ctlreq.o
 .text.USBD_SetConfig
                0x08006f54      0x154 ./Middlewares/ST/STM32_USB_Device_Library/Core/Src/usbd_ctlreq.o
 .text.USBD_GetConfig
                0x080070a8       0x6c ./Middlewares/ST/STM32_USB_Device_Library/Core/Src/usbd_ctlreq.o
 .text.USBD_GetStatus
                0x08007114       0x68 ./Middlewares/ST/STM32_USB_Device_Library/Core/Src/usbd_ctlreq.o
 .text.USBD_SetFeature
                0x0800717c       0x52 ./Middlewares/ST/STM32_USB_Device_Library/Core/Src/usbd_ctlreq.o
 .text.USBD_ClrFeature
                0x080071ce       0x44 ./Middlewares/ST/STM32_USB_Device_Library/Core/Src/usbd_ctlreq.o
 .text.USBD_ParseSetupRequest
                0x08007212       0x74 ./Middlewares/ST/STM32_USB_Device_Library/Core/Src/usbd_ctlreq.o
                0x08007212                USBD_ParseSetupRequest
 .text.USBD_CtlError
                0x08007286       0x22 ./Middlewares/ST/STM32_USB_Device_Library/Core/Src/usbd_ctlreq.o
                0x08007286                USBD_CtlError
 .text.USBD_GetString
                0x080072a8       0xa4 ./Middlewares/ST/STM32_USB_Device_Library/Core/Src/usbd_ctlreq.o
                0x080072a8                USBD_GetString
 .text.USBD_GetLen
                0x0800734c       0x34 ./Middlewares/ST/STM32_USB_Device_Library/Core/Src/usbd_ctlreq.o
 .text.USBD_CtlSendData
                0x08007380       0x36 ./Middlewares/ST/STM32_USB_Device_Library/Core/Src/usbd_ioreq.o
                0x08007380                USBD_CtlSendData
 .text.USBD_CtlContinueSendData
                0x080073b6       0x22 ./Middlewares/ST/STM32_USB_Device_Library/Core/Src/usbd_ioreq.o
                0x080073b6                USBD_CtlContinueSendData
 .text.USBD_CtlPrepareRx
                0x080073d8       0x3a ./Middlewares/ST/STM32_USB_Device_Library/Core/Src/usbd_ioreq.o
                0x080073d8                USBD_CtlPrepareRx
 .text.USBD_CtlContinueRx
                0x08007412       0x22 ./Middlewares/ST/STM32_USB_Device_Library/Core/Src/usbd_ioreq.o
                0x08007412                USBD_CtlContinueRx
 .text.USBD_CtlSendStatus
                0x08007434       0x26 ./Middlewares/ST/STM32_USB_Device_Library/Core/Src/usbd_ioreq.o
                0x08007434                USBD_CtlSendStatus
 .text.USBD_CtlReceiveStatus
                0x0800745a       0x26 ./Middlewares/ST/STM32_USB_Device_Library/Core/Src/usbd_ioreq.o
                0x0800745a                USBD_CtlReceiveStatus
 .text.MX_USB_DEVICE_Init
                0x08007480       0x60 ./USB_DEVICE/App/usb_device.o
                0x08007480                MX_USB_DEVICE_Init
 .text.CDC_Init_FS
                0x080074e0       0x28 ./USB_DEVICE/App/usbd_cdc_if.o
 .text.CDC_DeInit_FS
                0x08007508       0x10 ./USB_DEVICE/App/usbd_cdc_if.o
 .text.CDC_Control_FS
                0x08007518       0xbc ./USB_DEVICE/App/usbd_cdc_if.o
 .text.CDC_Receive_FS
                0x080075d4       0x28 ./USB_DEVICE/App/usbd_cdc_if.o
 .text.CDC_TransmitCplt_FS
                0x080075fc       0x22 ./USB_DEVICE/App/usbd_cdc_if.o
 *fill*         0x0800761e        0x2 
 .text.USBD_FS_DeviceDescriptor
                0x08007620       0x24 ./USB_DEVICE/App/usbd_desc.o
                0x08007620                USBD_FS_DeviceDescriptor
 .text.USBD_FS_LangIDStrDescriptor
                0x08007644       0x24 ./USB_DEVICE/App/usbd_desc.o
                0x08007644                USBD_FS_LangIDStrDescriptor
 .text.USBD_FS_ProductStrDescriptor
                0x08007668       0x3c ./USB_DEVICE/App/usbd_desc.o
                0x08007668                USBD_FS_ProductStrDescriptor
 .text.USBD_FS_ManufacturerStrDescriptor
                0x080076a4       0x28 ./USB_DEVICE/App/usbd_desc.o
                0x080076a4                USBD_FS_ManufacturerStrDescriptor
 .text.USBD_FS_SerialStrDescriptor
                0x080076cc       0x24 ./USB_DEVICE/App/usbd_desc.o
                0x080076cc                USBD_FS_SerialStrDescriptor
 .text.USBD_FS_ConfigStrDescriptor
                0x080076f0       0x3c ./USB_DEVICE/App/usbd_desc.o
                0x080076f0                USBD_FS_ConfigStrDescriptor
 .text.USBD_FS_InterfaceStrDescriptor
                0x0800772c       0x3c ./USB_DEVICE/App/usbd_desc.o
                0x0800772c                USBD_FS_InterfaceStrDescriptor
 .text.Get_SerialNum
                0x08007768       0x58 ./USB_DEVICE/App/usbd_desc.o
 .text.IntToUnicode
                0x080077c0       0x7e ./USB_DEVICE/App/usbd_desc.o
 *fill*         0x0800783e        0x2 
 .text.HAL_PCD_MspInit
                0x08007840       0xa8 ./USB_DEVICE/Target/usbd_conf.o
                0x08007840                HAL_PCD_MspInit
 .text.HAL_PCD_SetupStageCallback
                0x080078e8       0x24 ./USB_DEVICE/Target/usbd_conf.o
                0x080078e8                HAL_PCD_SetupStageCallback
 .text.HAL_PCD_DataOutStageCallback
                0x0800790c       0x36 ./USB_DEVICE/Target/usbd_conf.o
                0x0800790c                HAL_PCD_DataOutStageCallback
 .text.HAL_PCD_DataInStageCallback
                0x08007942       0x34 ./USB_DEVICE/Target/usbd_conf.o
                0x08007942                HAL_PCD_DataInStageCallback
 .text.HAL_PCD_SOFCallback
                0x08007976       0x1c ./USB_DEVICE/Target/usbd_conf.o
                0x08007976                HAL_PCD_SOFCallback
 .text.HAL_PCD_ResetCallback
                0x08007992       0x3c ./USB_DEVICE/Target/usbd_conf.o
                0x08007992                HAL_PCD_ResetCallback
 *fill*         0x080079ce        0x2 
 .text.HAL_PCD_SuspendCallback
                0x080079d0       0x4c ./USB_DEVICE/Target/usbd_conf.o
                0x080079d0                HAL_PCD_SuspendCallback
 .text.HAL_PCD_ResumeCallback
                0x08007a1c       0x1c ./USB_DEVICE/Target/usbd_conf.o
                0x08007a1c                HAL_PCD_ResumeCallback
 .text.HAL_PCD_ISOOUTIncompleteCallback
                0x08007a38       0x24 ./USB_DEVICE/Target/usbd_conf.o
                0x08007a38                HAL_PCD_ISOOUTIncompleteCallback
 .text.HAL_PCD_ISOINIncompleteCallback
                0x08007a5c       0x24 ./USB_DEVICE/Target/usbd_conf.o
                0x08007a5c                HAL_PCD_ISOINIncompleteCallback
 .text.HAL_PCD_ConnectCallback
                0x08007a80       0x1c ./USB_DEVICE/Target/usbd_conf.o
                0x08007a80                HAL_PCD_ConnectCallback
 .text.HAL_PCD_DisconnectCallback
                0x08007a9c       0x1c ./USB_DEVICE/Target/usbd_conf.o
                0x08007a9c                HAL_PCD_DisconnectCallback
 .text.USBD_LL_Init
                0x08007ab8       0x98 ./USB_DEVICE/Target/usbd_conf.o
                0x08007ab8                USBD_LL_Init
 .text.USBD_LL_Start
                0x08007b50       0x36 ./USB_DEVICE/Target/usbd_conf.o
                0x08007b50                USBD_LL_Start
 .text.USBD_LL_OpenEP
                0x08007b86       0x4c ./USB_DEVICE/Target/usbd_conf.o
                0x08007b86                USBD_LL_OpenEP
 .text.USBD_LL_CloseEP
                0x08007bd2       0x3e ./USB_DEVICE/Target/usbd_conf.o
                0x08007bd2                USBD_LL_CloseEP
 .text.USBD_LL_StallEP
                0x08007c10       0x3e ./USB_DEVICE/Target/usbd_conf.o
                0x08007c10                USBD_LL_StallEP
 .text.USBD_LL_ClearStallEP
                0x08007c4e       0x3e ./USB_DEVICE/Target/usbd_conf.o
                0x08007c4e                USBD_LL_ClearStallEP
 .text.USBD_LL_IsStallEP
                0x08007c8c       0x58 ./USB_DEVICE/Target/usbd_conf.o
                0x08007c8c                USBD_LL_IsStallEP
 .text.USBD_LL_SetUSBAddress
                0x08007ce4       0x3e ./USB_DEVICE/Target/usbd_conf.o
                0x08007ce4                USBD_LL_SetUSBAddress
 .text.USBD_LL_Transmit
                0x08007d22       0x42 ./USB_DEVICE/Target/usbd_conf.o
                0x08007d22                USBD_LL_Transmit
 .text.USBD_LL_PrepareReceive
                0x08007d64       0x42 ./USB_DEVICE/Target/usbd_conf.o
                0x08007d64                USBD_LL_PrepareReceive
 .text.USBD_LL_GetRxDataSize
                0x08007da6       0x26 ./USB_DEVICE/Target/usbd_conf.o
                0x08007da6                USBD_LL_GetRxDataSize
 .text.USBD_static_malloc
                0x08007dcc       0x1c ./USB_DEVICE/Target/usbd_conf.o
                0x08007dcc                USBD_static_malloc
 .text.USBD_static_free
                0x08007de8       0x14 ./USB_DEVICE/Target/usbd_conf.o
                0x08007de8                USBD_static_free
 .text.USBD_Get_USB_Status
                0x08007dfc       0x58 ./USB_DEVICE/Target/usbd_conf.o
                0x08007dfc                USBD_Get_USB_Status
 .text.memset   0x08007e54       0x10 C:/ST/STM32CubeIDE_1.14.1/STM32CubeIDE/plugins/com.st.stm32cube.ide.mcu.externaltools.gnu-tools-for-stm32.12.3.rel1.win32_1.1.0.202410251130/tools/bin/../lib/gcc/arm-none-eabi/12.3.1/../../../../arm-none-eabi/lib/thumb/v7e-m+fp/hard\libc_nano.a(libc_a-memset.o)
                0x08007e54                memset
 .text.strncat  0x08007e64       0x26 C:/ST/STM32CubeIDE_1.14.1/STM32CubeIDE/plugins/com.st.stm32cube.ide.mcu.externaltools.gnu-tools-for-stm32.12.3.rel1.win32_1.1.0.202410251130/tools/bin/../lib/gcc/arm-none-eabi/12.3.1/../../../../arm-none-eabi/lib/thumb/v7e-m+fp/hard\libc_nano.a(libc_a-strncat.o)
                0x08007e64                strncat
 *fill*         0x08007e8a        0x2 
 .text.__libc_init_array
                0x08007e8c       0x48 C:/ST/STM32CubeIDE_1.14.1/STM32CubeIDE/plugins/com.st.stm32cube.ide.mcu.externaltools.gnu-tools-for-stm32.12.3.rel1.win32_1.1.0.202410251130/tools/bin/../lib/gcc/arm-none-eabi/12.3.1/../../../../arm-none-eabi/lib/thumb/v7e-m+fp/hard\libc_nano.a(libc_a-init.o)
                0x08007e8c                __libc_init_array
 *(.glue_7)
 .glue_7        0x08007ed4        0x0 linker stubs
 *(.glue_7t)
 .glue_7t       0x08007ed4        0x0 linker stubs
 *(.eh_frame)
 .eh_frame      0x08007ed4        0x0 C:/ST/STM32CubeIDE_1.14.1/STM32CubeIDE/plugins/com.st.stm32cube.ide.mcu.externaltools.gnu-tools-for-stm32.12.3.rel1.win32_1.1.0.202410251130/tools/bin/../lib/gcc/arm-none-eabi/12.3.1/thumb/v7e-m+fp/hard/crtbegin.o
 *(.init)
 .init          0x08007ed4        0x4 C:/ST/STM32CubeIDE_1.14.1/STM32CubeIDE/plugins/com.st.stm32cube.ide.mcu.externaltools.gnu-tools-for-stm32.12.3.rel1.win32_1.1.0.202410251130/tools/bin/../lib/gcc/arm-none-eabi/12.3.1/thumb/v7e-m+fp/hard/crti.o
                0x08007ed4                _init
 .init          0x08007ed8        0x8 C:/ST/STM32CubeIDE_1.14.1/STM32CubeIDE/plugins/com.st.stm32cube.ide.mcu.externaltools.gnu-tools-for-stm32.12.3.rel1.win32_1.1.0.202410251130/tools/bin/../lib/gcc/arm-none-eabi/12.3.1/thumb/v7e-m+fp/hard/crtn.o
 *(.fini)
 .fini          0x08007ee0        0x4 C:/ST/STM32CubeIDE_1.14.1/STM32CubeIDE/plugins/com.st.stm32cube.ide.mcu.externaltools.gnu-tools-for-stm32.12.3.rel1.win32_1.1.0.202410251130/tools/bin/../lib/gcc/arm-none-eabi/12.3.1/thumb/v7e-m+fp/hard/crti.o
                0x08007ee0                _fini
 .fini          0x08007ee4        0x8 C:/ST/STM32CubeIDE_1.14.1/STM32CubeIDE/plugins/com.st.stm32cube.ide.mcu.externaltools.gnu-tools-for-stm32.12.3.rel1.win32_1.1.0.202410251130/tools/bin/../lib/gcc/arm-none-eabi/12.3.1/thumb/v7e-m+fp/hard/crtn.o
                0x08007eec                        . = ALIGN (0x4)
                0x08007eec                        _etext = .

.vfp11_veneer   0x08007eec        0x0
 .vfp11_veneer  0x08007eec        0x0 linker stubs

.v4_bx          0x08007eec        0x0
 .v4_bx         0x08007eec        0x0 linker stubs

.iplt           0x08007eec        0x0
 .iplt          0x08007eec        0x0 C:/ST/STM32CubeIDE_1.14.1/STM32CubeIDE/plugins/com.st.stm32cube.ide.mcu.externaltools.gnu-tools-for-stm32.12.3.rel1.win32_1.1.0.202410251130/tools/bin/../lib/gcc/arm-none-eabi/12.3.1/thumb/v7e-m+fp/hard/crtbegin.o

.rodata         0x08007eec       0x68
                0x08007eec                        . = ALIGN (0x4)
 *(.rodata)
 .rodata        0x08007eec        0x6 ./Core/Src/main.o
 *fill*         0x08007ef2        0x2 
 .rodata        0x08007ef4       0x46 ./USB_DEVICE/App/usbd_desc.o
 *(.rodata*)
 *fill*         0x08007f3a        0x2 
 .rodata.AHBPrescTable
                0x08007f3c       0x10 ./Core/Src/system_stm32f4xx.o
                0x08007f3c                AHBPrescTable
 .rodata.APBPrescTable
                0x08007f4c        0x8 ./Core/Src/system_stm32f4xx.o
                0x08007f4c                APBPrescTable
                0x08007f54                        . = ALIGN (0x4)

.ARM.extab      0x08007f54        0x0
                0x08007f54                        . = ALIGN (0x4)
 *(.ARM.extab* .gnu.linkonce.armextab.*)
                0x08007f54                        . = ALIGN (0x4)

.ARM            0x08007f54        0x8
                0x08007f54                        . = ALIGN (0x4)
                0x08007f54                        __exidx_start = .
 *(.ARM.exidx*)
 .ARM.exidx     0x08007f54        0x8 C:/ST/STM32CubeIDE_1.14.1/STM32CubeIDE/plugins/com.st.stm32cube.ide.mcu.externaltools.gnu-tools-for-stm32.12.3.rel1.win32_1.1.0.202410251130/tools/bin/../lib/gcc/arm-none-eabi/12.3.1/../../../../arm-none-eabi/lib/thumb/v7e-m+fp/hard\libc_nano.a(libc_a-strlen.o)
 .ARM.exidx     0x08007f5c        0x0 C:/ST/STM32CubeIDE_1.14.1/STM32CubeIDE/plugins/com.st.stm32cube.ide.mcu.externaltools.gnu-tools-for-stm32.12.3.rel1.win32_1.1.0.202410251130/tools/bin/../lib/gcc/arm-none-eabi/12.3.1/thumb/v7e-m+fp/hard\libgcc.a(_udivmoddi4.o)
                                  0x8 (size before relaxing)
                0x08007f5c                        __exidx_end = .
                0x08007f5c                        . = ALIGN (0x4)

.preinit_array  0x08007f5c        0x0
                0x08007f5c                        . = ALIGN (0x4)
                0x08007f5c                        PROVIDE (__preinit_array_start = .)
 *(.preinit_array*)
                0x08007f5c                        PROVIDE (__preinit_array_end = .)
                0x08007f5c                        . = ALIGN (0x4)

.init_array     0x08007f5c        0x4
                0x08007f5c                        . = ALIGN (0x4)
                0x08007f5c                        PROVIDE (__init_array_start = .)
 *(SORT_BY_NAME(.init_array.*))
 *(.init_array*)
 .init_array    0x08007f5c        0x4 C:/ST/STM32CubeIDE_1.14.1/STM32CubeIDE/plugins/com.st.stm32cube.ide.mcu.externaltools.gnu-tools-for-stm32.12.3.rel1.win32_1.1.0.202410251130/tools/bin/../lib/gcc/arm-none-eabi/12.3.1/thumb/v7e-m+fp/hard/crtbegin.o
                0x08007f60                        PROVIDE (__init_array_end = .)
                0x08007f60                        . = ALIGN (0x4)

.fini_array     0x08007f60        0x4
                0x08007f60                        . = ALIGN (0x4)
                [!provide]                        PROVIDE (__fini_array_start = .)
 *(SORT_BY_NAME(.fini_array.*))
 *(.fini_array*)
 .fini_array    0x08007f60        0x4 C:/ST/STM32CubeIDE_1.14.1/STM32CubeIDE/plugins/com.st.stm32cube.ide.mcu.externaltools.gnu-tools-for-stm32.12.3.rel1.win32_1.1.0.202410251130/tools/bin/../lib/gcc/arm-none-eabi/12.3.1/thumb/v7e-m+fp/hard/crtbegin.o
                [!provide]                        PROVIDE (__fini_array_end = .)
                0x08007f64                        . = ALIGN (0x4)
                0x08007f64                        _sidata = LOADADDR (.data)

.rel.dyn        0x08007f64        0x0
 .rel.iplt      0x08007f64        0x0 C:/ST/STM32CubeIDE_1.14.1/STM32CubeIDE/plugins/com.st.stm32cube.ide.mcu.externaltools.gnu-tools-for-stm32.12.3.rel1.win32_1.1.0.202410251130/tools/bin/../lib/gcc/arm-none-eabi/12.3.1/thumb/v7e-m+fp/hard/crtbegin.o

.data           0x20000000       0xfc load address 0x08007f64
                0x20000000                        . = ALIGN (0x4)
                0x20000000                        _sdata = .
 *(.data)
 *(.data*)
 .data.SystemCoreClock
                0x20000000        0x4 ./Core/Src/system_stm32f4xx.o
                0x20000000                SystemCoreClock
 .data.uwTickPrio
                0x20000004        0x4 ./Drivers/STM32F4xx_HAL_Driver/Src/stm32f4xx_hal.o
                0x20000004                uwTickPrio
 .data.uwTickFreq
                0x20000008        0x1 ./Drivers/STM32F4xx_HAL_Driver/Src/stm32f4xx_hal.o
                0x20000008                uwTickFreq
 *fill*         0x20000009        0x3 
 .data.USBD_CDC_DeviceQualifierDesc
                0x2000000c        0xa ./Middlewares/ST/STM32_USB_Device_Library/Class/CDC/Src/usbd_cdc.o
 *fill*         0x20000016        0x2 
 .data.USBD_CDC
                0x20000018       0x38 ./Middlewares/ST/STM32_USB_Device_Library/Class/CDC/Src/usbd_cdc.o
                0x20000018                USBD_CDC
 .data.USBD_CDC_CfgDesc
                0x20000050       0x43 ./Middlewares/ST/STM32_USB_Device_Library/Class/CDC/Src/usbd_cdc.o
 .data.CDCInEpAdd
                0x20000093        0x1 ./Middlewares/ST/STM32_USB_Device_Library/Class/CDC/Src/usbd_cdc.o
 .data.CDCOutEpAdd
                0x20000094        0x1 ./Middlewares/ST/STM32_USB_Device_Library/Class/CDC/Src/usbd_cdc.o
 .data.CDCCmdEpAdd
                0x20000095        0x1 ./Middlewares/ST/STM32_USB_Device_Library/Class/CDC/Src/usbd_cdc.o
 *fill*         0x20000096        0x2 
 .data.USBD_Interface_fops_FS
                0x20000098       0x14 ./USB_DEVICE/App/usbd_cdc_if.o
                0x20000098                USBD_Interface_fops_FS
 .data.FS_Desc  0x200000ac       0x1c ./USB_DEVICE/App/usbd_desc.o
                0x200000ac                FS_Desc
 .data.USBD_FS_DeviceDesc
                0x200000c8       0x12 ./USB_DEVICE/App/usbd_desc.o
                0x200000c8                USBD_FS_DeviceDesc
 *fill*         0x200000da        0x2 
 .data.USBD_LangIDDesc
                0x200000dc        0x4 ./USB_DEVICE/App/usbd_desc.o
                0x200000dc                USBD_LangIDDesc
 .data.USBD_StringSerial
                0x200000e0       0x1a ./USB_DEVICE/App/usbd_desc.o
                0x200000e0                USBD_StringSerial
 *(.RamFunc)
 *(.RamFunc*)
                0x200000fc                        . = ALIGN (0x4)
 *fill*         0x200000fa        0x2 
                0x200000fc                        _edata = .

.igot.plt       0x200000fc        0x0 load address 0x08008060
 .igot.plt      0x200000fc        0x0 C:/ST/STM32CubeIDE_1.14.1/STM32CubeIDE/plugins/com.st.stm32cube.ide.mcu.externaltools.gnu-tools-for-stm32.12.3.rel1.win32_1.1.0.202410251130/tools/bin/../lib/gcc/arm-none-eabi/12.3.1/thumb/v7e-m+fp/hard/crtbegin.o
                0x200000fc                        . = ALIGN (0x4)

.bss            0x200000fc     0x1c84 load address 0x08008060
                0x200000fc                        _sbss = .
                0x200000fc                        __bss_start__ = _sbss
 *(.bss)
 .bss           0x200000fc       0x1c C:/ST/STM32CubeIDE_1.14.1/STM32CubeIDE/plugins/com.st.stm32cube.ide.mcu.externaltools.gnu-tools-for-stm32.12.3.rel1.win32_1.1.0.202410251130/tools/bin/../lib/gcc/arm-none-eabi/12.3.1/thumb/v7e-m+fp/hard/crtbegin.o
 *(.bss*)
 .bss.huart1    0x20000118       0x48 ./Core/Src/main.o
                0x20000118                huart1
 .bss.rxBuffer  0x20000160        0x1 ./Core/Src/main.o
                0x20000160                rxBuffer
 *fill*         0x20000161        0x3 
 .bss.assembledBuffer
                0x20000164       0x32 ./Core/Src/main.o
                0x20000164                assembledBuffer
 *fill*         0x20000196        0x2 
 .bss.uwTick    0x20000198        0x4 ./Drivers/STM32F4xx_HAL_Driver/Src/stm32f4xx_hal.o
                0x20000198                uwTick
 .bss.cfgidx.0  0x2000019c        0x1 ./Middlewares/ST/STM32_USB_Device_Library/Core/Src/usbd_ctlreq.o
 *fill*         0x2000019d        0x3 
 .bss.hUsbDeviceFS
                0x200001a0      0x2dc ./USB_DEVICE/App/usb_device.o
                0x200001a0                hUsbDeviceFS
 .bss.UserRxBufferFS
                0x2000047c      0x800 ./USB_DEVICE/App/usbd_cdc_if.o
                0x2000047c                UserRxBufferFS
 .bss.UserTxBufferFS
                0x20000c7c      0x800 ./USB_DEVICE/App/usbd_cdc_if.o
                0x20000c7c                UserTxBufferFS
 .bss.USBD_StrDesc
                0x2000147c      0x200 ./USB_DEVICE/App/usbd_desc.o
                0x2000147c                USBD_StrDesc
 .bss.hpcd_USB_OTG_FS
                0x2000167c      0x4e4 ./USB_DEVICE/Target/usbd_conf.o
                0x2000167c                hpcd_USB_OTG_FS
 .bss.mem.0     0x20001b60      0x220 ./USB_DEVICE/Target/usbd_conf.o
 *(COMMON)
                0x20001d80                        . = ALIGN (0x4)
                0x20001d80                        _ebss = .
                0x20001d80                        __bss_end__ = _ebss

._user_heap_stack
                0x20001d80      0x600 load address 0x08008060
                0x20001d80                        . = ALIGN (0x8)
                [!provide]                        PROVIDE (end = .)
                0x20001d80                        PROVIDE (_end = .)
                0x20001f80                        . = (. + _Min_Heap_Size)
 *fill*         0x20001d80      0x200 
                0x20002380                        . = (. + _Min_Stack_Size)
 *fill*         0x20001f80      0x400 
                0x20002380                        . = ALIGN (0x8)

/DISCARD/
 libc.a(*)
 libm.a(*)
 libgcc.a(*)

.ARM.attributes
                0x00000000       0x30
 *(.ARM.attributes)
 .ARM.attributes
                0x00000000       0x22 C:/ST/STM32CubeIDE_1.14.1/STM32CubeIDE/plugins/com.st.stm32cube.ide.mcu.externaltools.gnu-tools-for-stm32.12.3.rel1.win32_1.1.0.202410251130/tools/bin/../lib/gcc/arm-none-eabi/12.3.1/thumb/v7e-m+fp/hard/crti.o
 .ARM.attributes
                0x00000022       0x34 C:/ST/STM32CubeIDE_1.14.1/STM32CubeIDE/plugins/com.st.stm32cube.ide.mcu.externaltools.gnu-tools-for-stm32.12.3.rel1.win32_1.1.0.202410251130/tools/bin/../lib/gcc/arm-none-eabi/12.3.1/thumb/v7e-m+fp/hard/crtbegin.o
 .ARM.attributes
                0x00000056       0x34 ./Core/Src/main.o
 .ARM.attributes
                0x0000008a       0x34 ./Core/Src/stm32f4xx_hal_msp.o
 .ARM.attributes
                0x000000be       0x34 ./Core/Src/stm32f4xx_it.o
 .ARM.attributes
                0x000000f2       0x34 ./Core/Src/system_stm32f4xx.o
 .ARM.attributes
                0x00000126       0x21 ./Core/Startup/startup_stm32f411ceux.o
 .ARM.attributes
                0x00000147       0x34 ./Drivers/STM32F4xx_HAL_Driver/Src/stm32f4xx_hal.o
 .ARM.attributes
                0x0000017b       0x34 ./Drivers/STM32F4xx_HAL_Driver/Src/stm32f4xx_hal_cortex.o
 .ARM.attributes
                0x000001af       0x34 ./Drivers/STM32F4xx_HAL_Driver/Src/stm32f4xx_hal_dma.o
 .ARM.attributes
                0x000001e3       0x34 ./Drivers/STM32F4xx_HAL_Driver/Src/stm32f4xx_hal_gpio.o
 .ARM.attributes
                0x00000217       0x34 ./Drivers/STM32F4xx_HAL_Driver/Src/stm32f4xx_hal_pcd.o
 .ARM.attributes
                0x0000024b       0x34 ./Drivers/STM32F4xx_HAL_Driver/Src/stm32f4xx_hal_pcd_ex.o
 .ARM.attributes
                0x0000027f       0x34 ./Drivers/STM32F4xx_HAL_Driver/Src/stm32f4xx_hal_rcc.o
 .ARM.attributes
                0x000002b3       0x34 ./Drivers/STM32F4xx_HAL_Driver/Src/stm32f4xx_hal_uart.o
 .ARM.attributes
                0x000002e7       0x34 ./Drivers/STM32F4xx_HAL_Driver/Src/stm32f4xx_ll_usb.o
 .ARM.attributes
                0x0000031b       0x34 ./Middlewares/ST/STM32_USB_Device_Library/Class/CDC/Src/usbd_cdc.o
 .ARM.attributes
                0x0000034f       0x34 ./Middlewares/ST/STM32_USB_Device_Library/Core/Src/usbd_core.o
 .ARM.attributes
                0x00000383       0x34 ./Middlewares/ST/STM32_USB_Device_Library/Core/Src/usbd_ctlreq.o
 .ARM.attributes
                0x000003b7       0x34 ./Middlewares/ST/STM32_USB_Device_Library/Core/Src/usbd_ioreq.o
 .ARM.attributes
                0x000003eb       0x34 ./USB_DEVICE/App/usb_device.o
 .ARM.attributes
                0x0000041f       0x34 ./USB_DEVICE/App/usbd_cdc_if.o
 .ARM.attributes
                0x00000453       0x34 ./USB_DEVICE/App/usbd_desc.o
 .ARM.attributes
                0x00000487       0x34 ./USB_DEVICE/Target/usbd_conf.o
 .ARM.attributes
                0x000004bb       0x34 C:/ST/STM32CubeIDE_1.14.1/STM32CubeIDE/plugins/com.st.stm32cube.ide.mcu.externaltools.gnu-tools-for-stm32.12.3.rel1.win32_1.1.0.202410251130/tools/bin/../lib/gcc/arm-none-eabi/12.3.1/../../../../arm-none-eabi/lib/thumb/v7e-m+fp/hard\libc_nano.a(libc_a-memset.o)
 .ARM.attributes
                0x000004ef       0x34 C:/ST/STM32CubeIDE_1.14.1/STM32CubeIDE/plugins/com.st.stm32cube.ide.mcu.externaltools.gnu-tools-for-stm32.12.3.rel1.win32_1.1.0.202410251130/tools/bin/../lib/gcc/arm-none-eabi/12.3.1/../../../../arm-none-eabi/lib/thumb/v7e-m+fp/hard\libc_nano.a(libc_a-strncat.o)
 .ARM.attributes
                0x00000523       0x34 C:/ST/STM32CubeIDE_1.14.1/STM32CubeIDE/plugins/com.st.stm32cube.ide.mcu.externaltools.gnu-tools-for-stm32.12.3.rel1.win32_1.1.0.202410251130/tools/bin/../lib/gcc/arm-none-eabi/12.3.1/../../../../arm-none-eabi/lib/thumb/v7e-m+fp/hard\libc_nano.a(libc_a-init.o)
 .ARM.attributes
                0x00000557       0x17 C:/ST/STM32CubeIDE_1.14.1/STM32CubeIDE/plugins/com.st.stm32cube.ide.mcu.externaltools.gnu-tools-for-stm32.12.3.rel1.win32_1.1.0.202410251130/tools/bin/../lib/gcc/arm-none-eabi/12.3.1/../../../../arm-none-eabi/lib/thumb/v7e-m+fp/hard\libc_nano.a(libc_a-strlen.o)
 .ARM.attributes
                0x0000056e       0x22 C:/ST/STM32CubeIDE_1.14.1/STM32CubeIDE/plugins/com.st.stm32cube.ide.mcu.externaltools.gnu-tools-for-stm32.12.3.rel1.win32_1.1.0.202410251130/tools/bin/../lib/gcc/arm-none-eabi/12.3.1/thumb/v7e-m+fp/hard\libgcc.a(_aeabi_uldivmod.o)
 .ARM.attributes
                0x00000590       0x34 C:/ST/STM32CubeIDE_1.14.1/STM32CubeIDE/plugins/com.st.stm32cube.ide.mcu.externaltools.gnu-tools-for-stm32.12.3.rel1.win32_1.1.0.202410251130/tools/bin/../lib/gcc/arm-none-eabi/12.3.1/thumb/v7e-m+fp/hard\libgcc.a(_udivmoddi4.o)
 .ARM.attributes
                0x000005c4       0x22 C:/ST/STM32CubeIDE_1.14.1/STM32CubeIDE/plugins/com.st.stm32cube.ide.mcu.externaltools.gnu-tools-for-stm32.12.3.rel1.win32_1.1.0.202410251130/tools/bin/../lib/gcc/arm-none-eabi/12.3.1/thumb/v7e-m+fp/hard\libgcc.a(_dvmd_tls.o)
 .ARM.attributes
                0x000005e6       0x22 C:/ST/STM32CubeIDE_1.14.1/STM32CubeIDE/plugins/com.st.stm32cube.ide.mcu.externaltools.gnu-tools-for-stm32.12.3.rel1.win32_1.1.0.202410251130/tools/bin/../lib/gcc/arm-none-eabi/12.3.1/thumb/v7e-m+fp/hard/crtn.o
OUTPUT(TESTES_BLE_BLU.elf elf32-littlearm)
LOAD linker stubs
LOAD C:/ST/STM32CubeIDE_1.14.1/STM32CubeIDE/plugins/com.st.stm32cube.ide.mcu.externaltools.gnu-tools-for-stm32.12.3.rel1.win32_1.1.0.202410251130/tools/bin/../lib/gcc/arm-none-eabi/12.3.1/../../../../arm-none-eabi/lib/thumb/v7e-m+fp/hard\libc.a
LOAD C:/ST/STM32CubeIDE_1.14.1/STM32CubeIDE/plugins/com.st.stm32cube.ide.mcu.externaltools.gnu-tools-for-stm32.12.3.rel1.win32_1.1.0.202410251130/tools/bin/../lib/gcc/arm-none-eabi/12.3.1/../../../../arm-none-eabi/lib/thumb/v7e-m+fp/hard\libm.a
LOAD C:/ST/STM32CubeIDE_1.14.1/STM32CubeIDE/plugins/com.st.stm32cube.ide.mcu.externaltools.gnu-tools-for-stm32.12.3.rel1.win32_1.1.0.202410251130/tools/bin/../lib/gcc/arm-none-eabi/12.3.1/thumb/v7e-m+fp/hard\libgcc.a

.debug_info     0x00000000    0x11dea
 .debug_info    0x00000000      0xb9b ./Core/Src/main.o
 .debug_info    0x00000b9b      0xaf9 ./Core/Src/stm32f4xx_hal_msp.o
 .debug_info    0x00001694      0xadc ./Core/Src/stm32f4xx_it.o
 .debug_info    0x00002170      0x53e ./Core/Src/system_stm32f4xx.o
 .debug_info    0x000026ae       0x30 ./Core/Startup/startup_stm32f411ceux.o
 .debug_info    0x000026de      0x8c4 ./Drivers/STM32F4xx_HAL_Driver/Src/stm32f4xx_hal.o
 .debug_info    0x00002fa2      0xcfc ./Drivers/STM32F4xx_HAL_Driver/Src/stm32f4xx_hal_cortex.o
 .debug_info    0x00003c9e      0x8e6 ./Drivers/STM32F4xx_HAL_Driver/Src/stm32f4xx_hal_dma.o
 .debug_info    0x00004584      0x6f9 ./Drivers/STM32F4xx_HAL_Driver/Src/stm32f4xx_hal_gpio.o
 .debug_info    0x00004c7d     0x1577 ./Drivers/STM32F4xx_HAL_Driver/Src/stm32f4xx_hal_pcd.o
 .debug_info    0x000061f4      0x6ea ./Drivers/STM32F4xx_HAL_Driver/Src/stm32f4xx_hal_pcd_ex.o
 .debug_info    0x000068de      0x8f0 ./Drivers/STM32F4xx_HAL_Driver/Src/stm32f4xx_hal_rcc.o
 .debug_info    0x000071ce     0x2f56 ./Drivers/STM32F4xx_HAL_Driver/Src/stm32f4xx_hal_uart.o
 .debug_info    0x0000a124     0x1993 ./Drivers/STM32F4xx_HAL_Driver/Src/stm32f4xx_ll_usb.o
 .debug_info    0x0000bab7     0x12a3 ./Middlewares/ST/STM32_USB_Device_Library/Class/CDC/Src/usbd_cdc.o
 .debug_info    0x0000cd5a      0xe05 ./Middlewares/ST/STM32_USB_Device_Library/Core/Src/usbd_core.o
 .debug_info    0x0000db5f      0xade ./Middlewares/ST/STM32_USB_Device_Library/Core/Src/usbd_ctlreq.o
 .debug_info    0x0000e63d      0x755 ./Middlewares/ST/STM32_USB_Device_Library/Core/Src/usbd_ioreq.o
 .debug_info    0x0000ed92      0x701 ./USB_DEVICE/App/usb_device.o
 .debug_info    0x0000f493      0x8fa ./USB_DEVICE/App/usbd_cdc_if.o
 .debug_info    0x0000fd8d      0x458 ./USB_DEVICE/App/usbd_desc.o
 .debug_info    0x000101e5     0x1c05 ./USB_DEVICE/Target/usbd_conf.o

.debug_abbrev   0x00000000     0x307d
 .debug_abbrev  0x00000000      0x281 ./Core/Src/main.o
 .debug_abbrev  0x00000281      0x1cb ./Core/Src/stm32f4xx_hal_msp.o
 .debug_abbrev  0x0000044c      0x1da ./Core/Src/stm32f4xx_it.o
 .debug_abbrev  0x00000626      0x11a ./Core/Src/system_stm32f4xx.o
 .debug_abbrev  0x00000740       0x24 ./Core/Startup/startup_stm32f411ceux.o
 .debug_abbrev  0x00000764      0x24b ./Drivers/STM32F4xx_HAL_Driver/Src/stm32f4xx_hal.o
 .debug_abbrev  0x000009af      0x31d ./Drivers/STM32F4xx_HAL_Driver/Src/stm32f4xx_hal_cortex.o
 .debug_abbrev  0x00000ccc      0x221 ./Drivers/STM32F4xx_HAL_Driver/Src/stm32f4xx_hal_dma.o
 .debug_abbrev  0x00000eed      0x1d3 ./Drivers/STM32F4xx_HAL_Driver/Src/stm32f4xx_hal_gpio.o
 .debug_abbrev  0x000010c0      0x2b6 ./Drivers/STM32F4xx_HAL_Driver/Src/stm32f4xx_hal_pcd.o
 .debug_abbrev  0x00001376      0x1da ./Drivers/STM32F4xx_HAL_Driver/Src/stm32f4xx_hal_pcd_ex.o
 .debug_abbrev  0x00001550      0x2b6 ./Drivers/STM32F4xx_HAL_Driver/Src/stm32f4xx_hal_rcc.o
 .debug_abbrev  0x00001806      0x31b ./Drivers/STM32F4xx_HAL_Driver/Src/stm32f4xx_hal_uart.o
 .debug_abbrev  0x00001b21      0x2b3 ./Drivers/STM32F4xx_HAL_Driver/Src/stm32f4xx_ll_usb.o
 .debug_abbrev  0x00001dd4      0x2d2 ./Middlewares/ST/STM32_USB_Device_Library/Class/CDC/Src/usbd_cdc.o
 .debug_abbrev  0x000020a6      0x27c ./Middlewares/ST/STM32_USB_Device_Library/Core/Src/usbd_core.o
 .debug_abbrev  0x00002322      0x26f ./Middlewares/ST/STM32_USB_Device_Library/Core/Src/usbd_ctlreq.o
 .debug_abbrev  0x00002591      0x19a ./Middlewares/ST/STM32_USB_Device_Library/Core/Src/usbd_ioreq.o
 .debug_abbrev  0x0000272b      0x195 ./USB_DEVICE/App/usb_device.o
 .debug_abbrev  0x000028c0      0x29d ./USB_DEVICE/App/usbd_cdc_if.o
 .debug_abbrev  0x00002b5d      0x1e1 ./USB_DEVICE/App/usbd_desc.o
 .debug_abbrev  0x00002d3e      0x33f ./USB_DEVICE/Target/usbd_conf.o

.debug_aranges  0x00000000      0xe18
 .debug_aranges
                0x00000000       0x50 ./Core/Src/main.o
 .debug_aranges
                0x00000050       0x30 ./Core/Src/stm32f4xx_hal_msp.o
 .debug_aranges
                0x00000080       0x70 ./Core/Src/stm32f4xx_it.o
 .debug_aranges
                0x000000f0       0x28 ./Core/Src/system_stm32f4xx.o
 .debug_aranges
                0x00000118       0x28 ./Core/Startup/startup_stm32f411ceux.o
 .debug_aranges
                0x00000140       0xf0 ./Drivers/STM32F4xx_HAL_Driver/Src/stm32f4xx_hal.o
 .debug_aranges
                0x00000230      0x130 ./Drivers/STM32F4xx_HAL_Driver/Src/stm32f4xx_hal_cortex.o
 .debug_aranges
                0x00000360       0x90 ./Drivers/STM32F4xx_HAL_Driver/Src/stm32f4xx_hal_dma.o
 .debug_aranges
                0x000003f0       0x58 ./Drivers/STM32F4xx_HAL_Driver/Src/stm32f4xx_hal_gpio.o
 .debug_aranges
                0x00000448      0x148 ./Drivers/STM32F4xx_HAL_Driver/Src/stm32f4xx_hal_pcd.o
 .debug_aranges
                0x00000590       0x38 ./Drivers/STM32F4xx_HAL_Driver/Src/stm32f4xx_hal_pcd_ex.o
 .debug_aranges
                0x000005c8       0x88 ./Drivers/STM32F4xx_HAL_Driver/Src/stm32f4xx_hal_rcc.o
 .debug_aranges
                0x00000650      0x208 ./Drivers/STM32F4xx_HAL_Driver/Src/stm32f4xx_hal_uart.o
 .debug_aranges
                0x00000858      0x1a0 ./Drivers/STM32F4xx_HAL_Driver/Src/stm32f4xx_ll_usb.o
 .debug_aranges
                0x000009f8       0x90 ./Middlewares/ST/STM32_USB_Device_Library/Class/CDC/Src/usbd_cdc.o
 .debug_aranges
                0x00000a88       0xd8 ./Middlewares/ST/STM32_USB_Device_Library/Core/Src/usbd_core.o
 .debug_aranges
                0x00000b60       0x90 ./Middlewares/ST/STM32_USB_Device_Library/Core/Src/usbd_ctlreq.o
 .debug_aranges
                0x00000bf0       0x50 ./Middlewares/ST/STM32_USB_Device_Library/Core/Src/usbd_ioreq.o
 .debug_aranges
                0x00000c40       0x20 ./USB_DEVICE/App/usb_device.o
 .debug_aranges
                0x00000c60       0x48 ./USB_DEVICE/App/usbd_cdc_if.o
 .debug_aranges
                0x00000ca8       0x60 ./USB_DEVICE/App/usbd_desc.o
 .debug_aranges
                0x00000d08      0x110 ./USB_DEVICE/Target/usbd_conf.o

.debug_rnglists
                0x00000000      0xaa5
 .debug_rnglists
                0x00000000       0x39 ./Core/Src/main.o
 .debug_rnglists
                0x00000039       0x20 ./Core/Src/stm32f4xx_hal_msp.o
 .debug_rnglists
                0x00000059       0x4f ./Core/Src/stm32f4xx_it.o
 .debug_rnglists
                0x000000a8       0x1a ./Core/Src/system_stm32f4xx.o
 .debug_rnglists
                0x000000c2       0x19 ./Core/Startup/startup_stm32f411ceux.o
 .debug_rnglists
                0x000000db       0xaf ./Drivers/STM32F4xx_HAL_Driver/Src/stm32f4xx_hal.o
 .debug_rnglists
                0x0000018a       0xe0 ./Drivers/STM32F4xx_HAL_Driver/Src/stm32f4xx_hal_cortex.o
 .debug_rnglists
                0x0000026a       0x70 ./Drivers/STM32F4xx_HAL_Driver/Src/stm32f4xx_hal_dma.o
 .debug_rnglists
                0x000002da       0x3f ./Drivers/STM32F4xx_HAL_Driver/Src/stm32f4xx_hal_gpio.o
 .debug_rnglists
                0x00000319       0xfa ./Drivers/STM32F4xx_HAL_Driver/Src/stm32f4xx_hal_pcd.o
 .debug_rnglists
                0x00000413       0x26 ./Drivers/STM32F4xx_HAL_Driver/Src/stm32f4xx_hal_pcd_ex.o
 .debug_rnglists
                0x00000439       0x66 ./Drivers/STM32F4xx_HAL_Driver/Src/stm32f4xx_hal_rcc.o
 .debug_rnglists
                0x0000049f      0x1bc ./Drivers/STM32F4xx_HAL_Driver/Src/stm32f4xx_hal_uart.o
 .debug_rnglists
                0x0000065b      0x147 ./Drivers/STM32F4xx_HAL_Driver/Src/stm32f4xx_ll_usb.o
 .debug_rnglists
                0x000007a2       0x6c ./Middlewares/ST/STM32_USB_Device_Library/Class/CDC/Src/usbd_cdc.o
 .debug_rnglists
                0x0000080e       0xa1 ./Middlewares/ST/STM32_USB_Device_Library/Core/Src/usbd_core.o
 .debug_rnglists
                0x000008af       0x6e ./Middlewares/ST/STM32_USB_Device_Library/Core/Src/usbd_ctlreq.o
 .debug_rnglists
                0x0000091d       0x37 ./Middlewares/ST/STM32_USB_Device_Library/Core/Src/usbd_ioreq.o
 .debug_rnglists
                0x00000954       0x13 ./USB_DEVICE/App/usb_device.o
 .debug_rnglists
                0x00000967       0x32 ./USB_DEVICE/App/usbd_cdc_if.o
 .debug_rnglists
                0x00000999       0x43 ./USB_DEVICE/App/usbd_desc.o
 .debug_rnglists
                0x000009dc       0xc9 ./USB_DEVICE/Target/usbd_conf.o

.debug_macro    0x00000000    0x18350
 .debug_macro   0x00000000      0x3ac ./Core/Src/main.o
 .debug_macro   0x000003ac      0xab4 ./Core/Src/main.o
 .debug_macro   0x00000e60      0x29b ./Core/Src/main.o
 .debug_macro   0x000010fb       0x2e ./Core/Src/main.o
 .debug_macro   0x00001129       0x28 ./Core/Src/main.o
 .debug_macro   0x00001151       0x22 ./Core/Src/main.o
 .debug_macro   0x00001173       0x8e ./Core/Src/main.o
 .debug_macro   0x00001201       0x51 ./Core/Src/main.o
 .debug_macro   0x00001252      0x103 ./Core/Src/main.o
 .debug_macro   0x00001355       0x6a ./Core/Src/main.o
 .debug_macro   0x000013bf      0x1df ./Core/Src/main.o
 .debug_macro   0x0000159e       0x1c ./Core/Src/main.o
 .debug_macro   0x000015ba       0x22 ./Core/Src/main.o
 .debug_macro   0x000015dc       0xfb ./Core/Src/main.o
 .debug_macro   0x000016d7     0x1011 ./Core/Src/main.o
 .debug_macro   0x000026e8      0x11f ./Core/Src/main.o
 .debug_macro   0x00002807     0xb953 ./Core/Src/main.o
 .debug_macro   0x0000e15a       0x6d ./Core/Src/main.o
 .debug_macro   0x0000e1c7     0x369a ./Core/Src/main.o
 .debug_macro   0x00011861      0x189 ./Core/Src/main.o
 .debug_macro   0x000119ea       0x5c ./Core/Src/main.o
 .debug_macro   0x00011a46      0x45c ./Core/Src/main.o
 .debug_macro   0x00011ea2      0x9e9 ./Core/Src/main.o
 .debug_macro   0x0001288b      0x115 ./Core/Src/main.o
 .debug_macro   0x000129a0      0x11b ./Core/Src/main.o
 .debug_macro   0x00012abb       0xa5 ./Core/Src/main.o
 .debug_macro   0x00012b60      0x15f ./Core/Src/main.o
 .debug_macro   0x00012cbf      0x287 ./Core/Src/main.o
 .debug_macro   0x00012f46       0x5f ./Core/Src/main.o
 .debug_macro   0x00012fa5      0x236 ./Core/Src/main.o
 .debug_macro   0x000131db      0x132 ./Core/Src/main.o
 .debug_macro   0x0001330d      0x264 ./Core/Src/main.o
 .debug_macro   0x00013571       0x2e ./Core/Src/main.o
 .debug_macro   0x0001359f      0x127 ./Core/Src/main.o
 .debug_macro   0x000136c6       0x85 ./Core/Src/main.o
 .debug_macro   0x0001374b       0x89 ./Core/Src/main.o
 .debug_macro   0x000137d4      0x2aa ./Core/Src/main.o
 .debug_macro   0x00013a7e      0x293 ./Core/Src/main.o
 .debug_macro   0x00013d11       0xba ./Core/Src/main.o
 .debug_macro   0x00013dcb      0x126 ./Core/Src/main.o
 .debug_macro   0x00013ef1       0x61 ./Core/Src/main.o
 .debug_macro   0x00013f52       0x2a ./Core/Src/main.o
 .debug_macro   0x00013f7c       0x43 ./Core/Src/main.o
 .debug_macro   0x00013fbf       0x34 ./Core/Src/main.o
 .debug_macro   0x00013ff3       0x16 ./Core/Src/main.o
 .debug_macro   0x00014009       0x35 ./Core/Src/main.o
 .debug_macro   0x0001403e      0x369 ./Core/Src/main.o
 .debug_macro   0x000143a7       0x10 ./Core/Src/main.o
 .debug_macro   0x000143b7       0x16 ./Core/Src/main.o
 .debug_macro   0x000143cd       0x43 ./Core/Src/main.o
 .debug_macro   0x00014410       0x34 ./Core/Src/main.o
 .debug_macro   0x00014444       0x10 ./Core/Src/main.o
 .debug_macro   0x00014454       0x58 ./Core/Src/main.o
 .debug_macro   0x000144ac       0x8e ./Core/Src/main.o
 .debug_macro   0x0001453a       0x1c ./Core/Src/main.o
 .debug_macro   0x00014556      0x177 ./Core/Src/main.o
 .debug_macro   0x000146cd       0x16 ./Core/Src/main.o
 .debug_macro   0x000146e3       0x16 ./Core/Src/main.o
 .debug_macro   0x000146f9      0x146 ./Core/Src/main.o
 .debug_macro   0x0001483f       0x16 ./Core/Src/main.o
 .debug_macro   0x00014855       0x16 ./Core/Src/main.o
 .debug_macro   0x0001486b       0x29 ./Core/Src/main.o
 .debug_macro   0x00014894       0x16 ./Core/Src/main.o
 .debug_macro   0x000148aa       0x20 ./Core/Src/main.o
 .debug_macro   0x000148ca       0x65 ./Core/Src/main.o
 .debug_macro   0x0001492f      0x20f ./Core/Src/main.o
 .debug_macro   0x00014b3e       0x95 ./Core/Src/main.o
 .debug_macro   0x00014bd3       0x10 ./Core/Src/main.o
 .debug_macro   0x00014be3      0x1e8 ./Core/Src/stm32f4xx_hal_msp.o
 .debug_macro   0x00014dcb      0x1f2 ./Core/Src/stm32f4xx_it.o
 .debug_macro   0x00014fbd      0x1de ./Core/Src/system_stm32f4xx.o
 .debug_macro   0x0001519b      0x23e ./Drivers/STM32F4xx_HAL_Driver/Src/stm32f4xx_hal.o
 .debug_macro   0x000153d9      0x1de ./Drivers/STM32F4xx_HAL_Driver/Src/stm32f4xx_hal_cortex.o
 .debug_macro   0x000155b7      0x1e4 ./Drivers/STM32F4xx_HAL_Driver/Src/stm32f4xx_hal_dma.o
 .debug_macro   0x0001579b      0x1e4 ./Drivers/STM32F4xx_HAL_Driver/Src/stm32f4xx_hal_gpio.o
 .debug_macro   0x0001597f      0x1ea ./Drivers/STM32F4xx_HAL_Driver/Src/stm32f4xx_hal_pcd.o
 .debug_macro   0x00015b69      0x1de ./Drivers/STM32F4xx_HAL_Driver/Src/stm32f4xx_hal_pcd_ex.o
 .debug_macro   0x00015d47      0x202 ./Drivers/STM32F4xx_HAL_Driver/Src/stm32f4xx_hal_rcc.o
 .debug_macro   0x00015f49      0x1df ./Drivers/STM32F4xx_HAL_Driver/Src/stm32f4xx_hal_uart.o
 .debug_macro   0x00016128      0x1de ./Drivers/STM32F4xx_HAL_Driver/Src/stm32f4xx_ll_usb.o
 .debug_macro   0x00016306      0x377 ./Middlewares/ST/STM32_USB_Device_Library/Class/CDC/Src/usbd_cdc.o
 .debug_macro   0x0001667d       0x9e ./Middlewares/ST/STM32_USB_Device_Library/Class/CDC/Src/usbd_cdc.o
 .debug_macro   0x0001671b      0x10b ./Middlewares/ST/STM32_USB_Device_Library/Class/CDC/Src/usbd_cdc.o
 .debug_macro   0x00016826       0x56 ./Middlewares/ST/STM32_USB_Device_Library/Class/CDC/Src/usbd_cdc.o
 .debug_macro   0x0001687c      0x35e ./Middlewares/ST/STM32_USB_Device_Library/Core/Src/usbd_core.o
 .debug_macro   0x00016bda      0x215 ./Middlewares/ST/STM32_USB_Device_Library/Core/Src/usbd_core.o
 .debug_macro   0x00016def      0x368 ./Middlewares/ST/STM32_USB_Device_Library/Core/Src/usbd_ctlreq.o
 .debug_macro   0x00017157      0x364 ./Middlewares/ST/STM32_USB_Device_Library/Core/Src/usbd_ioreq.o
 .debug_macro   0x000174bb      0x39d ./USB_DEVICE/App/usb_device.o
 .debug_macro   0x00017858       0x22 ./USB_DEVICE/App/usb_device.o
 .debug_macro   0x0001787a       0x16 ./USB_DEVICE/App/usb_device.o
 .debug_macro   0x00017890      0x382 ./USB_DEVICE/App/usbd_cdc_if.o
 .debug_macro   0x00017c12      0x3a1 ./USB_DEVICE/App/usbd_desc.o
 .debug_macro   0x00017fb3       0x1c ./USB_DEVICE/App/usbd_desc.o
 .debug_macro   0x00017fcf      0x381 ./USB_DEVICE/Target/usbd_conf.o

.debug_line     0x00000000    0x13064
 .debug_line    0x00000000      0xb3f ./Core/Src/main.o
 .debug_line    0x00000b3f      0x7ac ./Core/Src/stm32f4xx_hal_msp.o
 .debug_line    0x000012eb      0x84f ./Core/Src/stm32f4xx_it.o
 .debug_line    0x00001b3a      0x7e1 ./Core/Src/system_stm32f4xx.o
 .debug_line    0x0000231b       0x7a ./Core/Startup/startup_stm32f411ceux.o
 .debug_line    0x00002395      0xa4a ./Drivers/STM32F4xx_HAL_Driver/Src/stm32f4xx_hal.o
 .debug_line    0x00002ddf      0xd3c ./Drivers/STM32F4xx_HAL_Driver/Src/stm32f4xx_hal_cortex.o
 .debug_line    0x00003b1b      0xfba ./Drivers/STM32F4xx_HAL_Driver/Src/stm32f4xx_hal_dma.o
 .debug_line    0x00004ad5      0xb9a ./Drivers/STM32F4xx_HAL_Driver/Src/stm32f4xx_hal_gpio.o
 .debug_line    0x0000566f     0x1533 ./Drivers/STM32F4xx_HAL_Driver/Src/stm32f4xx_hal_pcd.o
 .debug_line    0x00006ba2      0x827 ./Drivers/STM32F4xx_HAL_Driver/Src/stm32f4xx_hal_pcd_ex.o
 .debug_line    0x000073c9      0xdd3 ./Drivers/STM32F4xx_HAL_Driver/Src/stm32f4xx_hal_rcc.o
 .debug_line    0x0000819c     0x291c ./Drivers/STM32F4xx_HAL_Driver/Src/stm32f4xx_hal_uart.o
 .debug_line    0x0000aab8     0x1dc9 ./Drivers/STM32F4xx_HAL_Driver/Src/stm32f4xx_ll_usb.o
 .debug_line    0x0000c881      0xee0 ./Middlewares/ST/STM32_USB_Device_Library/Class/CDC/Src/usbd_cdc.o
 .debug_line    0x0000d761      0xf5a ./Middlewares/ST/STM32_USB_Device_Library/Core/Src/usbd_core.o
 .debug_line    0x0000e6bb     0x116a ./Middlewares/ST/STM32_USB_Device_Library/Core/Src/usbd_ctlreq.o
 .debug_line    0x0000f825      0xa74 ./Middlewares/ST/STM32_USB_Device_Library/Core/Src/usbd_ioreq.o
 .debug_line    0x00010299      0xa30 ./USB_DEVICE/App/usb_device.o
 .debug_line    0x00010cc9      0xa93 ./USB_DEVICE/App/usbd_cdc_if.o
 .debug_line    0x0001175c      0xaf9 ./USB_DEVICE/App/usbd_desc.o
 .debug_line    0x00012255      0xe0f ./USB_DEVICE/Target/usbd_conf.o

.debug_str      0x00000000    0x89ae3
 .debug_str     0x00000000    0x85cc2 ./Core/Src/main.o
                              0x8600d (size before relaxing)
 .debug_str     0x00085cc2      0x4a2 ./Core/Src/stm32f4xx_hal_msp.o
                              0x81bd5 (size before relaxing)
 .debug_str     0x00086164      0x486 ./Core/Src/stm32f4xx_it.o
                              0x81aac (size before relaxing)
 .debug_str     0x000865ea       0xdb ./Core/Src/system_stm32f4xx.o
                              0x8138a (size before relaxing)
 .debug_str     0x000866c5       0x44 ./Core/Startup/startup_stm32f411ceux.o
                                 0x85 (size before relaxing)
 .debug_str     0x00086709      0x60d ./Drivers/STM32F4xx_HAL_Driver/Src/stm32f4xx_hal.o
                              0x81db6 (size before relaxing)
 .debug_str     0x00086d16      0x36b ./Drivers/STM32F4xx_HAL_Driver/Src/stm32f4xx_hal_cortex.o
                              0x81b20 (size before relaxing)
 .debug_str     0x00087081      0x322 ./Drivers/STM32F4xx_HAL_Driver/Src/stm32f4xx_hal_dma.o
                              0x81792 (size before relaxing)
 .debug_str     0x000873a3      0x15d ./Drivers/STM32F4xx_HAL_Driver/Src/stm32f4xx_hal_gpio.o
                              0x81505 (size before relaxing)
 .debug_str     0x00087500      0x831 ./Drivers/STM32F4xx_HAL_Driver/Src/stm32f4xx_hal_pcd.o
                              0x81e56 (size before relaxing)
 .debug_str     0x00087d31      0x115 ./Drivers/STM32F4xx_HAL_Driver/Src/stm32f4xx_hal_pcd_ex.o
                              0x81746 (size before relaxing)
 .debug_str     0x00087e46      0x21f ./Drivers/STM32F4xx_HAL_Driver/Src/stm32f4xx_hal_rcc.o
                              0x817be (size before relaxing)
 .debug_str     0x00088065      0x5c6 ./Drivers/STM32F4xx_HAL_Driver/Src/stm32f4xx_hal_uart.o
                              0x81d8d (size before relaxing)
 .debug_str     0x0008862b      0x4b0 ./Drivers/STM32F4xx_HAL_Driver/Src/stm32f4xx_ll_usb.o
                              0x81d31 (size before relaxing)
 .debug_str     0x00088adb      0x6e1 ./Middlewares/ST/STM32_USB_Device_Library/Class/CDC/Src/usbd_cdc.o
                              0x86349 (size before relaxing)
 .debug_str     0x000891bc      0x35c ./Middlewares/ST/STM32_USB_Device_Library/Core/Src/usbd_core.o
                              0x85ca2 (size before relaxing)
 .debug_str     0x00089518      0x139 ./Middlewares/ST/STM32_USB_Device_Library/Core/Src/usbd_ctlreq.o
                              0x85acd (size before relaxing)
 .debug_str     0x00089651       0x51 ./Middlewares/ST/STM32_USB_Device_Library/Core/Src/usbd_ioreq.o
                              0x859a2 (size before relaxing)
 .debug_str     0x000896a2       0xc6 ./USB_DEVICE/App/usb_device.o
                              0x85d55 (size before relaxing)
 .debug_str     0x00089768       0x9a ./USB_DEVICE/App/usbd_cdc_if.o
                              0x85d95 (size before relaxing)
 .debug_str     0x00089802      0x26e ./USB_DEVICE/App/usbd_desc.o
                              0x858a2 (size before relaxing)
 .debug_str     0x00089a70       0x73 ./USB_DEVICE/Target/usbd_conf.o
                              0x86a51 (size before relaxing)

.comment        0x00000000       0x43
 .comment       0x00000000       0x43 ./Core/Src/main.o
                                 0x44 (size before relaxing)
 .comment       0x00000043       0x44 ./Core/Src/stm32f4xx_hal_msp.o
 .comment       0x00000043       0x44 ./Core/Src/stm32f4xx_it.o
 .comment       0x00000043       0x44 ./Core/Src/system_stm32f4xx.o
 .comment       0x00000043       0x44 ./Drivers/STM32F4xx_HAL_Driver/Src/stm32f4xx_hal.o
 .comment       0x00000043       0x44 ./Drivers/STM32F4xx_HAL_Driver/Src/stm32f4xx_hal_cortex.o
 .comment       0x00000043       0x44 ./Drivers/STM32F4xx_HAL_Driver/Src/stm32f4xx_hal_dma.o
 .comment       0x00000043       0x44 ./Drivers/STM32F4xx_HAL_Driver/Src/stm32f4xx_hal_gpio.o
 .comment       0x00000043       0x44 ./Drivers/STM32F4xx_HAL_Driver/Src/stm32f4xx_hal_pcd.o
 .comment       0x00000043       0x44 ./Drivers/STM32F4xx_HAL_Driver/Src/stm32f4xx_hal_pcd_ex.o
 .comment       0x00000043       0x44 ./Drivers/STM32F4xx_HAL_Driver/Src/stm32f4xx_hal_rcc.o
 .comment       0x00000043       0x44 ./Drivers/STM32F4xx_HAL_Driver/Src/stm32f4xx_hal_uart.o
 .comment       0x00000043       0x44 ./Drivers/STM32F4xx_HAL_Driver/Src/stm32f4xx_ll_usb.o
 .comment       0x00000043       0x44 ./Middlewares/ST/STM32_USB_Device_Library/Class/CDC/Src/usbd_cdc.o
 .comment       0x00000043       0x44 ./Middlewares/ST/STM32_USB_Device_Library/Core/Src/usbd_core.o
 .comment       0x00000043       0x44 ./Middlewares/ST/STM32_USB_Device_Library/Core/Src/usbd_ctlreq.o
 .comment       0x00000043       0x44 ./Middlewares/ST/STM32_USB_Device_Library/Core/Src/usbd_ioreq.o
 .comment       0x00000043       0x44 ./USB_DEVICE/App/usb_device.o
 .comment       0x00000043       0x44 ./USB_DEVICE/App/usbd_cdc_if.o
 .comment       0x00000043       0x44 ./USB_DEVICE/App/usbd_desc.o
 .comment       0x00000043       0x44 ./USB_DEVICE/Target/usbd_conf.o

.debug_frame    0x00000000     0x3968
 .debug_frame   0x00000000       0xf4 ./Core/Src/main.o
 .debug_frame   0x000000f4       0x80 ./Core/Src/stm32f4xx_hal_msp.o
 .debug_frame   0x00000174      0x13c ./Core/Src/stm32f4xx_it.o
 .debug_frame   0x000002b0       0x58 ./Core/Src/system_stm32f4xx.o
 .debug_frame   0x00000308      0x374 ./Drivers/STM32F4xx_HAL_Driver/Src/stm32f4xx_hal.o
 .debug_frame   0x0000067c      0x508 ./Drivers/STM32F4xx_HAL_Driver/Src/stm32f4xx_hal_cortex.o
 .debug_frame   0x00000b84      0x250 ./Drivers/STM32F4xx_HAL_Driver/Src/stm32f4xx_hal_dma.o
 .debug_frame   0x00000dd4      0x14c ./Drivers/STM32F4xx_HAL_Driver/Src/stm32f4xx_hal_gpio.o
 .debug_frame   0x00000f20      0x5b8 ./Drivers/STM32F4xx_HAL_Driver/Src/stm32f4xx_hal_pcd.o
 .debug_frame   0x000014d8       0xb0 ./Drivers/STM32F4xx_HAL_Driver/Src/stm32f4xx_hal_pcd_ex.o
 .debug_frame   0x00001588      0x1f4 ./Drivers/STM32F4xx_HAL_Driver/Src/stm32f4xx_hal_rcc.o
 .debug_frame   0x0000177c      0x954 ./Drivers/STM32F4xx_HAL_Driver/Src/stm32f4xx_hal_uart.o
 .debug_frame   0x000020d0      0x7c0 ./Drivers/STM32F4xx_HAL_Driver/Src/stm32f4xx_ll_usb.o
 .debug_frame   0x00002890      0x23c ./Middlewares/ST/STM32_USB_Device_Library/Class/CDC/Src/usbd_cdc.o
 .debug_frame   0x00002acc      0x390 ./Middlewares/ST/STM32_USB_Device_Library/Core/Src/usbd_core.o
 .debug_frame   0x00002e5c      0x23c ./Middlewares/ST/STM32_USB_Device_Library/Core/Src/usbd_ctlreq.o
 .debug_frame   0x00003098      0x10c ./Middlewares/ST/STM32_USB_Device_Library/Core/Src/usbd_ioreq.o
 .debug_frame   0x000031a4       0x2c ./USB_DEVICE/App/usb_device.o
 .debug_frame   0x000031d0       0xe4 ./USB_DEVICE/App/usbd_cdc_if.o
 .debug_frame   0x000032b4      0x160 ./USB_DEVICE/App/usbd_desc.o
 .debug_frame   0x00003414      0x47c ./USB_DEVICE/Target/usbd_conf.o
 .debug_frame   0x00003890       0x20 C:/ST/STM32CubeIDE_1.14.1/STM32CubeIDE/plugins/com.st.stm32cube.ide.mcu.externaltools.gnu-tools-for-stm32.12.3.rel1.win32_1.1.0.202410251130/tools/bin/../lib/gcc/arm-none-eabi/12.3.1/../../../../arm-none-eabi/lib/thumb/v7e-m+fp/hard\libc_nano.a(libc_a-memset.o)
 .debug_frame   0x000038b0       0x2c C:/ST/STM32CubeIDE_1.14.1/STM32CubeIDE/plugins/com.st.stm32cube.ide.mcu.externaltools.gnu-tools-for-stm32.12.3.rel1.win32_1.1.0.202410251130/tools/bin/../lib/gcc/arm-none-eabi/12.3.1/../../../../arm-none-eabi/lib/thumb/v7e-m+fp/hard\libc_nano.a(libc_a-strncat.o)
 .debug_frame   0x000038dc       0x2c C:/ST/STM32CubeIDE_1.14.1/STM32CubeIDE/plugins/com.st.stm32cube.ide.mcu.externaltools.gnu-tools-for-stm32.12.3.rel1.win32_1.1.0.202410251130/tools/bin/../lib/gcc/arm-none-eabi/12.3.1/../../../../arm-none-eabi/lib/thumb/v7e-m+fp/hard\libc_nano.a(libc_a-init.o)
 .debug_frame   0x00003908       0x2c C:/ST/STM32CubeIDE_1.14.1/STM32CubeIDE/plugins/com.st.stm32cube.ide.mcu.externaltools.gnu-tools-for-stm32.12.3.rel1.win32_1.1.0.202410251130/tools/bin/../lib/gcc/arm-none-eabi/12.3.1/thumb/v7e-m+fp/hard\libgcc.a(_aeabi_uldivmod.o)
 .debug_frame   0x00003934       0x34 C:/ST/STM32CubeIDE_1.14.1/STM32CubeIDE/plugins/com.st.stm32cube.ide.mcu.externaltools.gnu-tools-for-stm32.12.3.rel1.win32_1.1.0.202410251130/tools/bin/../lib/gcc/arm-none-eabi/12.3.1/thumb/v7e-m+fp/hard\libgcc.a(_udivmoddi4.o)

.debug_line_str
                0x00000000       0x69
 .debug_line_str
                0x00000000       0x69 ./Core/Startup/startup_stm32f411ceux.o
